Archive member included to satisfy reference by file (symbol)

/usr/lib/gcc/arm-none-eabi/7.3.1/thumb/v6-m/libgcc.a(_dvmd_tls.o)
                              CMakeFiles/serial04.dir/home/robin/pico/pico-sdk/src/rp2_common/pico_divider/divider.S.obj (__aeabi_idiv0)
/usr/lib/gcc/arm-none-eabi/7.3.1/../../../arm-none-eabi/lib/thumb/v6-m/libc.a(lib_a-atexit.o)
                              /usr/lib/gcc/arm-none-eabi/7.3.1/../../../arm-none-eabi/lib/thumb/v6-m/crt0.o (atexit)
/usr/lib/gcc/arm-none-eabi/7.3.1/../../../arm-none-eabi/lib/thumb/v6-m/libc.a(lib_a-calloc.o)
                              CMakeFiles/serial04.dir/home/robin/pico/pico-sdk/src/rp2_common/pico_malloc/pico_malloc.c.obj (calloc)
/usr/lib/gcc/arm-none-eabi/7.3.1/../../../arm-none-eabi/lib/thumb/v6-m/libc.a(lib_a-callocr.o)
                              /usr/lib/gcc/arm-none-eabi/7.3.1/../../../arm-none-eabi/lib/thumb/v6-m/libc.a(lib_a-calloc.o) (_calloc_r)
/usr/lib/gcc/arm-none-eabi/7.3.1/../../../arm-none-eabi/lib/thumb/v6-m/libc.a(lib_a-fgets.o)
                              CMakeFiles/serial04.dir/serial04.c.obj (fgets)
/usr/lib/gcc/arm-none-eabi/7.3.1/../../../arm-none-eabi/lib/thumb/v6-m/libc.a(lib_a-findfp.o)
                              /usr/lib/gcc/arm-none-eabi/7.3.1/../../../arm-none-eabi/lib/thumb/v6-m/libc.a(lib_a-fgets.o) (__sinit)
/usr/lib/gcc/arm-none-eabi/7.3.1/../../../arm-none-eabi/lib/thumb/v6-m/libc.a(lib_a-fini.o)
                              /usr/lib/gcc/arm-none-eabi/7.3.1/../../../arm-none-eabi/lib/thumb/v6-m/crt0.o (__libc_fini_array)
/usr/lib/gcc/arm-none-eabi/7.3.1/../../../arm-none-eabi/lib/thumb/v6-m/libc.a(lib_a-fwalk.o)
                              /usr/lib/gcc/arm-none-eabi/7.3.1/../../../arm-none-eabi/lib/thumb/v6-m/libc.a(lib_a-findfp.o) (_fwalk)
/usr/lib/gcc/arm-none-eabi/7.3.1/../../../arm-none-eabi/lib/thumb/v6-m/libc.a(lib_a-impure.o)
                              /usr/lib/gcc/arm-none-eabi/7.3.1/../../../arm-none-eabi/lib/thumb/v6-m/libc.a(lib_a-findfp.o) (_global_impure_ptr)
/usr/lib/gcc/arm-none-eabi/7.3.1/../../../arm-none-eabi/lib/thumb/v6-m/libc.a(lib_a-init.o)
                              /usr/lib/gcc/arm-none-eabi/7.3.1/../../../arm-none-eabi/lib/thumb/v6-m/crt0.o (__libc_init_array)
/usr/lib/gcc/arm-none-eabi/7.3.1/../../../arm-none-eabi/lib/thumb/v6-m/libc.a(lib_a-malloc.o)
                              CMakeFiles/serial04.dir/home/robin/pico/pico-sdk/src/rp2_common/pico_malloc/pico_malloc.c.obj (malloc)
/usr/lib/gcc/arm-none-eabi/7.3.1/../../../arm-none-eabi/lib/thumb/v6-m/libc.a(lib_a-mallocr.o)
                              /usr/lib/gcc/arm-none-eabi/7.3.1/../../../arm-none-eabi/lib/thumb/v6-m/libc.a(lib_a-callocr.o) (_malloc_r)
/usr/lib/gcc/arm-none-eabi/7.3.1/../../../arm-none-eabi/lib/thumb/v6-m/libc.a(lib_a-memchr-stub.o)
                              /usr/lib/gcc/arm-none-eabi/7.3.1/../../../arm-none-eabi/lib/thumb/v6-m/libc.a(lib_a-fgets.o) (memchr)
/usr/lib/gcc/arm-none-eabi/7.3.1/../../../arm-none-eabi/lib/thumb/v6-m/libc.a(lib_a-mlock.o)
                              /usr/lib/gcc/arm-none-eabi/7.3.1/../../../arm-none-eabi/lib/thumb/v6-m/libc.a(lib_a-mallocr.o) (__malloc_lock)
/usr/lib/gcc/arm-none-eabi/7.3.1/../../../arm-none-eabi/lib/thumb/v6-m/libc.a(lib_a-refill.o)
                              /usr/lib/gcc/arm-none-eabi/7.3.1/../../../arm-none-eabi/lib/thumb/v6-m/libc.a(lib_a-fgets.o) (__srefill_r)
/usr/lib/gcc/arm-none-eabi/7.3.1/../../../arm-none-eabi/lib/thumb/v6-m/libc.a(lib_a-sbrkr.o)
                              /usr/lib/gcc/arm-none-eabi/7.3.1/../../../arm-none-eabi/lib/thumb/v6-m/libc.a(lib_a-mallocr.o) (_sbrk_r)
/usr/lib/gcc/arm-none-eabi/7.3.1/../../../arm-none-eabi/lib/thumb/v6-m/libc.a(lib_a-stdio.o)
                              /usr/lib/gcc/arm-none-eabi/7.3.1/../../../arm-none-eabi/lib/thumb/v6-m/libc.a(lib_a-findfp.o) (__sread)
/usr/lib/gcc/arm-none-eabi/7.3.1/../../../arm-none-eabi/lib/thumb/v6-m/libc.a(lib_a-strcmp.o)
                              CMakeFiles/serial04.dir/serial04.c.obj (strcmp)
/usr/lib/gcc/arm-none-eabi/7.3.1/../../../arm-none-eabi/lib/thumb/v6-m/libc.a(lib_a-strlen-stub.o)
                              CMakeFiles/serial04.dir/home/robin/pico/pico-sdk/src/rp2_common/pico_stdio/stdio.c.obj (strlen)
/usr/lib/gcc/arm-none-eabi/7.3.1/../../../arm-none-eabi/lib/thumb/v6-m/libc.a(lib_a-writer.o)
                              /usr/lib/gcc/arm-none-eabi/7.3.1/../../../arm-none-eabi/lib/thumb/v6-m/libc.a(lib_a-stdio.o) (_write_r)
/usr/lib/gcc/arm-none-eabi/7.3.1/../../../arm-none-eabi/lib/thumb/v6-m/libc.a(lib_a-__atexit.o)
                              /usr/lib/gcc/arm-none-eabi/7.3.1/../../../arm-none-eabi/lib/thumb/v6-m/libc.a(lib_a-atexit.o) (__register_exitproc)
/usr/lib/gcc/arm-none-eabi/7.3.1/../../../arm-none-eabi/lib/thumb/v6-m/libc.a(lib_a-closer.o)
                              /usr/lib/gcc/arm-none-eabi/7.3.1/../../../arm-none-eabi/lib/thumb/v6-m/libc.a(lib_a-stdio.o) (_close_r)
[...]
Memory Configuration

Name             Origin             Length             Attributes
FLASH            0x10000000         0x00200000         xr
RAM              0x20000000         0x00040000         xrw
SCRATCH_X        0x20040000         0x00001000         xrw
SCRATCH_Y        0x20041000         0x00001000         xrw
*default*        0x00000000         0xffffffff

Linker script and memory map

LOAD /usr/lib/gcc/arm-none-eabi/7.3.1/thumb/v6-m/crti.o
LOAD /usr/lib/gcc/arm-none-eabi/7.3.1/thumb/v6-m/crtbegin.o
LOAD /usr/lib/gcc/arm-none-eabi/7.3.1/../../../arm-none-eabi/lib/thumb/v6-m/crt0.o

.flash_begin    0x10000000        0x0
                0x10000000                __flash_binary_start = .

.boot2          0x10000000      0x100
                0x10000000                __boot2_start__ = .
 *(.boot2)
 .boot2         0x10000000      0x100 /tmp/ccCVo62a.o
                0x10000100                __boot2_end__ = .
                0x00000001                ASSERT (((__boot2_end__ - __boot2_start__) == 0x100), ERROR: Pico second stage bootloader must be 256 bytes in size)

.text           0x10000100     0x6bd8
                0x10000100                __logical_binary_start = .
 *(.vectors)
 .vectors       0x10000100       0xd4 CMakeFiles/serial04.dir/home/robin/pico/pico-sdk/src/rp2_common/pico_standard_link/crt0.S.obj
                0x10000100                __vectors
                0x10000100                __VECTOR_TABLE
                0x100001c0                isr_invalid
                0x100001c0                __default_isrs_start
                0x100001c2                isr_nmi
                0x100001c4                isr_hardfault
                0x100001c6                isr_svcall
                0x100001c8                isr_pendsv
                0x100001ca                isr_systick
                0x100001cc                isr_irq30
                0x100001cc                __unhandled_user_irq
                0x100001cc                isr_irq13
                0x100001cc                isr_irq27
                0x100001cc                isr_irq31
                0x100001cc                isr_irq5
                0x100001cc                isr_irq11
                0x100001cc                isr_irq23
                0x100001cc                isr_irq18
                0x100001cc                isr_irq28
                0x100001cc                isr_irq19
                0x100001cc                isr_irq0
                0x100001cc                isr_irq6
                0x100001cc                isr_irq22
                0x100001cc                isr_irq17
                0x100001cc                isr_irq14
                0x100001cc                isr_irq2
                0x100001cc                isr_irq10
                0x100001cc                isr_irq8
                0x100001cc                isr_irq24
                0x100001cc                isr_irq1
                0x100001cc                isr_irq7
                0x100001cc                isr_irq21
                0x100001cc                isr_irq20
                0x100001cc                isr_irq15
                0x100001cc                isr_irq25
                0x100001cc                isr_irq4
                0x100001cc                isr_irq16
                0x100001cc                isr_irq29
                0x100001cc                isr_irq26
                0x100001cc                __default_isrs_end
                0x100001cc                isr_irq3
                0x100001cc                isr_irq12
                0x100001cc                isr_irq9
                0x100001d2                unhandled_user_irq_num_in_r0
 *(.binary_info_header)
 .binary_info_header
                0x100001d4       0x14 CMakeFiles/serial04.dir/home/robin/pico/pico-sdk/src/rp2_common/pico_standard_link/crt0.S.obj
                0x100001e8                __binary_info_header_end = .
 *(.reset)
 .reset         0x100001e8       0xa8 CMakeFiles/serial04.dir/home/robin/pico/pico-sdk/src/rp2_common/pico_standard_link/crt0.S.obj
                0x100001e8                _entry_point
                0x10000266                __get_current_exception
 .reset         0x10000290       0x30 CMakeFiles/serial04.dir/home/robin/pico/pico-sdk/src/rp2_common/pico_standard_link/binary_info.c.obj
 *(.init)
 .init          0x100002c0        0x4 /usr/lib/gcc/arm-none-eabi/7.3.1/thumb/v6-m/crti.o
                0x100002c0                _init
 *(EXCLUDE_FILE(*libm.a: *libc.a:*lib_a-mem*.o *libgcc.a:) .text*)
 .text          0x100002c4       0x98 /usr/lib/gcc/arm-none-eabi/7.3.1/thumb/v6-m/crtbegin.o
 .text.adc_gpio_init
                0x1000035c       0x20 CMakeFiles/serial04.dir/serial04.c.obj
 .text.startup.main
                0x1000037c      0x164 CMakeFiles/serial04.dir/serial04.c.obj
                0x1000037c                main
 .text.gpio_set_function
                0x100004e0       0x30 CMakeFiles/serial04.dir/home/robin/pico/pico-sdk/src/rp2_common/hardware_gpio/gpio.c.obj
                0x100004e0                gpio_set_function
 .text.gpio_set_pulls
                0x10000510       0x34 CMakeFiles/serial04.dir/home/robin/pico/pico-sdk/src/rp2_common/hardware_gpio/gpio.c.obj
                0x10000510                gpio_set_pulls
 .text.gpio_set_input_enabled
                0x10000544       0x28 CMakeFiles/serial04.dir/home/robin/pico/pico-sdk/src/rp2_common/hardware_gpio/gpio.c.obj
                0x10000544                gpio_set_input_enabled
 .text.hw_claim_or_assert
                0x1000056c       0x44 CMakeFiles/serial04.dir/home/robin/pico/pico-sdk/src/rp2_common/hardware_claim/claim.c.obj
                0x1000056c                hw_claim_or_assert
 .text.running_on_fpga
                0x100005b0       0x10 CMakeFiles/serial04.dir/home/robin/pico/pico-sdk/src/rp2_common/pico_platform/platform.c.obj
                0x100005b0                running_on_fpga
 .text.spin_locks_reset
                0x100005c0       0x1c CMakeFiles/serial04.dir/home/robin/pico/pico-sdk/src/rp2_common/hardware_sync/sync.c.obj
                0x100005c0                spin_locks_reset
 .text.next_striped_spin_lock_num
                0x100005dc       0x18 CMakeFiles/serial04.dir/home/robin/pico/pico-sdk/src/rp2_common/hardware_sync/sync.c.obj
                0x100005dc                next_striped_spin_lock_num
 .text.uart_init
                0x100005f4       0xe8 CMakeFiles/serial04.dir/home/robin/pico/pico-sdk/src/rp2_common/hardware_uart/uart.c.obj
                0x100005f4                uart_init
 .text.timer_pool_entry_comparator
                0x100006dc       0x34 CMakeFiles/serial04.dir/home/robin/pico/pico-sdk/src/common/pico_time/time.c.obj
                0x100006dc                timer_pool_entry_comparator
 .text.sleep_until_callback
                0x10000710       0x30 CMakeFiles/serial04.dir/home/robin/pico/pico-sdk/src/common/pico_time/time.c.obj
 .text.add_alarm_under_lock
                0x10000740      0x120 CMakeFiles/serial04.dir/home/robin/pico/pico-sdk/src/common/pico_time/time.c.obj
 .text.alarm_pool_alarm_callback
                0x10000860      0x1dc CMakeFiles/serial04.dir/home/robin/pico/pico-sdk/src/common/pico_time/time.c.obj
 .text.alarm_pool_init_default
                0x10000a3c       0x64 CMakeFiles/serial04.dir/home/robin/pico/pico-sdk/src/common/pico_time/time.c.obj
                0x10000a3c                alarm_pool_init_default
 .text.sleep_until
                0x10000aa0      0x1ec CMakeFiles/serial04.dir/home/robin/pico/pico-sdk/src/common/pico_time/time.c.obj
                0x10000aa0                sleep_until
 .text.sleep_ms
                0x10000c8c       0x38 CMakeFiles/serial04.dir/home/robin/pico/pico-sdk/src/common/pico_time/time.c.obj
                0x10000c8c                sleep_ms
 .text.hardware_alarm_irq_handler
                0x10000cc4       0xb0 CMakeFiles/serial04.dir/home/robin/pico/pico-sdk/src/rp2_common/hardware_timer/timer.c.obj
 .text.hardware_alarm_claim
                0x10000d74       0x18 CMakeFiles/serial04.dir/home/robin/pico/pico-sdk/src/rp2_common/hardware_timer/timer.c.obj
                0x10000d74                hardware_alarm_claim
 .text.time_us_64
                0x10000d8c       0x18 CMakeFiles/serial04.dir/home/robin/pico/pico-sdk/src/rp2_common/hardware_timer/timer.c.obj
                0x10000d8c                time_us_64
 .text.busy_wait_us
                0x10000da4       0x60 CMakeFiles/serial04.dir/home/robin/pico/pico-sdk/src/rp2_common/hardware_timer/timer.c.obj
                0x10000da4                busy_wait_us
 .text.busy_wait_until
                0x10000e04       0x20 CMakeFiles/serial04.dir/home/robin/pico/pico-sdk/src/rp2_common/hardware_timer/timer.c.obj
                0x10000e04                busy_wait_until
 .text.hardware_alarm_set_callback
                0x10000e24       0x8c CMakeFiles/serial04.dir/home/robin/pico/pico-sdk/src/rp2_common/hardware_timer/timer.c.obj
                0x10000e24                hardware_alarm_set_callback
 .text.hardware_alarm_set_target
                0x10000eb0       0xd8 CMakeFiles/serial04.dir/home/robin/pico/pico-sdk/src/rp2_common/hardware_timer/timer.c.obj
                0x10000eb0                hardware_alarm_set_target
 .text.hardware_alarm_cancel
                0x10000f88       0x40 CMakeFiles/serial04.dir/home/robin/pico/pico-sdk/src/rp2_common/hardware_timer/timer.c.obj
                0x10000f88                hardware_alarm_cancel
 .text.lock_init
                0x10000fc8       0x10 CMakeFiles/serial04.dir/home/robin/pico/pico-sdk/src/common/pico_sync/lock_core.c.obj
                0x10000fc8                lock_init
 .text.mutex_init
                0x10000fd8       0x1c CMakeFiles/serial04.dir/home/robin/pico/pico-sdk/src/common/pico_sync/mutex.c.obj
                0x10000fd8                mutex_init
 .text.recursive_mutex_init
                0x10000ff4       0x1c CMakeFiles/serial04.dir/home/robin/pico/pico-sdk/src/common/pico_sync/mutex.c.obj
                0x10000ff4                recursive_mutex_init
 .text.ph_merge_two_pass.part.3
                0x10001010       0xcc CMakeFiles/serial04.dir/home/robin/pico/pico-sdk/src/common/pico_util/pheap.c.obj
 .text.ph_post_alloc_init
                0x100010dc       0x3c CMakeFiles/serial04.dir/home/robin/pico/pico-sdk/src/common/pico_util/pheap.c.obj
                0x100010dc                ph_post_alloc_init
 .text.ph_remove_head
                0x10001118      0x158 CMakeFiles/serial04.dir/home/robin/pico/pico-sdk/src/common/pico_util/pheap.c.obj
                0x10001118                ph_remove_head
 .text.ph_remove_and_free_node
                0x10001270      0x340 CMakeFiles/serial04.dir/home/robin/pico/pico-sdk/src/common/pico_util/pheap.c.obj
                0x10001270                ph_remove_and_free_node
 .text.runtime_init
                0x100015b0      0x100 CMakeFiles/serial04.dir/home/robin/pico/pico-sdk/src/rp2_common/pico_runtime/runtime.c.obj
                0x100015b0                runtime_init
 .text._sbrk    0x100016b0       0x34 CMakeFiles/serial04.dir/home/robin/pico/pico-sdk/src/rp2_common/pico_runtime/runtime.c.obj
                0x100016b0                _sbrk
 .text.exit     0x100016e4        0x4 CMakeFiles/serial04.dir/home/robin/pico/pico-sdk/src/rp2_common/pico_runtime/runtime.c.obj
                0x100016e4                exit
 .text.panic    0x100016e8       0x30 CMakeFiles/serial04.dir/home/robin/pico/pico-sdk/src/rp2_common/pico_runtime/runtime.c.obj
                0x100016e8                panic
 .text.hard_assertion_failure
                0x10001718        0xc CMakeFiles/serial04.dir/home/robin/pico/pico-sdk/src/rp2_common/pico_runtime/runtime.c.obj
                0x10001718                hard_assertion_failure
 .text.clocks_init
                0x10001724      0x2c8 CMakeFiles/serial04.dir/home/robin/pico/pico-sdk/src/rp2_common/hardware_clocks/clocks.c.obj
                0x10001724                clocks_init
 .text.clock_get_hz
                0x100019ec        0xc CMakeFiles/serial04.dir/home/robin/pico/pico-sdk/src/rp2_common/hardware_clocks/clocks.c.obj
                0x100019ec                clock_get_hz
 .text.irq_set_enabled
                0x100019f8       0x24 CMakeFiles/serial04.dir/home/robin/pico/pico-sdk/src/rp2_common/hardware_irq/irq.c.obj
                0x100019f8                irq_set_enabled
 .text.irq_get_vtable_handler
                0x10001a1c       0x10 CMakeFiles/serial04.dir/home/robin/pico/pico-sdk/src/rp2_common/hardware_irq/irq.c.obj
                0x10001a1c                irq_get_vtable_handler
 .text.irq_set_exclusive_handler
                0x10001a2c       0x54 CMakeFiles/serial04.dir/home/robin/pico/pico-sdk/src/rp2_common/hardware_irq/irq.c.obj
                0x10001a2c                irq_set_exclusive_handler
 .text.irq_remove_handler
                0x10001a80      0x1bc CMakeFiles/serial04.dir/home/robin/pico/pico-sdk/src/rp2_common/hardware_irq/irq.c.obj
                0x10001a80                irq_remove_handler
 .text.irq_add_tail_to_free_list
                0x10001c3c       0xb4 CMakeFiles/serial04.dir/home/robin/pico/pico-sdk/src/rp2_common/hardware_irq/irq.c.obj
                0x10001c3c                irq_add_tail_to_free_list
 .text.irq_init_priorities
                0x10001cf0       0x38 CMakeFiles/serial04.dir/home/robin/pico/pico-sdk/src/rp2_common/hardware_irq/irq.c.obj
                0x10001cf0                irq_init_priorities
 .text.pll_init
                0x10001d28       0xa4 CMakeFiles/serial04.dir/home/robin/pico/pico-sdk/src/rp2_common/hardware_pll/pll.c.obj
                0x10001d28                pll_init
 .text.watchdog_start_tick
                0x10001dcc       0x10 CMakeFiles/serial04.dir/home/robin/pico/pico-sdk/src/rp2_common/hardware_watchdog/watchdog.c.obj
                0x10001dcc                watchdog_start_tick
 .text.xosc_init
                0x10001ddc       0x28 CMakeFiles/serial04.dir/home/robin/pico/pico-sdk/src/rp2_common/hardware_xosc/xosc.c.obj
                0x10001ddc                xosc_init
 .text._out_null
                0x10001e04        0x4 CMakeFiles/serial04.dir/home/robin/pico/pico-sdk/src/rp2_common/pico_printf/printf.c.obj
 .text._out_fct
                0x10001e08       0x10 CMakeFiles/serial04.dir/home/robin/pico/pico-sdk/src/rp2_common/pico_printf/printf.c.obj
 .text._out_char
                0x10001e18        0xc CMakeFiles/serial04.dir/home/robin/pico/pico-sdk/src/rp2_common/pico_printf/printf.c.obj
 .text._ntoa_format
                0x10001e24      0x270 CMakeFiles/serial04.dir/home/robin/pico/pico-sdk/src/rp2_common/pico_printf/printf.c.obj
 .text._etoa.part.0
                0x10002094      0x56c CMakeFiles/serial04.dir/home/robin/pico/pico-sdk/src/rp2_common/pico_printf/printf.c.obj
 .text._ftoa    0x10002600      0x6f8 CMakeFiles/serial04.dir/home/robin/pico/pico-sdk/src/rp2_common/pico_printf/printf.c.obj
 .text._ftoa.part.1
                0x10002cf8      0x54c CMakeFiles/serial04.dir/home/robin/pico/pico-sdk/src/rp2_common/pico_printf/printf.c.obj
 .text._vsnprintf
                0x10003244     0x11e0 CMakeFiles/serial04.dir/home/robin/pico/pico-sdk/src/rp2_common/pico_printf/printf.c.obj
 .text.vfctprintf
                0x10004424       0x20 CMakeFiles/serial04.dir/home/robin/pico/pico-sdk/src/rp2_common/pico_printf/printf.c.obj
                0x10004424                vfctprintf
 .text.weak_raw_vprintf
                0x10004444       0x30 CMakeFiles/serial04.dir/home/robin/pico/pico-sdk/src/rp2_common/pico_printf/printf.c.obj
                0x10004444                weak_raw_vprintf
 .text          0x10004474       0x10 CMakeFiles/serial04.dir/home/robin/pico/pico-sdk/src/rp2_common/pico_bit_ops/bit_ops_aeabi.S.obj
 .text.rom_func_lookup
                0x10004484       0x10 CMakeFiles/serial04.dir/home/robin/pico/pico-sdk/src/rp2_common/pico_bootrom/bootrom.c.obj
                0x10004484                rom_func_lookup
 .text.rom_data_lookup
                0x10004494       0x10 CMakeFiles/serial04.dir/home/robin/pico/pico-sdk/src/rp2_common/pico_bootrom/bootrom.c.obj
                0x10004494                rom_data_lookup
 .text.rom_funcs_lookup
                0x100044a4       0x3c CMakeFiles/serial04.dir/home/robin/pico/pico-sdk/src/rp2_common/pico_bootrom/bootrom.c.obj
                0x100044a4                rom_funcs_lookup
 .text.__wrap___aeabi_idiv
                0x100044e0       0x50 CMakeFiles/serial04.dir/home/robin/pico/pico-sdk/src/rp2_common/pico_divider/divider.S.obj
                0x100044e0                __wrap___aeabi_idivmod
                0x100044e0                divmod_s32s32
                0x100044e0                div_s32s32
                0x100044e0                __wrap___aeabi_idiv
                0x100044e8                divmod_s32s32_unsafe
                0x10004514                divmod_s32s32_savestate
 .text.__wrap___aeabi_uidiv
                0x10004530       0x4c CMakeFiles/serial04.dir/home/robin/pico/pico-sdk/src/rp2_common/pico_divider/divider.S.obj
                0x10004530                __wrap___aeabi_uidiv
                0x10004530                __wrap___aeabi_uidivmod
                0x10004530                div_u32u32
                0x10004530                divmod_u32u32
                0x10004538                divmod_u32u32_unsafe
                0x10004560                divmod_u32u32_savestate
 .text.__wrap___aeabi_ldiv
                0x1000457c      0x430 CMakeFiles/serial04.dir/home/robin/pico/pico-sdk/src/rp2_common/pico_divider/divider.S.obj
                0x1000457c                div_s64s64
                0x1000457c                divmod_s64s64
                0x1000457c                __wrap___aeabi_ldivmod
                0x100045b4                div_u64u64
                0x100045b4                divmod_u64u64
                0x100045b4                __wrap___aeabi_uldivmod
                0x100045c4                divmod_u64u64_savestate
                0x100045ec                divmod_s64s64_unsafe
                0x10004674                divmod_u64u64_unsafe
 .text.__wrap___aeabi_darithmetic
                0x100049ac       0x80 CMakeFiles/serial04.dir/home/robin/pico/pico-sdk/src/rp2_common/pico_double/double_aeabi.S.obj
                0x100049ac                __wrap___aeabi_drsub
                0x100049b2                __wrap___aeabi_dsub
                0x100049c4                __wrap___aeabi_dadd
                0x100049d6                __wrap___aeabi_ddiv
                0x10004a12                __wrap___aeabi_dmul
 .text.__wrap___aeabi_cdcmple
                0x10004a2c       0x6c CMakeFiles/serial04.dir/home/robin/pico/pico-sdk/src/rp2_common/pico_double/double_aeabi.S.obj
                0x10004a2c                __wrap___aeabi_cdrcmple
                0x10004a3c                __wrap___aeabi_cdcmple
                0x10004a3c                __wrap___aeabi_cdcmpeq
 .text.__wrap___aeabi_dcmplt
                0x10004a98        0xc CMakeFiles/serial04.dir/home/robin/pico/pico-sdk/src/rp2_common/pico_double/double_aeabi.S.obj
                0x10004a98                __wrap___aeabi_dcmplt
 .text.__wrap___aeabi_dcmpge
                0x10004aa4       0x10 CMakeFiles/serial04.dir/home/robin/pico/pico-sdk/src/rp2_common/pico_double/double_aeabi.S.obj
                0x10004aa4                __wrap___aeabi_dcmpge
 .text.__wrap___aeabi_dcmpgt
                0x10004ab4        0xa CMakeFiles/serial04.dir/home/robin/pico/pico-sdk/src/rp2_common/pico_double/double_aeabi.S.obj
                0x10004ab4                __wrap___aeabi_dcmpgt
 .text.__wrap___aeabi_dcmpun
                0x10004abe       0x1c CMakeFiles/serial04.dir/home/robin/pico/pico-sdk/src/rp2_common/pico_double/double_aeabi.S.obj
                0x10004abe                __wrap___aeabi_dcmpun
 *fill*         0x10004ada        0x2 
 .text.__wrap___aeabi_i2d
                0x10004adc       0x38 CMakeFiles/serial04.dir/home/robin/pico/pico-sdk/src/rp2_common/pico_double/double_aeabi.S.obj
                0x10004adc                __wrap___aeabi_ui2d
                0x10004ae4                __wrap___aeabi_i2d
 .text.__wrap___aeabi_d2iz
                0x10004b14       0x48 CMakeFiles/serial04.dir/home/robin/pico/pico-sdk/src/rp2_common/pico_double/double_aeabi.S.obj
                0x10004b14                __wrap___aeabi_d2iz
                0x10004b14                double2int_z
 .text.__wrap___aeabi_d2uiz
                0x10004b5c       0x18 CMakeFiles/serial04.dir/home/robin/pico/pico-sdk/src/rp2_common/pico_double/double_aeabi.S.obj
                0x10004b5c                double2uint
                0x10004b5c                __wrap___aeabi_d2uiz
 .text.__aeabi_double_init
                0x10004b74       0x4c CMakeFiles/serial04.dir/home/robin/pico/pico-sdk/src/rp2_common/pico_double/double_init_rom.c.obj
                0x10004b74                __aeabi_double_init
 .text.double_table_shim_on_use_helper
                0x10004bc0       0x2c CMakeFiles/serial04.dir/home/robin/pico/pico-sdk/src/rp2_common/pico_double/double_v1_rom_shim.S.obj
                0x10004bc0                double_table_shim_on_use_helper
 .text.__wrap___aeabi_dsub
                0x10004bec       0x10 CMakeFiles/serial04.dir/home/robin/pico/pico-sdk/src/rp2_common/pico_double/double_v1_rom_shim.S.obj
                0x10004bec                drsub_shim
                0x10004bf2                dsub_shim
 .text.dadd_shim
                0x10004bfc      0x15c CMakeFiles/serial04.dir/home/robin/pico/pico-sdk/src/rp2_common/pico_double/double_v1_rom_shim.S.obj
                0x10004bfc                dadd_shim
 .text.dmul_shim
                0x10004d58      0x15c CMakeFiles/serial04.dir/home/robin/pico/pico-sdk/src/rp2_common/pico_double/double_v1_rom_shim.S.obj
                0x10004d58                dmul_shim
 .text.ddiv_shim
                0x10004eb4      0x1b0 CMakeFiles/serial04.dir/home/robin/pico/pico-sdk/src/rp2_common/pico_double/double_v1_rom_shim.S.obj
                0x10004eb4                ddiv_shim
 .text.dcordic_rot_step
                0x10005064       0x7c CMakeFiles/serial04.dir/home/robin/pico/pico-sdk/src/rp2_common/pico_double/double_v1_rom_shim.S.obj
                0x10005064                dcordic_rot_step
 .text.double2uint_shim
                0x100050e0        0xe CMakeFiles/serial04.dir/home/robin/pico/pico-sdk/src/rp2_common/pico_double/double_v1_rom_shim.S.obj
                0x100050e0                double2uint_shim
                0x100050e2                double2ufix_shim
 *fill*         0x100050ee        0x2 
 .text.double2uint64_shim
                0x100050f0       0x6c CMakeFiles/serial04.dir/home/robin/pico/pico-sdk/src/rp2_common/pico_double/double_v1_rom_shim.S.obj
                0x100050f0                double2uint64_shim
                0x100050f2                double2ufix64_shim
                0x1000510c                d2fix_a
 .text.dunpacks
                0x1000515c       0x3c CMakeFiles/serial04.dir/home/robin/pico/pico-sdk/src/rp2_common/pico_double/double_v1_rom_shim.S.obj
                0x1000515c                dunpacks
 .text.__aeabi_lmul
                0x10005198       0x32 CMakeFiles/serial04.dir/home/robin/pico/pico-sdk/src/rp2_common/pico_int64_ops/pico_int64_ops_aeabi.S.obj
                0x10005198                __wrap___aeabi_lmul
 *fill*         0x100051ca        0x2 
 .text.__wrap___aeabi_farithmetic
                0x100051cc       0x48 CMakeFiles/serial04.dir/home/robin/pico/pico-sdk/src/rp2_common/pico_float/float_aeabi.S.obj
                0x100051cc                __wrap___aeabi_frsub
                0x100051d2                __wrap___aeabi_fsub
                0x100051d8                __wrap___aeabi_fadd
                0x100051de                __wrap___aeabi_fdiv
                0x10005206                __wrap___aeabi_fmul
 .text.__wrap___aeabi_i2f
                0x10005214       0x44 CMakeFiles/serial04.dir/home/robin/pico/pico-sdk/src/rp2_common/pico_float/float_aeabi.S.obj
                0x10005214                __wrap___aeabi_i2f
 .text.__wrap___aeabi_f2d
                0x10005258       0x14 CMakeFiles/serial04.dir/home/robin/pico/pico-sdk/src/rp2_common/pico_float/float_aeabi.S.obj
                0x10005258                __wrap___aeabi_f2d
 .text.__aeabi_float_init
                0x1000526c       0x68 CMakeFiles/serial04.dir/home/robin/pico/pico-sdk/src/rp2_common/pico_float/float_init_rom.c.obj
                0x1000526c                __aeabi_float_init
 .text.float_table_shim_on_use_helper
                0x100052d4       0x2c CMakeFiles/serial04.dir/home/robin/pico/pico-sdk/src/rp2_common/pico_float/float_v1_rom_shim.S.obj
                0x100052d4                float_table_shim_on_use_helper
 .text.float2double_shim
                0x10005300       0x30 CMakeFiles/serial04.dir/home/robin/pico/pico-sdk/src/rp2_common/pico_float/float_v1_rom_shim.S.obj
                0x10005300                float2double_shim
 .text          0x10005330       0x10 CMakeFiles/serial04.dir/home/robin/pico/pico-sdk/src/rp2_common/pico_mem_ops/mem_ops_aeabi.S.obj
                0x10005330                __aeabi_mem_init
 .text.memset   0x10005340        0xc CMakeFiles/serial04.dir/home/robin/pico/pico-sdk/src/rp2_common/pico_mem_ops/mem_ops_aeabi.S.obj
                0x10005340                __wrap_memset
 .text.memcpy   0x1000534c        0xc CMakeFiles/serial04.dir/home/robin/pico/pico-sdk/src/rp2_common/pico_mem_ops/mem_ops_aeabi.S.obj
                0x1000534c                __wrap___aeabi_memcpy
                0x1000534c                __wrap_memcpy
 .text.stdio_out_chars_crlf.part.0
                0x10005358       0x8c CMakeFiles/serial04.dir/home/robin/pico/pico-sdk/src/rp2_common/pico_stdio/stdio.c.obj
 .text.stdio_buffered_printer
                0x100053e4       0x70 CMakeFiles/serial04.dir/home/robin/pico/pico-sdk/src/rp2_common/pico_stdio/stdio.c.obj
 .text.__wrap_putchar
                0x10005454       0xb0 CMakeFiles/serial04.dir/home/robin/pico/pico-sdk/src/rp2_common/pico_stdio/stdio.c.obj
                0x10005454                __wrap_putchar
 .text.__wrap_puts
                0x10005504      0x120 CMakeFiles/serial04.dir/home/robin/pico/pico-sdk/src/rp2_common/pico_stdio/stdio.c.obj
                0x10005504                __wrap_puts
 .text._read    0x10005624       0x98 CMakeFiles/serial04.dir/home/robin/pico/pico-sdk/src/rp2_common/pico_stdio/stdio.c.obj
                0x10005624                _read
 .text._write   0x100056bc       0xb8 CMakeFiles/serial04.dir/home/robin/pico/pico-sdk/src/rp2_common/pico_stdio/stdio.c.obj
                0x100056bc                _write
 .text.stdio_set_driver_enabled
                0x10005774       0x3c CMakeFiles/serial04.dir/home/robin/pico/pico-sdk/src/rp2_common/pico_stdio/stdio.c.obj
                0x10005774                stdio_set_driver_enabled
 .text.__wrap_vprintf
                0x100057b0       0xe0 CMakeFiles/serial04.dir/home/robin/pico/pico-sdk/src/rp2_common/pico_stdio/stdio.c.obj
                0x100057b0                __wrap_vprintf
 .text.__wrap_printf
                0x10005890       0x18 CMakeFiles/serial04.dir/home/robin/pico/pico-sdk/src/rp2_common/pico_stdio/stdio.c.obj
                0x10005890                __wrap_printf
 .text.stdio_init_all
                0x100058a8        0x8 CMakeFiles/serial04.dir/home/robin/pico/pico-sdk/src/rp2_common/pico_stdio/stdio.c.obj
                0x100058a8                stdio_init_all
 .text.stdio_uart_out_chars
                0x100058b0       0x4c CMakeFiles/serial04.dir/home/robin/pico/pico-sdk/src/rp2_common/pico_stdio_uart/stdio_uart.c.obj
 .text.stdio_uart_in_chars
                0x100058fc       0x3c CMakeFiles/serial04.dir/home/robin/pico/pico-sdk/src/rp2_common/pico_stdio_uart/stdio_uart.c.obj
                0x100058fc                stdio_uart_in_chars
 .text.stdio_uart_init
                0x10005938       0x48 CMakeFiles/serial04.dir/home/robin/pico/pico-sdk/src/rp2_common/pico_stdio_uart/stdio_uart.c.obj
                0x10005938                stdio_uart_init
 .text.adc_init
                0x10005980       0x38 CMakeFiles/serial04.dir/home/robin/pico/pico-sdk/src/rp2_common/hardware_adc/adc.c.obj
                0x10005980                adc_init
 .text          0x100059b8       0xc8 /usr/lib/gcc/arm-none-eabi/7.3.1/../../../arm-none-eabi/lib/thumb/v6-m/libc.a(lib_a-fgets.o)
                0x100059b8                _fgets_r
                0x10005a68                fgets
 .text          0x10005a80      0x224 /usr/lib/gcc/arm-none-eabi/7.3.1/../../../arm-none-eabi/lib/thumb/v6-m/libc.a(lib_a-findfp.o)
                0x10005a84                _cleanup_r
                0x10005b80                __sfmoreglue
                0x10005bb0                __sfp
                0x10005c3c                _cleanup
                0x10005c54                __sinit
                0x10005c64                __sfp_lock_acquire
                0x10005c68                __sfp_lock_release
                0x10005c6c                __sinit_lock_acquire
                0x10005c70                __sinit_lock_release
                0x10005c74                __fp_lock_all
                0x10005c8c                __fp_unlock_all
 .text          0x10005ca4       0x90 /usr/lib/gcc/arm-none-eabi/7.3.1/../../../arm-none-eabi/lib/thumb/v6-m/libc.a(lib_a-fwalk.o)
                0x10005ca4                _fwalk
                0x10005ce8                _fwalk_reent
 .text          0x10005d34      0x570 /usr/lib/gcc/arm-none-eabi/7.3.1/../../../arm-none-eabi/lib/thumb/v6-m/libc.a(lib_a-mallocr.o)
                0x10005d34                _malloc_r
 .text          0x100062a4        0x8 /usr/lib/gcc/arm-none-eabi/7.3.1/../../../arm-none-eabi/lib/thumb/v6-m/libc.a(lib_a-mlock.o)
                0x100062a4                __malloc_lock
                0x100062a8                __malloc_unlock
 .text          0x100062ac      0x140 /usr/lib/gcc/arm-none-eabi/7.3.1/../../../arm-none-eabi/lib/thumb/v6-m/libc.a(lib_a-refill.o)
                0x100062c8                __srefill_r
 .text          0x100063ec       0x24 /usr/lib/gcc/arm-none-eabi/7.3.1/../../../arm-none-eabi/lib/thumb/v6-m/libc.a(lib_a-sbrkr.o)
                0x100063ec                _sbrk_r
 .text          0x10006410       0xa0 /usr/lib/gcc/arm-none-eabi/7.3.1/../../../arm-none-eabi/lib/thumb/v6-m/libc.a(lib_a-stdio.o)
                0x10006410                __sread
                0x10006438                __seofread
                0x1000643c                __swrite
                0x10006478                __sseek
                0x100064a4                __sclose
 .text          0x100064b0       0x88 /usr/lib/gcc/arm-none-eabi/7.3.1/../../../arm-none-eabi/lib/thumb/v6-m/libc.a(lib_a-strcmp.o)
                0x100064b0                strcmp
 .text          0x10006538       0x64 /usr/lib/gcc/arm-none-eabi/7.3.1/../../../arm-none-eabi/lib/thumb/v6-m/libc.a(lib_a-strlen-stub.o)
                0x10006538                strlen
 .text          0x1000659c       0x28 /usr/lib/gcc/arm-none-eabi/7.3.1/../../../arm-none-eabi/lib/thumb/v6-m/libc.a(lib_a-writer.o)
                0x1000659c                _write_r
 .text          0x100065c4       0x24 /usr/lib/gcc/arm-none-eabi/7.3.1/../../../arm-none-eabi/lib/thumb/v6-m/libc.a(lib_a-closer.o)
                0x100065c4                _close_r
 .text          0x100065e8       0xa8 /usr/lib/gcc/arm-none-eabi/7.3.1/../../../arm-none-eabi/lib/thumb/v6-m/libc.a(lib_a-fclose.o)
                0x100065e8                _fclose_r
                0x1000667c                fclose
 .text          0x10006690      0x1a4 /usr/lib/gcc/arm-none-eabi/7.3.1/../../../arm-none-eabi/lib/thumb/v6-m/libc.a(lib_a-fflush.o)
                0x10006690                __sflush_r
                0x100067e0                _fflush_r
                0x1000680c                fflush
 .text          0x10006834      0x274 /usr/lib/gcc/arm-none-eabi/7.3.1/../../../arm-none-eabi/lib/thumb/v6-m/libc.a(lib_a-freer.o)
                0x10006834                _malloc_trim_r
                0x100068d4                _free_r
 .text          0x10006aa8       0x28 /usr/lib/gcc/arm-none-eabi/7.3.1/../../../arm-none-eabi/lib/thumb/v6-m/libc.a(lib_a-lseekr.o)
                0x10006aa8                _lseek_r
 .text          0x10006ad0       0xf0 /usr/lib/gcc/arm-none-eabi/7.3.1/../../../arm-none-eabi/lib/thumb/v6-m/libc.a(lib_a-makebuf.o)
                0x10006ad0                __swhatbuf_r
                0x10006b30                __smakebuf_r
 .text          0x10006bc0       0x28 /usr/lib/gcc/arm-none-eabi/7.3.1/../../../arm-none-eabi/lib/thumb/v6-m/libc.a(lib_a-readr.o)
                0x10006bc0                _read_r
 .text          0x10006be8       0x28 /usr/lib/gcc/arm-none-eabi/7.3.1/../../../arm-none-eabi/lib/thumb/v6-m/libc.a(lib_a-fstatr.o)
                0x10006be8                _fstat_r
 .text          0x10006c10       0x24 /usr/lib/gcc/arm-none-eabi/7.3.1/../../../arm-none-eabi/lib/thumb/v6-m/libc.a(lib_a-isattyr.o)
                0x10006c10                _isatty_r
 .text          0x10006c34       0x10 /usr/lib/gcc/arm-none-eabi/7.3.1/../../../arm-none-eabi/lib/thumb/v6-m/libnosys.a(close.o)
                0x10006c34                _close
 .text          0x10006c44       0x10 /usr/lib/gcc/arm-none-eabi/7.3.1/../../../arm-none-eabi/lib/thumb/v6-m/libnosys.a(fstat.o)
                0x10006c44                _fstat
 .text          0x10006c54       0x10 /usr/lib/gcc/arm-none-eabi/7.3.1/../../../arm-none-eabi/lib/thumb/v6-m/libnosys.a(isatty.o)
                0x10006c54                _isatty
 .text          0x10006c64       0x10 /usr/lib/gcc/arm-none-eabi/7.3.1/../../../arm-none-eabi/lib/thumb/v6-m/libnosys.a(lseek.o)
                0x10006c64                _lseek
 *(.fini)
 .fini          0x10006c74        0x4 /usr/lib/gcc/arm-none-eabi/7.3.1/thumb/v6-m/crti.o
                0x10006c74                _fini
 .fini.__stub   0x10006c78       0x60 linker stubs
 *crtbegin.o(.ctors)
 *crtbegin?.o(.ctors)
 *(EXCLUDE_FILE(*crtend.o *crtend?.o) .ctors)
 *(SORT_BY_NAME(.ctors.*))
 *(.ctors)
 *crtbegin.o(.dtors)
 *crtbegin?.o(.dtors)
 *(EXCLUDE_FILE(*crtend.o *crtend?.o) .dtors)
 *(SORT_BY_NAME(.dtors.*))
 *(.dtors)
 *(.eh_frame*)
 .eh_frame      0x10006cd8        0x0 /usr/lib/gcc/arm-none-eabi/7.3.1/thumb/v6-m/crtbegin.o
                0x10006cd8                . = ALIGN (0x4)

.glue_7         0x10006cd8        0x0
 .glue_7        0x10006cd8        0x0 linker stubs

.glue_7t        0x10006cd8        0x0
 .glue_7t       0x10006cd8        0x0 linker stubs

.vfp11_veneer   0x10006cd8        0x0
 .vfp11_veneer  0x10006cd8        0x0 linker stubs

.v4_bx          0x10006cd8        0x0
 .v4_bx         0x10006cd8        0x0 linker stubs

.iplt           0x10006cd8        0x0
 .iplt          0x10006cd8        0x0 /usr/lib/gcc/arm-none-eabi/7.3.1/thumb/v6-m/crtbegin.o

.rodata         0x10006cd8      0x354
 *(EXCLUDE_FILE(*libm.a: *libc.a:*lib_a-mem*.o *libgcc.a:) .rodata*)
 .rodata.main.str1.4
                0x10006cd8        0xe CMakeFiles/serial04.dir/serial04.c.obj
 *fill*         0x10006ce6        0x2 
 .rodata.at_the_end_of_time
                0x10006ce8        0x8 CMakeFiles/serial04.dir/home/robin/pico/pico-sdk/src/common/pico_time/time.c.obj
                0x10006ce8                at_the_end_of_time
 .rodata.hardware_alarm_claim.str1.4
                0x10006cf0       0x22 CMakeFiles/serial04.dir/home/robin/pico/pico-sdk/src/rp2_common/hardware_timer/timer.c.obj
 *fill*         0x10006d12        0x2 
 .rodata.hard_assertion_failure.str1.4
                0x10006d14        0xc CMakeFiles/serial04.dir/home/robin/pico/pico-sdk/src/rp2_common/pico_runtime/runtime.c.obj
 .rodata.panic.str1.4
                0x10006d20       0x12 CMakeFiles/serial04.dir/home/robin/pico/pico-sdk/src/rp2_common/pico_runtime/runtime.c.obj
 *fill*         0x10006d32        0x2 
 .rodata._vsnprintf
                0x10006d34      0x1e0 CMakeFiles/serial04.dir/home/robin/pico/pico-sdk/src/rp2_common/pico_printf/printf.c.obj
 .rodata._etoa.part.0.str1.4
                0x10006f14        0x9 CMakeFiles/serial04.dir/home/robin/pico/pico-sdk/src/rp2_common/pico_printf/printf.c.obj
 *fill*         0x10006f1d        0x3 
 .rodata._ftoa.str1.4
                0x10006f20        0xc CMakeFiles/serial04.dir/home/robin/pico/pico-sdk/src/rp2_common/pico_printf/printf.c.obj
 *fill*         0x10006f2c        0x4 
 .rodata.pow10.5382
                0x10006f30       0x50 CMakeFiles/serial04.dir/home/robin/pico/pico-sdk/src/rp2_common/pico_printf/printf.c.obj
 .rodata.__bi_44
                0x10006f80        0xc CMakeFiles/serial04.dir/home/robin/pico/pico-sdk/src/rp2_common/pico_standard_link/binary_info.c.obj
 .rodata.__bi_75
                0x10006f8c        0xc CMakeFiles/serial04.dir/home/robin/pico/pico-sdk/src/rp2_common/pico_standard_link/binary_info.c.obj
 .rodata.__bi_81
                0x10006f98        0xc CMakeFiles/serial04.dir/home/robin/pico/pico-sdk/src/rp2_common/pico_standard_link/binary_info.c.obj
 .rodata.str1.4
                0x10006fa4       0x40 CMakeFiles/serial04.dir/home/robin/pico/pico-sdk/src/rp2_common/pico_standard_link/binary_info.c.obj
 .rodata.crlf_str.5958
                0x10006fe4        0x2 CMakeFiles/serial04.dir/home/robin/pico/pico-sdk/src/rp2_common/pico_stdio/stdio.c.obj
 *fill*         0x10006fe6        0x2 
 .rodata.__bi_28.4698
                0x10006fe8        0xc CMakeFiles/serial04.dir/home/robin/pico/pico-sdk/src/rp2_common/pico_stdio_uart/stdio_uart.c.obj
 .rodata.__bi_29.4702
                0x10006ff4        0x8 CMakeFiles/serial04.dir/home/robin/pico/pico-sdk/src/rp2_common/pico_stdio_uart/stdio_uart.c.obj
 .rodata.str1.4
                0x10006ffc       0x2c CMakeFiles/serial04.dir/home/robin/pico/pico-sdk/src/rp2_common/pico_stdio_uart/stdio_uart.c.obj
 .rodata        0x10007028        0x4 /usr/lib/gcc/arm-none-eabi/7.3.1/../../../arm-none-eabi/lib/thumb/v6-m/libc.a(lib_a-impure.o)
                0x10007028                _global_impure_ptr
                0x1000702c                . = ALIGN (0x4)
 *(SORT_BY_ALIGNMENT(SORT_BY_NAME(.flashdata*)))
                0x1000702c                . = ALIGN (0x4)

.rel.dyn        0x1000702c        0x0
 .rel.iplt      0x1000702c        0x0 /usr/lib/gcc/arm-none-eabi/7.3.1/thumb/v6-m/crtbegin.o

.ARM.extab
 *(.ARM.extab* .gnu.linkonce.armextab.*)
                0x1000702c                __exidx_start = .

.ARM.exidx
 *(.ARM.exidx* .gnu.linkonce.armexidx.*)
                0x1000702c                __exidx_end = .
                0x1000702c                . = ALIGN (0x4)
                0x1000702c                __binary_info_start = .

.binary_info    0x1000702c       0x24
 *(.binary_info.keep.*)
 .binary_info.keep.__bi_ptr22
                0x1000702c        0x4 CMakeFiles/serial04.dir/home/robin/pico/pico-sdk/src/rp2_common/pico_standard_link/binary_info.c.obj
 .binary_info.keep.__bi_ptr30
                0x10007030        0x4 CMakeFiles/serial04.dir/home/robin/pico/pico-sdk/src/rp2_common/pico_standard_link/binary_info.c.obj
 .binary_info.keep.__bi_ptr38
                0x10007034        0x4 CMakeFiles/serial04.dir/home/robin/pico/pico-sdk/src/rp2_common/pico_standard_link/binary_info.c.obj
 .binary_info.keep.__bi_ptr44
                0x10007038        0x4 CMakeFiles/serial04.dir/home/robin/pico/pico-sdk/src/rp2_common/pico_standard_link/binary_info.c.obj
 .binary_info.keep.__bi_ptr50
                0x1000703c        0x4 CMakeFiles/serial04.dir/home/robin/pico/pico-sdk/src/rp2_common/pico_standard_link/binary_info.c.obj
 .binary_info.keep.__bi_ptr75
                0x10007040        0x4 CMakeFiles/serial04.dir/home/robin/pico/pico-sdk/src/rp2_common/pico_standard_link/binary_info.c.obj
 .binary_info.keep.__bi_ptr81
                0x10007044        0x4 CMakeFiles/serial04.dir/home/robin/pico/pico-sdk/src/rp2_common/pico_standard_link/binary_info.c.obj
 *(.binary_info.*)
 .binary_info.__bi_ptr28
                0x10007048        0x4 CMakeFiles/serial04.dir/home/robin/pico/pico-sdk/src/rp2_common/pico_stdio_uart/stdio_uart.c.obj
 .binary_info.__bi_ptr29
                0x1000704c        0x4 CMakeFiles/serial04.dir/home/robin/pico/pico-sdk/src/rp2_common/pico_stdio_uart/stdio_uart.c.obj
                0x10007050                __binary_info_end = .
                0x10007050                . = ALIGN (0x4)
                0x10007050                __etext = .

.ram_vector_table
                0x20000000       0xc0
 *(.ram_vector_table)
 .ram_vector_table
                0x20000000       0xc0 CMakeFiles/serial04.dir/home/robin/pico/pico-sdk/src/rp2_common/pico_runtime/runtime.c.obj
                0x20000000                ram_vector_table

.data           0x200000c0      0xaa4 load address 0x10007050
                0x200000c0                __data_start__ = .
 *(vtable)
 *(.time_critical*)
 .time_critical.mutex_enter_blocking
                0x200000c0       0x60 CMakeFiles/serial04.dir/home/robin/pico/pico-sdk/src/common/pico_sync/mutex.c.obj
                0x200000c0                mutex_enter_blocking
 .time_critical.mutex_try_enter
                0x20000120       0x5c CMakeFiles/serial04.dir/home/robin/pico/pico-sdk/src/common/pico_sync/mutex.c.obj
                0x20000120                mutex_try_enter
 .time_critical.mutex_exit
                0x2000017c       0x58 CMakeFiles/serial04.dir/home/robin/pico/pico-sdk/src/common/pico_sync/mutex.c.obj
                0x2000017c                mutex_exit
 *(.text*)
 .text          0x200001d4        0x4 /usr/lib/gcc/arm-none-eabi/7.3.1/thumb/v6-m/libgcc.a(_dvmd_tls.o)
                0x200001d4                __aeabi_ldiv0
                0x200001d4                __aeabi_idiv0
 .text          0x200001d8       0x80 /usr/lib/gcc/arm-none-eabi/7.3.1/../../../arm-none-eabi/lib/thumb/v6-m/libc.a(lib_a-memchr-stub.o)
                0x200001d8                memchr
                0x20000258                . = ALIGN (0x4)
 *(.rodata*)
                0x20000258                . = ALIGN (0x4)
 *(.data*)
 .data.striped_spin_lock_num
                0x20000258        0x1 CMakeFiles/serial04.dir/home/robin/pico/pico-sdk/src/rp2_common/hardware_sync/sync.c.obj
 *fill*         0x20000259        0x3 
 .data.default_alarm_pool
                0x2000025c       0x18 CMakeFiles/serial04.dir/home/robin/pico/pico-sdk/src/common/pico_time/time.c.obj
 .data.default_alarm_pool_heap
                0x20000274       0x10 CMakeFiles/serial04.dir/home/robin/pico/pico-sdk/src/common/pico_time/time.c.obj
 .data          0x20000284       0x48 CMakeFiles/serial04.dir/home/robin/pico/pico-sdk/src/rp2_common/hardware_irq/irq_handler_chain.S.obj
                0x20000284                irq_handler_chain_slots
                0x200002b4                irq_handler_chain_first_slot
                0x200002be                irq_handler_chain_remove_tail
 *fill*         0x200002cc        0x4 
 .data.aeabi_bits_funcs
                0x200002d0       0x10 CMakeFiles/serial04.dir/home/robin/pico/pico-sdk/src/rp2_common/pico_bit_ops/bit_ops_aeabi.S.obj
                0x200002d0                aeabi_bits_funcs
                0x200002e0                aeabi_bits_funcs_end
 .data.aeabi_mem_funcs
                0x200002e0       0x10 CMakeFiles/serial04.dir/home/robin/pico/pico-sdk/src/rp2_common/pico_mem_ops/mem_ops_aeabi.S.obj
                0x200002e0                aeabi_mem_funcs
                0x200002f0                aeabi_mem_funcs_end
 .data.stdio_uart
                0x200002f0       0x14 CMakeFiles/serial04.dir/home/robin/pico/pico-sdk/src/rp2_common/pico_stdio_uart/stdio_uart.c.obj
                0x200002f0                stdio_uart
 *fill*         0x20000304        0x4 
 .data          0x20000308      0x430 /usr/lib/gcc/arm-none-eabi/7.3.1/../../../arm-none-eabi/lib/thumb/v6-m/libc.a(lib_a-impure.o)
                0x20000308                _impure_ptr
 .data          0x20000738      0x410 /usr/lib/gcc/arm-none-eabi/7.3.1/../../../arm-none-eabi/lib/thumb/v6-m/libc.a(lib_a-mallocr.o)
                0x20000738                __malloc_sbrk_base
                0x2000073c                __malloc_trim_threshold
                0x20000740                __malloc_av_
                0x20000b48                . = ALIGN (0x4)
 *(.after_data.*)
                0x20000b48                . = ALIGN (0x4)
                0x20000b48                PROVIDE (__mutex_array_start = .)
 *(SORT_BY_NAME(.mutex_array.*))
 *(.mutex_array)
 .mutex_array   0x20000b48        0x8 CMakeFiles/serial04.dir/home/robin/pico/pico-sdk/src/rp2_common/pico_stdio/stdio.c.obj
                0x20000b50                PROVIDE (__mutex_array_end = .)
                0x20000b50                . = ALIGN (0x4)
                0x20000b50                PROVIDE (__preinit_array_start = .)
 *(SORT_BY_NAME(.preinit_array.*))
 .preinit_array.00001
                0x20000b50        0x4 CMakeFiles/serial04.dir/home/robin/pico/pico-sdk/src/rp2_common/pico_mem_ops/mem_ops_aeabi.S.obj
 .preinit_array.00010
                0x20000b54        0x4 CMakeFiles/serial04.dir/home/robin/pico/pico-sdk/src/rp2_common/pico_bit_ops/bit_ops_aeabi.S.obj
 .preinit_array.00020
                0x20000b58        0x4 CMakeFiles/serial04.dir/home/robin/pico/pico-sdk/src/rp2_common/pico_double/double_aeabi.S.obj
 .preinit_array.00020
                0x20000b5c        0x4 CMakeFiles/serial04.dir/home/robin/pico/pico-sdk/src/rp2_common/pico_float/float_aeabi.S.obj
 *(.preinit_array)
                0x20000b60                PROVIDE (__preinit_array_end = .)
                0x20000b60                . = ALIGN (0x4)
                0x20000b60                PROVIDE (__init_array_start = .)
 *(SORT_BY_NAME(.init_array.*))
 *(.init_array)
 .init_array    0x20000b60        0x4 /usr/lib/gcc/arm-none-eabi/7.3.1/thumb/v6-m/crtbegin.o
                0x20000b64                PROVIDE (__init_array_end = .)
                0x20000b64                . = ALIGN (0x4)
                0x20000b64                PROVIDE (__fini_array_start = .)
 *(SORT_BY_NAME(.fini_array.*))
 *(.fini_array)
                0x20000b64                PROVIDE (__fini_array_end = .)
 *(.jcr)
                0x20000b64                . = ALIGN (0x4)
                0x20000b64                __data_end__ = .

.tm_clone_table
                0x20000b64        0x0 load address 0x10007af4
 .tm_clone_table
                0x20000b64        0x0 /usr/lib/gcc/arm-none-eabi/7.3.1/thumb/v6-m/crtbegin.o
 .tm_clone_table
                0x20000b64        0x0 /usr/lib/gcc/arm-none-eabi/7.3.1/thumb/v6-m/crtend.o

.igot.plt       0x20000b64        0x0 load address 0x10007af4
 .igot.plt      0x20000b64        0x0 /usr/lib/gcc/arm-none-eabi/7.3.1/thumb/v6-m/crtbegin.o

.uninitialized_data
                0x20000b64        0x0 load address 0x10007af4
                0x20000b64                . = ALIGN (0x4)
 *(.uninitialized_data*)

.scratch_x      0x20040000        0x0 load address 0x10007af4
                0x20040000                __scratch_x_start__ = .
 *(.scratch_x.*)
                0x20040000                . = ALIGN (0x4)
                0x20040000                __scratch_x_end__ = .
                0x10007af4                __scratch_x_source__ = LOADADDR (.scratch_x)

.scratch_y      0x20041000        0x0 load address 0x10007af4
                0x20041000                __scratch_y_start__ = .
 *(.scratch_y.*)
                0x20041000                . = ALIGN (0x4)
                0x20041000                __scratch_y_end__ = .
                0x10007af4                __scratch_y_source__ = LOADADDR (.scratch_y)

.bss            0x20000b68      0x410
                0x20000b68                . = ALIGN (0x4)
                0x20000b68                __bss_start__ = .
 *(SORT_BY_ALIGNMENT(SORT_BY_NAME(.bss*)))
 .bss.default_alarm_pool_entries
                0x20000b68      0x100 CMakeFiles/serial04.dir/home/robin/pico/pico-sdk/src/common/pico_time/time.c.obj
 .bss           0x20000c68       0x1c /usr/lib/gcc/arm-none-eabi/7.3.1/thumb/v6-m/crtbegin.o
 .bss           0x20000c84       0x34 /usr/lib/gcc/arm-none-eabi/7.3.1/../../../arm-none-eabi/lib/thumb/v6-m/libc.a(lib_a-mallocr.o)
                0x20000c84                __malloc_top_pad
                0x20000c88                __malloc_current_mallinfo
                0x20000cb0                __malloc_max_sbrked_mem
                0x20000cb4                __malloc_max_total_mem
 .bss.alarm_callbacks
                0x20000cb8       0x10 CMakeFiles/serial04.dir/home/robin/pico/pico-sdk/src/rp2_common/hardware_timer/timer.c.obj
 .bss.configured_freq
                0x20000cc8       0x28 CMakeFiles/serial04.dir/home/robin/pico/pico-sdk/src/rp2_common/hardware_clocks/clocks.c.obj
 .bss.default_alarm_pool_entry_ids_high
                0x20000cf0       0x10 CMakeFiles/serial04.dir/home/robin/pico/pico-sdk/src/common/pico_time/time.c.obj
 .bss.default_alarm_pool_heap_nodes
                0x20000d00       0x30 CMakeFiles/serial04.dir/home/robin/pico/pico-sdk/src/common/pico_time/time.c.obj
 .bss.drivers   0x20000d30        0x4 CMakeFiles/serial04.dir/home/robin/pico/pico-sdk/src/rp2_common/pico_stdio/stdio.c.obj
 .bss.filter    0x20000d34        0x4 CMakeFiles/serial04.dir/home/robin/pico/pico-sdk/src/rp2_common/pico_stdio/stdio.c.obj
 .bss.heap_end.5758
                0x20000d38        0x4 CMakeFiles/serial04.dir/home/robin/pico/pico-sdk/src/rp2_common/pico_runtime/runtime.c.obj
 .bss.lazy_vsnprintf
                0x20000d3c        0x4 CMakeFiles/serial04.dir/home/robin/pico/pico-sdk/src/rp2_common/pico_printf/printf.c.obj
 .bss.pools     0x20000d40       0x10 CMakeFiles/serial04.dir/home/robin/pico/pico-sdk/src/common/pico_time/time.c.obj
 .bss.sleep_notifier
                0x20000d50        0x4 CMakeFiles/serial04.dir/home/robin/pico/pico-sdk/src/common/pico_time/time.c.obj
 .bss.target_hi
                0x20000d54       0x10 CMakeFiles/serial04.dir/home/robin/pico/pico-sdk/src/rp2_common/hardware_timer/timer.c.obj
 .bss.uart_instance
                0x20000d64        0x4 CMakeFiles/serial04.dir/home/robin/pico/pico-sdk/src/rp2_common/pico_stdio_uart/stdio_uart.c.obj
 .bss.claimed   0x20000d68        0x1 CMakeFiles/serial04.dir/home/robin/pico/pico-sdk/src/rp2_common/hardware_timer/timer.c.obj
 .bss.irq_hander_chain_free_slot_head
                0x20000d69        0x1 CMakeFiles/serial04.dir/home/robin/pico/pico-sdk/src/rp2_common/hardware_irq/irq.c.obj
 .bss.timer_callbacks_pending
                0x20000d6a        0x1 CMakeFiles/serial04.dir/home/robin/pico/pico-sdk/src/rp2_common/hardware_timer/timer.c.obj
 *(COMMON)
 *fill*         0x20000d6b        0x1 
 COMMON         0x20000d6c        0x4 CMakeFiles/serial04.dir/home/robin/pico/pico-sdk/src/rp2_common/hardware_uart/uart.c.obj
                0x20000d6c                uart_char_to_line_feed
 COMMON         0x20000d70      0x100 CMakeFiles/serial04.dir/home/robin/pico/pico-sdk/src/rp2_common/pico_double/double_init_rom.c.obj
                0x20000d70                sd_table
 COMMON         0x20000e70      0x104 CMakeFiles/serial04.dir/home/robin/pico/pico-sdk/src/rp2_common/pico_float/float_init_rom.c.obj
                0x20000e70                sf_table
                0x20000f70                sf_clz_func
 COMMON         0x20000f74        0x4 /usr/lib/gcc/arm-none-eabi/7.3.1/../../../arm-none-eabi/lib/thumb/v6-m/libc.a(lib_a-reent.o)
                0x20000f74                errno
                0x20000f78                . = ALIGN (0x4)
                0x20000f78                __bss_end__ = .

.heap           0x20000f78      0x800
                0x20000f78                __end__ = .
                0x20000f78                end = __end__
 *(.heap*)
 .heap          0x20000f78      0x800 CMakeFiles/serial04.dir/home/robin/pico/pico-sdk/src/rp2_common/pico_standard_link/crt0.S.obj
                0x20001778                __HeapLimit = .

.stack1_dummy   0x20040000        0x0
 *(.stack1*)

.stack_dummy    0x20041000      0x800
 *(.stack*)
 .stack         0x20041000      0x800 CMakeFiles/serial04.dir/home/robin/pico/pico-sdk/src/rp2_common/pico_standard_link/crt0.S.obj

.flash_end      0x10007af4        0x0
                0x10007af4                __flash_binary_end = .
                0x20040000                __StackLimit = (ORIGIN (RAM) + LENGTH (RAM))
                0x20041000                __StackOneTop = (ORIGIN (SCRATCH_X) + LENGTH (SCRATCH_X))
                0x20042000                __StackTop = (ORIGIN (SCRATCH_Y) + LENGTH (SCRATCH_Y))
                0x20041000                __StackOneBottom = (__StackOneTop - SIZEOF (.stack1_dummy))
                0x20041800                __StackBottom = (__StackTop - SIZEOF (.stack_dummy))
                0x20042000                PROVIDE (__stack = __StackTop)
                0x00000001                ASSERT ((__StackLimit >= __HeapLimit), region RAM overflowed)
                0x00000001                ASSERT (((__binary_info_header_end - __logical_binary_start) <= 0x100), Binary info must be in first 256 bytes of the binary)
LOAD CMakeFiles/serial04.dir/serial04.c.obj
LOAD CMakeFiles/serial04.dir/home/robin/pico/pico-sdk/src/rp2_common/pico_stdlib/stdlib.c.obj
LOAD CMakeFiles/serial04.dir/home/robin/pico/pico-sdk/src/rp2_common/hardware_gpio/gpio.c.obj
LOAD CMakeFiles/serial04.dir/home/robin/pico/pico-sdk/src/rp2_common/hardware_claim/claim.c.obj
LOAD CMakeFiles/serial04.dir/home/robin/pico/pico-sdk/src/rp2_common/pico_platform/platform.c.obj
LOAD CMakeFiles/serial04.dir/home/robin/pico/pico-sdk/src/rp2_common/hardware_sync/sync.c.obj
LOAD CMakeFiles/serial04.dir/home/robin/pico/pico-sdk/src/rp2_common/hardware_uart/uart.c.obj
LOAD CMakeFiles/serial04.dir/home/robin/pico/pico-sdk/src/rp2_common/hardware_divider/divider.S.obj
LOAD CMakeFiles/serial04.dir/home/robin/pico/pico-sdk/src/common/pico_time/time.c.obj
LOAD CMakeFiles/serial04.dir/home/robin/pico/pico-sdk/src/common/pico_time/timeout_helper.c.obj
LOAD CMakeFiles/serial04.dir/home/robin/pico/pico-sdk/src/rp2_common/hardware_timer/timer.c.obj
LOAD CMakeFiles/serial04.dir/home/robin/pico/pico-sdk/src/common/pico_sync/sem.c.obj
LOAD CMakeFiles/serial04.dir/home/robin/pico/pico-sdk/src/common/pico_sync/lock_core.c.obj
LOAD CMakeFiles/serial04.dir/home/robin/pico/pico-sdk/src/common/pico_sync/mutex.c.obj
LOAD CMakeFiles/serial04.dir/home/robin/pico/pico-sdk/src/common/pico_sync/critical_section.c.obj
LOAD CMakeFiles/serial04.dir/home/robin/pico/pico-sdk/src/common/pico_util/datetime.c.obj
LOAD CMakeFiles/serial04.dir/home/robin/pico/pico-sdk/src/common/pico_util/pheap.c.obj
LOAD CMakeFiles/serial04.dir/home/robin/pico/pico-sdk/src/common/pico_util/queue.c.obj
LOAD CMakeFiles/serial04.dir/home/robin/pico/pico-sdk/src/rp2_common/pico_runtime/runtime.c.obj
LOAD CMakeFiles/serial04.dir/home/robin/pico/pico-sdk/src/rp2_common/hardware_clocks/clocks.c.obj
LOAD CMakeFiles/serial04.dir/home/robin/pico/pico-sdk/src/rp2_common/hardware_irq/irq.c.obj
LOAD CMakeFiles/serial04.dir/home/robin/pico/pico-sdk/src/rp2_common/hardware_irq/irq_handler_chain.S.obj
LOAD CMakeFiles/serial04.dir/home/robin/pico/pico-sdk/src/rp2_common/hardware_pll/pll.c.obj
LOAD CMakeFiles/serial04.dir/home/robin/pico/pico-sdk/src/rp2_common/hardware_vreg/vreg.c.obj
LOAD CMakeFiles/serial04.dir/home/robin/pico/pico-sdk/src/rp2_common/hardware_watchdog/watchdog.c.obj
LOAD CMakeFiles/serial04.dir/home/robin/pico/pico-sdk/src/rp2_common/hardware_xosc/xosc.c.obj
LOAD CMakeFiles/serial04.dir/home/robin/pico/pico-sdk/src/rp2_common/pico_printf/printf.c.obj
LOAD CMakeFiles/serial04.dir/home/robin/pico/pico-sdk/src/rp2_common/pico_bit_ops/bit_ops_aeabi.S.obj
LOAD CMakeFiles/serial04.dir/home/robin/pico/pico-sdk/src/rp2_common/pico_bootrom/bootrom.c.obj
LOAD CMakeFiles/serial04.dir/home/robin/pico/pico-sdk/src/rp2_common/pico_divider/divider.S.obj
LOAD CMakeFiles/serial04.dir/home/robin/pico/pico-sdk/src/rp2_common/pico_double/double_aeabi.S.obj
LOAD CMakeFiles/serial04.dir/home/robin/pico/pico-sdk/src/rp2_common/pico_double/double_init_rom.c.obj
LOAD CMakeFiles/serial04.dir/home/robin/pico/pico-sdk/src/rp2_common/pico_double/double_math.c.obj
LOAD CMakeFiles/serial04.dir/home/robin/pico/pico-sdk/src/rp2_common/pico_double/double_v1_rom_shim.S.obj
LOAD CMakeFiles/serial04.dir/home/robin/pico/pico-sdk/src/rp2_common/pico_int64_ops/pico_int64_ops_aeabi.S.obj
LOAD CMakeFiles/serial04.dir/home/robin/pico/pico-sdk/src/rp2_common/pico_float/float_aeabi.S.obj
LOAD CMakeFiles/serial04.dir/home/robin/pico/pico-sdk/src/rp2_common/pico_float/float_init_rom.c.obj
LOAD CMakeFiles/serial04.dir/home/robin/pico/pico-sdk/src/rp2_common/pico_float/float_math.c.obj
LOAD CMakeFiles/serial04.dir/home/robin/pico/pico-sdk/src/rp2_common/pico_float/float_v1_rom_shim.S.obj
LOAD CMakeFiles/serial04.dir/home/robin/pico/pico-sdk/src/rp2_common/pico_malloc/pico_malloc.c.obj
LOAD CMakeFiles/serial04.dir/home/robin/pico/pico-sdk/src/rp2_common/pico_mem_ops/mem_ops_aeabi.S.obj
LOAD CMakeFiles/serial04.dir/home/robin/pico/pico-sdk/src/rp2_common/pico_standard_link/crt0.S.obj
LOAD CMakeFiles/serial04.dir/home/robin/pico/pico-sdk/src/rp2_common/pico_standard_link/new_delete.cpp.obj
LOAD CMakeFiles/serial04.dir/home/robin/pico/pico-sdk/src/rp2_common/pico_standard_link/binary_info.c.obj
LOAD CMakeFiles/serial04.dir/home/robin/pico/pico-sdk/src/rp2_common/pico_stdio/stdio.c.obj
LOAD CMakeFiles/serial04.dir/home/robin/pico/pico-sdk/src/rp2_common/pico_stdio_uart/stdio_uart.c.obj
LOAD CMakeFiles/serial04.dir/home/robin/pico/pico-sdk/src/rp2_common/hardware_adc/adc.c.obj
LOAD /tmp/ccCVo62a.o
LOAD /usr/lib/gcc/arm-none-eabi/7.3.1/../../../arm-none-eabi/lib/thumb/v6-m/libstdc++.a
LOAD /usr/lib/gcc/arm-none-eabi/7.3.1/../../../arm-none-eabi/lib/thumb/v6-m/libm.a
START GROUP
LOAD /usr/lib/gcc/arm-none-eabi/7.3.1/thumb/v6-m/libgcc.a
LOAD /usr/lib/gcc/arm-none-eabi/7.3.1/../../../arm-none-eabi/lib/thumb/v6-m/libc.a
END GROUP
START GROUP
LOAD /usr/lib/gcc/arm-none-eabi/7.3.1/thumb/v6-m/libgcc.a
LOAD /usr/lib/gcc/arm-none-eabi/7.3.1/../../../arm-none-eabi/lib/thumb/v6-m/libc.a
LOAD /usr/lib/gcc/arm-none-eabi/7.3.1/../../../arm-none-eabi/lib/thumb/v6-m/libnosys.a
END GROUP
LOAD /usr/lib/gcc/arm-none-eabi/7.3.1/thumb/v6-m/crtend.o
LOAD /usr/lib/gcc/arm-none-eabi/7.3.1/thumb/v6-m/crtn.o
OUTPUT(serial04.elf elf32-littlearm)

.ARM.attributes
                0x00000000       0x28
 .ARM.attributes
                0x00000000       0x1e /usr/lib/gcc/arm-none-eabi/7.3.1/thumb/v6-m/crti.o
 .ARM.attributes
                0x0000001e       0x2c /usr/lib/gcc/arm-none-eabi/7.3.1/thumb/v6-m/crtbegin.o
 .ARM.attributes
                0x0000004a       0x32 CMakeFiles/serial04.dir/serial04.c.obj
 .ARM.attributes
                0x0000007c       0x32 CMakeFiles/serial04.dir/home/robin/pico/pico-sdk/src/rp2_common/hardware_gpio/gpio.c.obj
 .ARM.attributes
                0x000000ae       0x32 CMakeFiles/serial04.dir/home/robin/pico/pico-sdk/src/rp2_common/hardware_claim/claim.c.obj
 .ARM.attributes
                0x000000e0       0x32 CMakeFiles/serial04.dir/home/robin/pico/pico-sdk/src/rp2_common/pico_platform/platform.c.obj
 .ARM.attributes
                0x00000112       0x32 CMakeFiles/serial04.dir/home/robin/pico/pico-sdk/src/rp2_common/hardware_sync/sync.c.obj
 .ARM.attributes
                0x00000144       0x32 CMakeFiles/serial04.dir/home/robin/pico/pico-sdk/src/rp2_common/hardware_uart/uart.c.obj
 .ARM.attributes
                0x00000176       0x32 CMakeFiles/serial04.dir/home/robin/pico/pico-sdk/src/common/pico_time/time.c.obj
 .ARM.attributes
                0x000001a8       0x32 CMakeFiles/serial04.dir/home/robin/pico/pico-sdk/src/rp2_common/hardware_timer/timer.c.obj
 .ARM.attributes
                0x000001da       0x32 CMakeFiles/serial04.dir/home/robin/pico/pico-sdk/src/common/pico_sync/lock_core.c.obj
 .ARM.attributes
                0x0000020c       0x32 CMakeFiles/serial04.dir/home/robin/pico/pico-sdk/src/common/pico_sync/mutex.c.obj
 .ARM.attributes
                0x0000023e       0x32 CMakeFiles/serial04.dir/home/robin/pico/pico-sdk/src/common/pico_util/pheap.c.obj
 .ARM.attributes
                0x00000270       0x32 CMakeFiles/serial04.dir/home/robin/pico/pico-sdk/src/rp2_common/pico_runtime/runtime.c.obj
 .ARM.attributes
                0x000002a2       0x32 CMakeFiles/serial04.dir/home/robin/pico/pico-sdk/src/rp2_common/hardware_clocks/clocks.c.obj
 .ARM.attributes
                0x000002d4       0x32 CMakeFiles/serial04.dir/home/robin/pico/pico-sdk/src/rp2_common/hardware_irq/irq.c.obj
 .ARM.attributes
                0x00000306       0x22 CMakeFiles/serial04.dir/home/robin/pico/pico-sdk/src/rp2_common/hardware_irq/irq_handler_chain.S.obj
 .ARM.attributes
                0x00000328       0x32 CMakeFiles/serial04.dir/home/robin/pico/pico-sdk/src/rp2_common/hardware_pll/pll.c.obj
 .ARM.attributes
                0x0000035a       0x32 CMakeFiles/serial04.dir/home/robin/pico/pico-sdk/src/rp2_common/hardware_watchdog/watchdog.c.obj
 .ARM.attributes
                0x0000038c       0x32 CMakeFiles/serial04.dir/home/robin/pico/pico-sdk/src/rp2_common/hardware_xosc/xosc.c.obj
 .ARM.attributes
                0x000003be       0x32 CMakeFiles/serial04.dir/home/robin/pico/pico-sdk/src/rp2_common/pico_printf/printf.c.obj
 .ARM.attributes
                0x000003f0       0x22 CMakeFiles/serial04.dir/home/robin/pico/pico-sdk/src/rp2_common/pico_bit_ops/bit_ops_aeabi.S.obj
 .ARM.attributes
                0x00000412       0x32 CMakeFiles/serial04.dir/home/robin/pico/pico-sdk/src/rp2_common/pico_bootrom/bootrom.c.obj
 .ARM.attributes
                0x00000444       0x22 CMakeFiles/serial04.dir/home/robin/pico/pico-sdk/src/rp2_common/pico_divider/divider.S.obj
 .ARM.attributes
                0x00000466       0x22 CMakeFiles/serial04.dir/home/robin/pico/pico-sdk/src/rp2_common/pico_double/double_aeabi.S.obj
 .ARM.attributes
                0x00000488       0x32 CMakeFiles/serial04.dir/home/robin/pico/pico-sdk/src/rp2_common/pico_double/double_init_rom.c.obj
 .ARM.attributes
                0x000004ba       0x22 CMakeFiles/serial04.dir/home/robin/pico/pico-sdk/src/rp2_common/pico_double/double_v1_rom_shim.S.obj
 .ARM.attributes
                0x000004dc       0x22 CMakeFiles/serial04.dir/home/robin/pico/pico-sdk/src/rp2_common/pico_int64_ops/pico_int64_ops_aeabi.S.obj
 .ARM.attributes
                0x000004fe       0x22 CMakeFiles/serial04.dir/home/robin/pico/pico-sdk/src/rp2_common/pico_float/float_aeabi.S.obj
 .ARM.attributes
                0x00000520       0x32 CMakeFiles/serial04.dir/home/robin/pico/pico-sdk/src/rp2_common/pico_float/float_init_rom.c.obj
 .ARM.attributes
                0x00000552       0x22 CMakeFiles/serial04.dir/home/robin/pico/pico-sdk/src/rp2_common/pico_float/float_v1_rom_shim.S.obj
 .ARM.attributes
                0x00000574       0x22 CMakeFiles/serial04.dir/home/robin/pico/pico-sdk/src/rp2_common/pico_mem_ops/mem_ops_aeabi.S.obj
 .ARM.attributes
                0x00000596       0x22 CMakeFiles/serial04.dir/home/robin/pico/pico-sdk/src/rp2_common/pico_standard_link/crt0.S.obj
 .ARM.attributes
                0x000005b8       0x32 CMakeFiles/serial04.dir/home/robin/pico/pico-sdk/src/rp2_common/pico_standard_link/binary_info.c.obj
 .ARM.attributes
                0x000005ea       0x32 CMakeFiles/serial04.dir/home/robin/pico/pico-sdk/src/rp2_common/pico_stdio/stdio.c.obj
 .ARM.attributes
                0x0000061c       0x32 CMakeFiles/serial04.dir/home/robin/pico/pico-sdk/src/rp2_common/pico_stdio_uart/stdio_uart.c.obj
 .ARM.attributes
                0x0000064e       0x32 CMakeFiles/serial04.dir/home/robin/pico/pico-sdk/src/rp2_common/hardware_adc/adc.c.obj
 .ARM.attributes
                0x00000680       0x22 /tmp/ccCVo62a.o
 .ARM.attributes
                0x000006a2       0x1e /usr/lib/gcc/arm-none-eabi/7.3.1/thumb/v6-m/libgcc.a(_dvmd_tls.o)
 .ARM.attributes
                0x000006c0       0x2c /usr/lib/gcc/arm-none-eabi/7.3.1/../../../arm-none-eabi/lib/thumb/v6-m/libc.a(lib_a-fgets.o)
 .ARM.attributes
                0x000006ec       0x2c /usr/lib/gcc/arm-none-eabi/7.3.1/../../../arm-none-eabi/lib/thumb/v6-m/libc.a(lib_a-findfp.o)
 .ARM.attributes
                0x00000718       0x2c /usr/lib/gcc/arm-none-eabi/7.3.1/../../../arm-none-eabi/lib/thumb/v6-m/libc.a(lib_a-fwalk.o)
 .ARM.attributes
                0x00000744       0x2c /usr/lib/gcc/arm-none-eabi/7.3.1/../../../arm-none-eabi/lib/thumb/v6-m/libc.a(lib_a-impure.o)
 .ARM.attributes
                0x00000770       0x2c /usr/lib/gcc/arm-none-eabi/7.3.1/../../../arm-none-eabi/lib/thumb/v6-m/libc.a(lib_a-mallocr.o)
 .ARM.attributes
                0x0000079c       0x2c /usr/lib/gcc/arm-none-eabi/7.3.1/../../../arm-none-eabi/lib/thumb/v6-m/libc.a(lib_a-memchr-stub.o)
 .ARM.attributes
                0x000007c8       0x2c /usr/lib/gcc/arm-none-eabi/7.3.1/../../../arm-none-eabi/lib/thumb/v6-m/libc.a(lib_a-mlock.o)
 .ARM.attributes
                0x000007f4       0x2c /usr/lib/gcc/arm-none-eabi/7.3.1/../../../arm-none-eabi/lib/thumb/v6-m/libc.a(lib_a-refill.o)
 .ARM.attributes
                0x00000820       0x2c /usr/lib/gcc/arm-none-eabi/7.3.1/../../../arm-none-eabi/lib/thumb/v6-m/libc.a(lib_a-sbrkr.o)
 .ARM.attributes
                0x0000084c       0x2c /usr/lib/gcc/arm-none-eabi/7.3.1/../../../arm-none-eabi/lib/thumb/v6-m/libc.a(lib_a-stdio.o)
 .ARM.attributes
                0x00000878       0x1b /usr/lib/gcc/arm-none-eabi/7.3.1/../../../arm-none-eabi/lib/thumb/v6-m/libc.a(lib_a-strcmp.o)
 .ARM.attributes
                0x00000893       0x2c /usr/lib/gcc/arm-none-eabi/7.3.1/../../../arm-none-eabi/lib/thumb/v6-m/libc.a(lib_a-strlen-stub.o)
 .ARM.attributes
                0x000008bf       0x2c /usr/lib/gcc/arm-none-eabi/7.3.1/../../../arm-none-eabi/lib/thumb/v6-m/libc.a(lib_a-writer.o)
 .ARM.attributes
                0x000008eb       0x2c /usr/lib/gcc/arm-none-eabi/7.3.1/../../../arm-none-eabi/lib/thumb/v6-m/libc.a(lib_a-closer.o)
 .ARM.attributes
                0x00000917       0x2c /usr/lib/gcc/arm-none-eabi/7.3.1/../../../arm-none-eabi/lib/thumb/v6-m/libc.a(lib_a-fclose.o)
 .ARM.attributes
                0x00000943       0x2c /usr/lib/gcc/arm-none-eabi/7.3.1/../../../arm-none-eabi/lib/thumb/v6-m/libc.a(lib_a-fflush.o)
 .ARM.attributes
                0x0000096f       0x2c /usr/lib/gcc/arm-none-eabi/7.3.1/../../../arm-none-eabi/lib/thumb/v6-m/libc.a(lib_a-freer.o)
 .ARM.attributes
                0x0000099b       0x2c /usr/lib/gcc/arm-none-eabi/7.3.1/../../../arm-none-eabi/lib/thumb/v6-m/libc.a(lib_a-lseekr.o)
 .ARM.attributes
                0x000009c7       0x2c /usr/lib/gcc/arm-none-eabi/7.3.1/../../../arm-none-eabi/lib/thumb/v6-m/libc.a(lib_a-makebuf.o)
 .ARM.attributes
                0x000009f3       0x2c /usr/lib/gcc/arm-none-eabi/7.3.1/../../../arm-none-eabi/lib/thumb/v6-m/libc.a(lib_a-readr.o)
 .ARM.attributes
                0x00000a1f       0x2c /usr/lib/gcc/arm-none-eabi/7.3.1/../../../arm-none-eabi/lib/thumb/v6-m/libc.a(lib_a-reent.o)
 .ARM.attributes
                0x00000a4b       0x2c /usr/lib/gcc/arm-none-eabi/7.3.1/../../../arm-none-eabi/lib/thumb/v6-m/libc.a(lib_a-fstatr.o)
 .ARM.attributes
                0x00000a77       0x2c /usr/lib/gcc/arm-none-eabi/7.3.1/../../../arm-none-eabi/lib/thumb/v6-m/libc.a(lib_a-isattyr.o)
 .ARM.attributes
                0x00000aa3       0x2c /usr/lib/gcc/arm-none-eabi/7.3.1/../../../arm-none-eabi/lib/thumb/v6-m/libnosys.a(close.o)
 .ARM.attributes
                0x00000acf       0x2c /usr/lib/gcc/arm-none-eabi/7.3.1/../../../arm-none-eabi/lib/thumb/v6-m/libnosys.a(fstat.o)
 .ARM.attributes
                0x00000afb       0x2c /usr/lib/gcc/arm-none-eabi/7.3.1/../../../arm-none-eabi/lib/thumb/v6-m/libnosys.a(isatty.o)
 .ARM.attributes
                0x00000b27       0x2c /usr/lib/gcc/arm-none-eabi/7.3.1/../../../arm-none-eabi/lib/thumb/v6-m/libnosys.a(lseek.o)
 .ARM.attributes
                0x00000b53       0x2c /usr/lib/gcc/arm-none-eabi/7.3.1/thumb/v6-m/crtend.o

.comment        0x00000000       0xae
 .comment       0x00000000       0x57 /usr/lib/gcc/arm-none-eabi/7.3.1/thumb/v6-m/crtbegin.o
                                 0x58 (size before relaxing)
 .comment       0x00000057       0x58 CMakeFiles/serial04.dir/serial04.c.obj
 .comment       0x00000057       0x58 CMakeFiles/serial04.dir/home/robin/pico/pico-sdk/src/rp2_common/hardware_gpio/gpio.c.obj
 .comment       0x00000057       0x58 CMakeFiles/serial04.dir/home/robin/pico/pico-sdk/src/rp2_common/hardware_claim/claim.c.obj
 .comment       0x00000057       0x58 CMakeFiles/serial04.dir/home/robin/pico/pico-sdk/src/rp2_common/pico_platform/platform.c.obj
 .comment       0x00000057       0x58 CMakeFiles/serial04.dir/home/robin/pico/pico-sdk/src/rp2_common/hardware_sync/sync.c.obj
 .comment       0x00000057       0x58 CMakeFiles/serial04.dir/home/robin/pico/pico-sdk/src/rp2_common/hardware_uart/uart.c.obj
 .comment       0x00000057       0x58 CMakeFiles/serial04.dir/home/robin/pico/pico-sdk/src/common/pico_time/time.c.obj
 .comment       0x00000057       0x58 CMakeFiles/serial04.dir/home/robin/pico/pico-sdk/src/rp2_common/hardware_timer/timer.c.obj
 .comment       0x00000057       0x58 CMakeFiles/serial04.dir/home/robin/pico/pico-sdk/src/common/pico_sync/lock_core.c.obj
 .comment       0x00000057       0x58 CMakeFiles/serial04.dir/home/robin/pico/pico-sdk/src/common/pico_sync/mutex.c.obj
 .comment       0x00000057       0x58 CMakeFiles/serial04.dir/home/robin/pico/pico-sdk/src/common/pico_util/pheap.c.obj
 .comment       0x00000057       0x58 CMakeFiles/serial04.dir/home/robin/pico/pico-sdk/src/rp2_common/pico_runtime/runtime.c.obj
 .comment       0x00000057       0x58 CMakeFiles/serial04.dir/home/robin/pico/pico-sdk/src/rp2_common/hardware_clocks/clocks.c.obj
 .comment       0x00000057       0x58 CMakeFiles/serial04.dir/home/robin/pico/pico-sdk/src/rp2_common/hardware_irq/irq.c.obj
 .comment       0x00000057       0x58 CMakeFiles/serial04.dir/home/robin/pico/pico-sdk/src/rp2_common/hardware_pll/pll.c.obj
 .comment       0x00000057       0x58 CMakeFiles/serial04.dir/home/robin/pico/pico-sdk/src/rp2_common/hardware_watchdog/watchdog.c.obj
 .comment       0x00000057       0x58 CMakeFiles/serial04.dir/home/robin/pico/pico-sdk/src/rp2_common/hardware_xosc/xosc.c.obj
 .comment       0x00000057       0x58 CMakeFiles/serial04.dir/home/robin/pico/pico-sdk/src/rp2_common/pico_printf/printf.c.obj
 .comment       0x00000057       0x58 CMakeFiles/serial04.dir/home/robin/pico/pico-sdk/src/rp2_common/pico_bootrom/bootrom.c.obj
 .comment       0x00000057       0x58 CMakeFiles/serial04.dir/home/robin/pico/pico-sdk/src/rp2_common/pico_double/double_init_rom.c.obj
 .comment       0x00000057       0x58 CMakeFiles/serial04.dir/home/robin/pico/pico-sdk/src/rp2_common/pico_float/float_init_rom.c.obj
 .comment       0x00000057       0x58 CMakeFiles/serial04.dir/home/robin/pico/pico-sdk/src/rp2_common/pico_standard_link/binary_info.c.obj
 .comment       0x00000057       0x58 CMakeFiles/serial04.dir/home/robin/pico/pico-sdk/src/rp2_common/pico_stdio/stdio.c.obj
 .comment       0x00000057       0x58 CMakeFiles/serial04.dir/home/robin/pico/pico-sdk/src/rp2_common/pico_stdio_uart/stdio_uart.c.obj
 .comment       0x00000057       0x58 CMakeFiles/serial04.dir/home/robin/pico/pico-sdk/src/rp2_common/hardware_adc/adc.c.obj
 .comment       0x00000057       0x57 /usr/lib/gcc/arm-none-eabi/7.3.1/../../../arm-none-eabi/lib/thumb/v6-m/libc.a(lib_a-fgets.o)
                                 0x58 (size before relaxing)
 .comment       0x000000ae       0x58 /usr/lib/gcc/arm-none-eabi/7.3.1/../../../arm-none-eabi/lib/thumb/v6-m/libc.a(lib_a-findfp.o)
 .comment       0x000000ae       0x58 /usr/lib/gcc/arm-none-eabi/7.3.1/../../../arm-none-eabi/lib/thumb/v6-m/libc.a(lib_a-fwalk.o)
 .comment       0x000000ae       0x58 /usr/lib/gcc/arm-none-eabi/7.3.1/../../../arm-none-eabi/lib/thumb/v6-m/libc.a(lib_a-impure.o)
 .comment       0x000000ae       0x58 /usr/lib/gcc/arm-none-eabi/7.3.1/../../../arm-none-eabi/lib/thumb/v6-m/libc.a(lib_a-mallocr.o)
 .comment       0x000000ae       0x58 /usr/lib/gcc/arm-none-eabi/7.3.1/../../../arm-none-eabi/lib/thumb/v6-m/libc.a(lib_a-memchr-stub.o)
 .comment       0x000000ae       0x58 /usr/lib/gcc/arm-none-eabi/7.3.1/../../../arm-none-eabi/lib/thumb/v6-m/libc.a(lib_a-mlock.o)
 .comment       0x000000ae       0x58 /usr/lib/gcc/arm-none-eabi/7.3.1/../../../arm-none-eabi/lib/thumb/v6-m/libc.a(lib_a-refill.o)
 .comment       0x000000ae       0x58 /usr/lib/gcc/arm-none-eabi/7.3.1/../../../arm-none-eabi/lib/thumb/v6-m/libc.a(lib_a-sbrkr.o)
 .comment       0x000000ae       0x58 /usr/lib/gcc/arm-none-eabi/7.3.1/../../../arm-none-eabi/lib/thumb/v6-m/libc.a(lib_a-stdio.o)
 .comment       0x000000ae       0x58 /usr/lib/gcc/arm-none-eabi/7.3.1/../../../arm-none-eabi/lib/thumb/v6-m/libc.a(lib_a-strlen-stub.o)
 .comment       0x000000ae       0x58 /usr/lib/gcc/arm-none-eabi/7.3.1/../../../arm-none-eabi/lib/thumb/v6-m/libc.a(lib_a-writer.o)
 .comment       0x000000ae       0x58 /usr/lib/gcc/arm-none-eabi/7.3.1/../../../arm-none-eabi/lib/thumb/v6-m/libc.a(lib_a-closer.o)
 .comment       0x000000ae       0x58 /usr/lib/gcc/arm-none-eabi/7.3.1/../../../arm-none-eabi/lib/thumb/v6-m/libc.a(lib_a-fclose.o)
 .comment       0x000000ae       0x58 /usr/lib/gcc/arm-none-eabi/7.3.1/../../../arm-none-eabi/lib/thumb/v6-m/libc.a(lib_a-fflush.o)
 .comment       0x000000ae       0x58 /usr/lib/gcc/arm-none-eabi/7.3.1/../../../arm-none-eabi/lib/thumb/v6-m/libc.a(lib_a-freer.o)
 .comment       0x000000ae       0x58 /usr/lib/gcc/arm-none-eabi/7.3.1/../../../arm-none-eabi/lib/thumb/v6-m/libc.a(lib_a-lseekr.o)
 .comment       0x000000ae       0x58 /usr/lib/gcc/arm-none-eabi/7.3.1/../../../arm-none-eabi/lib/thumb/v6-m/libc.a(lib_a-makebuf.o)
 .comment       0x000000ae       0x58 /usr/lib/gcc/arm-none-eabi/7.3.1/../../../arm-none-eabi/lib/thumb/v6-m/libc.a(lib_a-readr.o)
 .comment       0x000000ae       0x58 /usr/lib/gcc/arm-none-eabi/7.3.1/../../../arm-none-eabi/lib/thumb/v6-m/libc.a(lib_a-reent.o)
 .comment       0x000000ae       0x58 /usr/lib/gcc/arm-none-eabi/7.3.1/../../../arm-none-eabi/lib/thumb/v6-m/libc.a(lib_a-fstatr.o)
 .comment       0x000000ae       0x58 /usr/lib/gcc/arm-none-eabi/7.3.1/../../../arm-none-eabi/lib/thumb/v6-m/libc.a(lib_a-isattyr.o)
 .comment       0x000000ae       0x58 /usr/lib/gcc/arm-none-eabi/7.3.1/../../../arm-none-eabi/lib/thumb/v6-m/libnosys.a(close.o)
 .comment       0x000000ae       0x58 /usr/lib/gcc/arm-none-eabi/7.3.1/../../../arm-none-eabi/lib/thumb/v6-m/libnosys.a(fstat.o)
 .comment       0x000000ae       0x58 /usr/lib/gcc/arm-none-eabi/7.3.1/../../../arm-none-eabi/lib/thumb/v6-m/libnosys.a(isatty.o)
 .comment       0x000000ae       0x58 /usr/lib/gcc/arm-none-eabi/7.3.1/../../../arm-none-eabi/lib/thumb/v6-m/libnosys.a(lseek.o)
 .comment       0x000000ae       0x58 /usr/lib/gcc/arm-none-eabi/7.3.1/thumb/v6-m/crtend.o

.debug_line     0x00000000     0x27e7
 .debug_line    0x00000000       0x5d /usr/lib/gcc/arm-none-eabi/7.3.1/thumb/v6-m/libgcc.a(_dvmd_tls.o)
 .debug_line    0x0000005d      0x197 /usr/lib/gcc/arm-none-eabi/7.3.1/../../../arm-none-eabi/lib/thumb/v6-m/libc.a(lib_a-fgets.o)
 .debug_line    0x000001f4      0x257 /usr/lib/gcc/arm-none-eabi/7.3.1/../../../arm-none-eabi/lib/thumb/v6-m/libc.a(lib_a-findfp.o)
 .debug_line    0x0000044b      0x191 /usr/lib/gcc/arm-none-eabi/7.3.1/../../../arm-none-eabi/lib/thumb/v6-m/libc.a(lib_a-fwalk.o)
 .debug_line    0x000005dc       0xd4 /usr/lib/gcc/arm-none-eabi/7.3.1/../../../arm-none-eabi/lib/thumb/v6-m/libc.a(lib_a-impure.o)
 .debug_line    0x000006b0      0x36d /usr/lib/gcc/arm-none-eabi/7.3.1/../../../arm-none-eabi/lib/thumb/v6-m/libc.a(lib_a-mallocr.o)
 .debug_line    0x00000a1d      0x159 /usr/lib/gcc/arm-none-eabi/7.3.1/../../../arm-none-eabi/lib/thumb/v6-m/libc.a(lib_a-memchr-stub.o)
 .debug_line    0x00000b76      0x11a /usr/lib/gcc/arm-none-eabi/7.3.1/../../../arm-none-eabi/lib/thumb/v6-m/libc.a(lib_a-mlock.o)
 .debug_line    0x00000c90      0x1c0 /usr/lib/gcc/arm-none-eabi/7.3.1/../../../arm-none-eabi/lib/thumb/v6-m/libc.a(lib_a-refill.o)
 .debug_line    0x00000e50      0x132 /usr/lib/gcc/arm-none-eabi/7.3.1/../../../arm-none-eabi/lib/thumb/v6-m/libc.a(lib_a-sbrkr.o)
 .debug_line    0x00000f82      0x187 /usr/lib/gcc/arm-none-eabi/7.3.1/../../../arm-none-eabi/lib/thumb/v6-m/libc.a(lib_a-stdio.o)
 .debug_line    0x00001109       0xad /usr/lib/gcc/arm-none-eabi/7.3.1/../../../arm-none-eabi/lib/thumb/v6-m/libc.a(lib_a-strcmp.o)
 .debug_line    0x000011b6      0x146 /usr/lib/gcc/arm-none-eabi/7.3.1/../../../arm-none-eabi/lib/thumb/v6-m/libc.a(lib_a-strlen-stub.o)
 .debug_line    0x000012fc      0x12f /usr/lib/gcc/arm-none-eabi/7.3.1/../../../arm-none-eabi/lib/thumb/v6-m/libc.a(lib_a-writer.o)
 .debug_line    0x0000142b      0x133 /usr/lib/gcc/arm-none-eabi/7.3.1/../../../arm-none-eabi/lib/thumb/v6-m/libc.a(lib_a-closer.o)
 .debug_line    0x0000155e      0x175 /usr/lib/gcc/arm-none-eabi/7.3.1/../../../arm-none-eabi/lib/thumb/v6-m/libc.a(lib_a-fclose.o)
 .debug_line    0x000016d3      0x220 /usr/lib/gcc/arm-none-eabi/7.3.1/../../../arm-none-eabi/lib/thumb/v6-m/libc.a(lib_a-fflush.o)
 .debug_line    0x000018f3      0x200 /usr/lib/gcc/arm-none-eabi/7.3.1/../../../arm-none-eabi/lib/thumb/v6-m/libc.a(lib_a-freer.o)
 .debug_line    0x00001af3      0x12f /usr/lib/gcc/arm-none-eabi/7.3.1/../../../arm-none-eabi/lib/thumb/v6-m/libc.a(lib_a-lseekr.o)
 .debug_line    0x00001c22      0x216 /usr/lib/gcc/arm-none-eabi/7.3.1/../../../arm-none-eabi/lib/thumb/v6-m/libc.a(lib_a-makebuf.o)
 .debug_line    0x00001e38      0x12e /usr/lib/gcc/arm-none-eabi/7.3.1/../../../arm-none-eabi/lib/thumb/v6-m/libc.a(lib_a-readr.o)
 .debug_line    0x00001f66      0x14b /usr/lib/gcc/arm-none-eabi/7.3.1/../../../arm-none-eabi/lib/thumb/v6-m/libc.a(lib_a-reent.o)
 .debug_line    0x000020b1      0x1a6 /usr/lib/gcc/arm-none-eabi/7.3.1/../../../arm-none-eabi/lib/thumb/v6-m/libc.a(lib_a-fstatr.o)
 .debug_line    0x00002257      0x134 /usr/lib/gcc/arm-none-eabi/7.3.1/../../../arm-none-eabi/lib/thumb/v6-m/libc.a(lib_a-isattyr.o)
 .debug_line    0x0000238b       0xf0 /usr/lib/gcc/arm-none-eabi/7.3.1/../../../arm-none-eabi/lib/thumb/v6-m/libnosys.a(close.o)
 .debug_line    0x0000247b      0x18d /usr/lib/gcc/arm-none-eabi/7.3.1/../../../arm-none-eabi/lib/thumb/v6-m/libnosys.a(fstat.o)
 .debug_line    0x00002608       0xef /usr/lib/gcc/arm-none-eabi/7.3.1/../../../arm-none-eabi/lib/thumb/v6-m/libnosys.a(isatty.o)
 .debug_line    0x000026f7       0xf0 /usr/lib/gcc/arm-none-eabi/7.3.1/../../../arm-none-eabi/lib/thumb/v6-m/libnosys.a(lseek.o)

.debug_info     0x00000000    0x11a2e
 .debug_info    0x00000000       0x26 /usr/lib/gcc/arm-none-eabi/7.3.1/thumb/v6-m/libgcc.a(_dvmd_tls.o)
 .debug_info    0x00000026      0xc41 /usr/lib/gcc/arm-none-eabi/7.3.1/../../../arm-none-eabi/lib/thumb/v6-m/libc.a(lib_a-fgets.o)
 .debug_info    0x00000c67     0x1018 /usr/lib/gcc/arm-none-eabi/7.3.1/../../../arm-none-eabi/lib/thumb/v6-m/libc.a(lib_a-findfp.o)
 .debug_info    0x00001c7f      0xbd3 /usr/lib/gcc/arm-none-eabi/7.3.1/../../../arm-none-eabi/lib/thumb/v6-m/libc.a(lib_a-fwalk.o)
 .debug_info    0x00002852      0x8a9 /usr/lib/gcc/arm-none-eabi/7.3.1/../../../arm-none-eabi/lib/thumb/v6-m/libc.a(lib_a-impure.o)
 .debug_info    0x000030fb      0xde7 /usr/lib/gcc/arm-none-eabi/7.3.1/../../../arm-none-eabi/lib/thumb/v6-m/libc.a(lib_a-mallocr.o)
 .debug_info    0x00003ee2      0x939 /usr/lib/gcc/arm-none-eabi/7.3.1/../../../arm-none-eabi/lib/thumb/v6-m/libc.a(lib_a-memchr-stub.o)
 .debug_info    0x0000481b      0x8dc /usr/lib/gcc/arm-none-eabi/7.3.1/../../../arm-none-eabi/lib/thumb/v6-m/libc.a(lib_a-mlock.o)
 .debug_info    0x000050f7      0xc23 /usr/lib/gcc/arm-none-eabi/7.3.1/../../../arm-none-eabi/lib/thumb/v6-m/libc.a(lib_a-refill.o)
 .debug_info    0x00005d1a      0x95f /usr/lib/gcc/arm-none-eabi/7.3.1/../../../arm-none-eabi/lib/thumb/v6-m/libc.a(lib_a-sbrkr.o)
 .debug_info    0x00006679      0xd5c /usr/lib/gcc/arm-none-eabi/7.3.1/../../../arm-none-eabi/lib/thumb/v6-m/libc.a(lib_a-stdio.o)
 .debug_info    0x000073d5       0x26 /usr/lib/gcc/arm-none-eabi/7.3.1/../../../arm-none-eabi/lib/thumb/v6-m/libc.a(lib_a-strcmp.o)
 .debug_info    0x000073fb      0x8e2 /usr/lib/gcc/arm-none-eabi/7.3.1/../../../arm-none-eabi/lib/thumb/v6-m/libc.a(lib_a-strlen-stub.o)
 .debug_info    0x00007cdd      0x987 /usr/lib/gcc/arm-none-eabi/7.3.1/../../../arm-none-eabi/lib/thumb/v6-m/libc.a(lib_a-writer.o)
 .debug_info    0x00008664      0x93e /usr/lib/gcc/arm-none-eabi/7.3.1/../../../arm-none-eabi/lib/thumb/v6-m/libc.a(lib_a-closer.o)
 .debug_info    0x00008fa2      0xc13 /usr/lib/gcc/arm-none-eabi/7.3.1/../../../arm-none-eabi/lib/thumb/v6-m/libc.a(lib_a-fclose.o)
 .debug_info    0x00009bb5      0xca2 /usr/lib/gcc/arm-none-eabi/7.3.1/../../../arm-none-eabi/lib/thumb/v6-m/libc.a(lib_a-fflush.o)
 .debug_info    0x0000a857      0xc97 /usr/lib/gcc/arm-none-eabi/7.3.1/../../../arm-none-eabi/lib/thumb/v6-m/libc.a(lib_a-freer.o)
 .debug_info    0x0000b4ee      0x96a /usr/lib/gcc/arm-none-eabi/7.3.1/../../../arm-none-eabi/lib/thumb/v6-m/libc.a(lib_a-lseekr.o)
 .debug_info    0x0000be58      0xde5 /usr/lib/gcc/arm-none-eabi/7.3.1/../../../arm-none-eabi/lib/thumb/v6-m/libc.a(lib_a-makebuf.o)
 .debug_info    0x0000cc3d      0x980 /usr/lib/gcc/arm-none-eabi/7.3.1/../../../arm-none-eabi/lib/thumb/v6-m/libc.a(lib_a-readr.o)
 .debug_info    0x0000d5bd      0xa12 /usr/lib/gcc/arm-none-eabi/7.3.1/../../../arm-none-eabi/lib/thumb/v6-m/libc.a(lib_a-reent.o)
 .debug_info    0x0000dfcf      0xb5a /usr/lib/gcc/arm-none-eabi/7.3.1/../../../arm-none-eabi/lib/thumb/v6-m/libc.a(lib_a-fstatr.o)
 .debug_info    0x0000eb29      0x93e /usr/lib/gcc/arm-none-eabi/7.3.1/../../../arm-none-eabi/lib/thumb/v6-m/libc.a(lib_a-isattyr.o)
 .debug_info    0x0000f467      0x8e5 /usr/lib/gcc/arm-none-eabi/7.3.1/../../../arm-none-eabi/lib/thumb/v6-m/libnosys.a(close.o)
 .debug_info    0x0000fd4c      0xafc /usr/lib/gcc/arm-none-eabi/7.3.1/../../../arm-none-eabi/lib/thumb/v6-m/libnosys.a(fstat.o)
 .debug_info    0x00010848      0x8e5 /usr/lib/gcc/arm-none-eabi/7.3.1/../../../arm-none-eabi/lib/thumb/v6-m/libnosys.a(isatty.o)
 .debug_info    0x0001112d      0x901 /usr/lib/gcc/arm-none-eabi/7.3.1/../../../arm-none-eabi/lib/thumb/v6-m/libnosys.a(lseek.o)

.debug_abbrev   0x00000000     0x3922
 .debug_abbrev  0x00000000       0x14 /usr/lib/gcc/arm-none-eabi/7.3.1/thumb/v6-m/libgcc.a(_dvmd_tls.o)
 .debug_abbrev  0x00000014      0x267 /usr/lib/gcc/arm-none-eabi/7.3.1/../../../arm-none-eabi/lib/thumb/v6-m/libc.a(lib_a-fgets.o)
 .debug_abbrev  0x0000027b      0x3cb /usr/lib/gcc/arm-none-eabi/7.3.1/../../../arm-none-eabi/lib/thumb/v6-m/libc.a(lib_a-findfp.o)
 .debug_abbrev  0x00000646      0x215 /usr/lib/gcc/arm-none-eabi/7.3.1/../../../arm-none-eabi/lib/thumb/v6-m/libc.a(lib_a-fwalk.o)
 .debug_abbrev  0x0000085b      0x192 /usr/lib/gcc/arm-none-eabi/7.3.1/../../../arm-none-eabi/lib/thumb/v6-m/libc.a(lib_a-impure.o)
 .debug_abbrev  0x000009ed      0x2cd /usr/lib/gcc/arm-none-eabi/7.3.1/../../../arm-none-eabi/lib/thumb/v6-m/libc.a(lib_a-mallocr.o)
 .debug_abbrev  0x00000cba      0x1db /usr/lib/gcc/arm-none-eabi/7.3.1/../../../arm-none-eabi/lib/thumb/v6-m/libc.a(lib_a-memchr-stub.o)
 .debug_abbrev  0x00000e95      0x1d7 /usr/lib/gcc/arm-none-eabi/7.3.1/../../../arm-none-eabi/lib/thumb/v6-m/libc.a(lib_a-mlock.o)
 .debug_abbrev  0x0000106c      0x27e /usr/lib/gcc/arm-none-eabi/7.3.1/../../../arm-none-eabi/lib/thumb/v6-m/libc.a(lib_a-refill.o)
 .debug_abbrev  0x000012ea      0x215 /usr/lib/gcc/arm-none-eabi/7.3.1/../../../arm-none-eabi/lib/thumb/v6-m/libc.a(lib_a-sbrkr.o)
 .debug_abbrev  0x000014ff      0x25d /usr/lib/gcc/arm-none-eabi/7.3.1/../../../arm-none-eabi/lib/thumb/v6-m/libc.a(lib_a-stdio.o)
 .debug_abbrev  0x0000175c       0x14 /usr/lib/gcc/arm-none-eabi/7.3.1/../../../arm-none-eabi/lib/thumb/v6-m/libc.a(lib_a-strcmp.o)
 .debug_abbrev  0x00001770      0x1b8 /usr/lib/gcc/arm-none-eabi/7.3.1/../../../arm-none-eabi/lib/thumb/v6-m/libc.a(lib_a-strlen-stub.o)
 .debug_abbrev  0x00001928      0x1f6 /usr/lib/gcc/arm-none-eabi/7.3.1/../../../arm-none-eabi/lib/thumb/v6-m/libc.a(lib_a-writer.o)
 .debug_abbrev  0x00001b1e      0x1f1 /usr/lib/gcc/arm-none-eabi/7.3.1/../../../arm-none-eabi/lib/thumb/v6-m/libc.a(lib_a-closer.o)
 .debug_abbrev  0x00001d0f      0x2cb /usr/lib/gcc/arm-none-eabi/7.3.1/../../../arm-none-eabi/lib/thumb/v6-m/libc.a(lib_a-fclose.o)
 .debug_abbrev  0x00001fda      0x2c6 /usr/lib/gcc/arm-none-eabi/7.3.1/../../../arm-none-eabi/lib/thumb/v6-m/libc.a(lib_a-fflush.o)
 .debug_abbrev  0x000022a0      0x273 /usr/lib/gcc/arm-none-eabi/7.3.1/../../../arm-none-eabi/lib/thumb/v6-m/libc.a(lib_a-freer.o)
 .debug_abbrev  0x00002513      0x200 /usr/lib/gcc/arm-none-eabi/7.3.1/../../../arm-none-eabi/lib/thumb/v6-m/libc.a(lib_a-lseekr.o)
 .debug_abbrev  0x00002713      0x297 /usr/lib/gcc/arm-none-eabi/7.3.1/../../../arm-none-eabi/lib/thumb/v6-m/libc.a(lib_a-makebuf.o)
 .debug_abbrev  0x000029aa      0x1f1 /usr/lib/gcc/arm-none-eabi/7.3.1/../../../arm-none-eabi/lib/thumb/v6-m/libc.a(lib_a-readr.o)
 .debug_abbrev  0x00002b9b      0x273 /usr/lib/gcc/arm-none-eabi/7.3.1/../../../arm-none-eabi/lib/thumb/v6-m/libc.a(lib_a-reent.o)
 .debug_abbrev  0x00002e0e      0x200 /usr/lib/gcc/arm-none-eabi/7.3.1/../../../arm-none-eabi/lib/thumb/v6-m/libc.a(lib_a-fstatr.o)
 .debug_abbrev  0x0000300e      0x1f1 /usr/lib/gcc/arm-none-eabi/7.3.1/../../../arm-none-eabi/lib/thumb/v6-m/libc.a(lib_a-isattyr.o)
 .debug_abbrev  0x000031ff      0x1bd /usr/lib/gcc/arm-none-eabi/7.3.1/../../../arm-none-eabi/lib/thumb/v6-m/libnosys.a(close.o)
 .debug_abbrev  0x000033bc      0x1ce /usr/lib/gcc/arm-none-eabi/7.3.1/../../../arm-none-eabi/lib/thumb/v6-m/libnosys.a(fstat.o)
 .debug_abbrev  0x0000358a      0x1bd /usr/lib/gcc/arm-none-eabi/7.3.1/../../../arm-none-eabi/lib/thumb/v6-m/libnosys.a(isatty.o)
 .debug_abbrev  0x00003747      0x1db /usr/lib/gcc/arm-none-eabi/7.3.1/../../../arm-none-eabi/lib/thumb/v6-m/libnosys.a(lseek.o)

.debug_aranges  0x00000000      0x378
 .debug_aranges
                0x00000000       0x20 /usr/lib/gcc/arm-none-eabi/7.3.1/thumb/v6-m/libgcc.a(_dvmd_tls.o)
 .debug_aranges
                0x00000020       0x20 /usr/lib/gcc/arm-none-eabi/7.3.1/../../../arm-none-eabi/lib/thumb/v6-m/libc.a(lib_a-fgets.o)
 .debug_aranges
                0x00000040       0x20 /usr/lib/gcc/arm-none-eabi/7.3.1/../../../arm-none-eabi/lib/thumb/v6-m/libc.a(lib_a-findfp.o)
 .debug_aranges
                0x00000060       0x20 /usr/lib/gcc/arm-none-eabi/7.3.1/../../../arm-none-eabi/lib/thumb/v6-m/libc.a(lib_a-fwalk.o)
 .debug_aranges
                0x00000080       0x18 /usr/lib/gcc/arm-none-eabi/7.3.1/../../../arm-none-eabi/lib/thumb/v6-m/libc.a(lib_a-impure.o)
 .debug_aranges
                0x00000098       0x20 /usr/lib/gcc/arm-none-eabi/7.3.1/../../../arm-none-eabi/lib/thumb/v6-m/libc.a(lib_a-mallocr.o)
 .debug_aranges
                0x000000b8       0x20 /usr/lib/gcc/arm-none-eabi/7.3.1/../../../arm-none-eabi/lib/thumb/v6-m/libc.a(lib_a-memchr-stub.o)
 .debug_aranges
                0x000000d8       0x20 /usr/lib/gcc/arm-none-eabi/7.3.1/../../../arm-none-eabi/lib/thumb/v6-m/libc.a(lib_a-mlock.o)
 .debug_aranges
                0x000000f8       0x20 /usr/lib/gcc/arm-none-eabi/7.3.1/../../../arm-none-eabi/lib/thumb/v6-m/libc.a(lib_a-refill.o)
 .debug_aranges
                0x00000118       0x20 /usr/lib/gcc/arm-none-eabi/7.3.1/../../../arm-none-eabi/lib/thumb/v6-m/libc.a(lib_a-sbrkr.o)
 .debug_aranges
                0x00000138       0x20 /usr/lib/gcc/arm-none-eabi/7.3.1/../../../arm-none-eabi/lib/thumb/v6-m/libc.a(lib_a-stdio.o)
 .debug_aranges
                0x00000158       0x20 /usr/lib/gcc/arm-none-eabi/7.3.1/../../../arm-none-eabi/lib/thumb/v6-m/libc.a(lib_a-strcmp.o)
 .debug_aranges
                0x00000178       0x20 /usr/lib/gcc/arm-none-eabi/7.3.1/../../../arm-none-eabi/lib/thumb/v6-m/libc.a(lib_a-strlen-stub.o)
 .debug_aranges
                0x00000198       0x20 /usr/lib/gcc/arm-none-eabi/7.3.1/../../../arm-none-eabi/lib/thumb/v6-m/libc.a(lib_a-writer.o)
 .debug_aranges
                0x000001b8       0x20 /usr/lib/gcc/arm-none-eabi/7.3.1/../../../arm-none-eabi/lib/thumb/v6-m/libc.a(lib_a-closer.o)
 .debug_aranges
                0x000001d8       0x20 /usr/lib/gcc/arm-none-eabi/7.3.1/../../../arm-none-eabi/lib/thumb/v6-m/libc.a(lib_a-fclose.o)
 .debug_aranges
                0x000001f8       0x20 /usr/lib/gcc/arm-none-eabi/7.3.1/../../../arm-none-eabi/lib/thumb/v6-m/libc.a(lib_a-fflush.o)
 .debug_aranges
                0x00000218       0x20 /usr/lib/gcc/arm-none-eabi/7.3.1/../../../arm-none-eabi/lib/thumb/v6-m/libc.a(lib_a-freer.o)
 .debug_aranges
                0x00000238       0x20 /usr/lib/gcc/arm-none-eabi/7.3.1/../../../arm-none-eabi/lib/thumb/v6-m/libc.a(lib_a-lseekr.o)
 .debug_aranges
                0x00000258       0x20 /usr/lib/gcc/arm-none-eabi/7.3.1/../../../arm-none-eabi/lib/thumb/v6-m/libc.a(lib_a-makebuf.o)
 .debug_aranges
                0x00000278       0x20 /usr/lib/gcc/arm-none-eabi/7.3.1/../../../arm-none-eabi/lib/thumb/v6-m/libc.a(lib_a-readr.o)
 .debug_aranges
                0x00000298       0x20 /usr/lib/gcc/arm-none-eabi/7.3.1/../../../arm-none-eabi/lib/thumb/v6-m/libc.a(lib_a-reent.o)
 .debug_aranges
                0x000002b8       0x20 /usr/lib/gcc/arm-none-eabi/7.3.1/../../../arm-none-eabi/lib/thumb/v6-m/libc.a(lib_a-fstatr.o)
 .debug_aranges
                0x000002d8       0x20 /usr/lib/gcc/arm-none-eabi/7.3.1/../../../arm-none-eabi/lib/thumb/v6-m/libc.a(lib_a-isattyr.o)
 .debug_aranges
                0x000002f8       0x20 /usr/lib/gcc/arm-none-eabi/7.3.1/../../../arm-none-eabi/lib/thumb/v6-m/libnosys.a(close.o)
 .debug_aranges
                0x00000318       0x20 /usr/lib/gcc/arm-none-eabi/7.3.1/../../../arm-none-eabi/lib/thumb/v6-m/libnosys.a(fstat.o)
 .debug_aranges
                0x00000338       0x20 /usr/lib/gcc/arm-none-eabi/7.3.1/../../../arm-none-eabi/lib/thumb/v6-m/libnosys.a(isatty.o)
 .debug_aranges
                0x00000358       0x20 /usr/lib/gcc/arm-none-eabi/7.3.1/../../../arm-none-eabi/lib/thumb/v6-m/libnosys.a(lseek.o)

.debug_str      0x00000000     0x13b3
 .debug_str     0x00000000       0x9d /usr/lib/gcc/arm-none-eabi/7.3.1/thumb/v6-m/libgcc.a(_dvmd_tls.o)
 .debug_str     0x0000009d      0x64e /usr/lib/gcc/arm-none-eabi/7.3.1/../../../arm-none-eabi/lib/thumb/v6-m/libc.a(lib_a-fgets.o)
                                0x6ff (size before relaxing)
 .debug_str     0x000006eb      0x19d /usr/lib/gcc/arm-none-eabi/7.3.1/../../../arm-none-eabi/lib/thumb/v6-m/libc.a(lib_a-findfp.o)
                                0x846 (size before relaxing)
 .debug_str     0x00000888       0x3e /usr/lib/gcc/arm-none-eabi/7.3.1/../../../arm-none-eabi/lib/thumb/v6-m/libc.a(lib_a-fwalk.o)
                                0x6fa (size before relaxing)
 .debug_str     0x000008c6       0x83 /usr/lib/gcc/arm-none-eabi/7.3.1/../../../arm-none-eabi/lib/thumb/v6-m/libc.a(lib_a-impure.o)
                                0x584 (size before relaxing)
 .debug_str     0x00000949      0x270 /usr/lib/gcc/arm-none-eabi/7.3.1/../../../arm-none-eabi/lib/thumb/v6-m/libc.a(lib_a-mallocr.o)
                                0x7ec (size before relaxing)
 .debug_str     0x00000bb9       0xa5 /usr/lib/gcc/arm-none-eabi/7.3.1/../../../arm-none-eabi/lib/thumb/v6-m/libc.a(lib_a-memchr-stub.o)
                                0x5b4 (size before relaxing)
 .debug_str     0x00000c5e       0x49 /usr/lib/gcc/arm-none-eabi/7.3.1/../../../arm-none-eabi/lib/thumb/v6-m/libc.a(lib_a-mlock.o)
                                0x5b0 (size before relaxing)
 .debug_str     0x00000ca7       0x6b /usr/lib/gcc/arm-none-eabi/7.3.1/../../../arm-none-eabi/lib/thumb/v6-m/libc.a(lib_a-refill.o)
                                0x73d (size before relaxing)
 .debug_str     0x00000d12       0x44 /usr/lib/gcc/arm-none-eabi/7.3.1/../../../arm-none-eabi/lib/thumb/v6-m/libc.a(lib_a-sbrkr.o)
                                0x5c7 (size before relaxing)
 .debug_str     0x00000d56       0x8f /usr/lib/gcc/arm-none-eabi/7.3.1/../../../arm-none-eabi/lib/thumb/v6-m/libc.a(lib_a-stdio.o)
                                0x74e (size before relaxing)
 .debug_str     0x00000de5       0x40 /usr/lib/gcc/arm-none-eabi/7.3.1/../../../arm-none-eabi/lib/thumb/v6-m/libc.a(lib_a-strcmp.o)
                                 0x9b (size before relaxing)
 .debug_str     0x00000e25       0x58 /usr/lib/gcc/arm-none-eabi/7.3.1/../../../arm-none-eabi/lib/thumb/v6-m/libc.a(lib_a-strlen-stub.o)
                                0x5ad (size before relaxing)
 .debug_str     0x00000e7d       0x30 /usr/lib/gcc/arm-none-eabi/7.3.1/../../../arm-none-eabi/lib/thumb/v6-m/libc.a(lib_a-writer.o)
                                0x5c4 (size before relaxing)
 .debug_str     0x00000ead       0x30 /usr/lib/gcc/arm-none-eabi/7.3.1/../../../arm-none-eabi/lib/thumb/v6-m/libc.a(lib_a-closer.o)
                                0x5b4 (size before relaxing)
 .debug_str     0x00000edd       0x46 /usr/lib/gcc/arm-none-eabi/7.3.1/../../../arm-none-eabi/lib/thumb/v6-m/libc.a(lib_a-fclose.o)
                                0x71f (size before relaxing)
 .debug_str     0x00000f23       0x41 /usr/lib/gcc/arm-none-eabi/7.3.1/../../../arm-none-eabi/lib/thumb/v6-m/libc.a(lib_a-fflush.o)
                                0x736 (size before relaxing)
 .debug_str     0x00000f64       0x34 /usr/lib/gcc/arm-none-eabi/7.3.1/../../../arm-none-eabi/lib/thumb/v6-m/libc.a(lib_a-freer.o)
                                0x765 (size before relaxing)
 .debug_str     0x00000f98       0x37 /usr/lib/gcc/arm-none-eabi/7.3.1/../../../arm-none-eabi/lib/thumb/v6-m/libc.a(lib_a-lseekr.o)
                                0x5c2 (size before relaxing)
 .debug_str     0x00000fcf      0x172 /usr/lib/gcc/arm-none-eabi/7.3.1/../../../arm-none-eabi/lib/thumb/v6-m/libc.a(lib_a-makebuf.o)
                                0x884 (size before relaxing)
 .debug_str     0x00001141       0x2f /usr/lib/gcc/arm-none-eabi/7.3.1/../../../arm-none-eabi/lib/thumb/v6-m/libc.a(lib_a-readr.o)
                                0x5c2 (size before relaxing)
 .debug_str     0x00001170       0x5b /usr/lib/gcc/arm-none-eabi/7.3.1/../../../arm-none-eabi/lib/thumb/v6-m/libc.a(lib_a-reent.o)
                                0x5c0 (size before relaxing)
 .debug_str     0x000011cb       0x3d /usr/lib/gcc/arm-none-eabi/7.3.1/../../../arm-none-eabi/lib/thumb/v6-m/libc.a(lib_a-fstatr.o)
                                0x72b (size before relaxing)