Archive member included to satisfy reference by file (symbol)

/usr/lib/gcc/arm-none-eabi/7.3.1/thumb/v6-m/libgcc.a(_dvmd_tls.o)
                              CMakeFiles/ds18b20.dir/home/robin/pico/pico-sdk/src/rp2_common/pico_divider/divider.S.obj (__aeabi_idiv0)
/usr/lib/gcc/arm-none-eabi/7.3.1/../../../arm-none-eabi/lib/thumb/v6-m/libc.a(lib_a-atexit.o)
                              /usr/lib/gcc/arm-none-eabi/7.3.1/../../../arm-none-eabi/lib/thumb/v6-m/crt0.o (atexit)
/usr/lib/gcc/arm-none-eabi/7.3.1/../../../arm-none-eabi/lib/thumb/v6-m/libc.a(lib_a-calloc.o)
                              CMakeFiles/ds18b20.dir/home/robin/pico/pico-sdk/src/rp2_common/pico_malloc/pico_malloc.c.obj (calloc)
/usr/lib/gcc/arm-none-eabi/7.3.1/../../../arm-none-eabi/lib/thumb/v6-m/libc.a(lib_a-callocr.o)
                              /usr/lib/gcc/arm-none-eabi/7.3.1/../../../arm-none-eabi/lib/thumb/v6-m/libc.a(lib_a-calloc.o) (_calloc_r)
/usr/lib/gcc/arm-none-eabi/7.3.1/../../../arm-none-eabi/lib/thumb/v6-m/libc.a(lib_a-fini.o)
                              /usr/lib/gcc/arm-none-eabi/7.3.1/../../../arm-none-eabi/lib/thumb/v6-m/crt0.o (__libc_fini_array)
/usr/lib/gcc/arm-none-eabi/7.3.1/../../../arm-none-eabi/lib/thumb/v6-m/libc.a(lib_a-impure.o)
                              /usr/lib/gcc/arm-none-eabi/7.3.1/../../../arm-none-eabi/lib/thumb/v6-m/libc.a(lib_a-calloc.o) (_impure_ptr)
/usr/lib/gcc/arm-none-eabi/7.3.1/../../../arm-none-eabi/lib/thumb/v6-m/libc.a(lib_a-init.o)
                              /usr/lib/gcc/arm-none-eabi/7.3.1/../../../arm-none-eabi/lib/thumb/v6-m/crt0.o (__libc_init_array)
/usr/lib/gcc/arm-none-eabi/7.3.1/../../../arm-none-eabi/lib/thumb/v6-m/libc.a(lib_a-malloc.o)
                              CMakeFiles/ds18b20.dir/home/robin/pico/pico-sdk/src/rp2_common/pico_malloc/pico_malloc.c.obj (malloc)
/usr/lib/gcc/arm-none-eabi/7.3.1/../../../arm-none-eabi/lib/thumb/v6-m/libc.a(lib_a-mallocr.o)
                              /usr/lib/gcc/arm-none-eabi/7.3.1/../../../arm-none-eabi/lib/thumb/v6-m/libc.a(lib_a-callocr.o) (_malloc_r)
/usr/lib/gcc/arm-none-eabi/7.3.1/../../../arm-none-eabi/lib/thumb/v6-m/libc.a(lib_a-memmove.o)
                              CMakeFiles/ds18b20.dir/one_wire.cpp.obj (memmove)
/usr/lib/gcc/arm-none-eabi/7.3.1/../../../arm-none-eabi/lib/thumb/v6-m/libc.a(lib_a-mlock.o)
                              /usr/lib/gcc/arm-none-eabi/7.3.1/../../../arm-none-eabi/lib/thumb/v6-m/libc.a(lib_a-mallocr.o) (__malloc_lock)
/usr/lib/gcc/arm-none-eabi/7.3.1/../../../arm-none-eabi/lib/thumb/v6-m/libc.a(lib_a-sbrkr.o)
                              /usr/lib/gcc/arm-none-eabi/7.3.1/../../../arm-none-eabi/lib/thumb/v6-m/libc.a(lib_a-mallocr.o) (_sbrk_r)
/usr/lib/gcc/arm-none-eabi/7.3.1/../../../arm-none-eabi/lib/thumb/v6-m/libc.a(lib_a-strlen-stub.o)
                              CMakeFiles/ds18b20.dir/home/robin/pico/pico-sdk/src/rp2_common/pico_stdio/stdio.c.obj (strlen)
/usr/lib/gcc/arm-none-eabi/7.3.1/../../../arm-none-eabi/lib/thumb/v6-m/libc.a(lib_a-strncpy.o)
                              CMakeFiles/ds18b20.dir/one_wire.cpp.obj (strncpy)
/usr/lib/gcc/arm-none-eabi/7.3.1/../../../arm-none-eabi/lib/thumb/v6-m/libc.a(lib_a-strtol.o)
                              CMakeFiles/ds18b20.dir/one_wire.cpp.obj (strtol)
/usr/lib/gcc/arm-none-eabi/7.3.1/../../../arm-none-eabi/lib/thumb/v6-m/libc.a(lib_a-__atexit.o)
                              /usr/lib/gcc/arm-none-eabi/7.3.1/../../../arm-none-eabi/lib/thumb/v6-m/libc.a(lib_a-atexit.o) (__register_exitproc)
/usr/lib/gcc/arm-none-eabi/7.3.1/../../../arm-none-eabi/lib/thumb/v6-m/libc.a(lib_a-ctype_.o)
                              /usr/lib/gcc/arm-none-eabi/7.3.1/../../../arm-none-eabi/lib/thumb/v6-m/libc.a(lib_a-strtol.o) (_ctype_)
/usr/lib/gcc/arm-none-eabi/7.3.1/../../../arm-none-eabi/lib/thumb/v6-m/libc.a(lib_a-freer.o)
                              /usr/lib/gcc/arm-none-eabi/7.3.1/../../../arm-none-eabi/lib/thumb/v6-m/libc.a(lib_a-malloc.o) (_free_r)
/usr/lib/gcc/arm-none-eabi/7.3.1/../../../arm-none-eabi/lib/thumb/v6-m/libc.a(lib_a-reent.o)
                              /usr/lib/gcc/arm-none-eabi/7.3.1/../../../arm-none-eabi/lib/thumb/v6-m/libc.a(lib_a-sbrkr.o) (errno)

Allocating common symbols
Common symbol       size              file

sf_table            0x100             CMakeFiles/ds18b20.dir/home/robin/pico/pico-sdk/src/rp2_common/pico_float/float_init_rom.c.obj
errno               0x4               /usr/lib/gcc/arm-none-eabi/7.3.1/../../../arm-none-eabi/lib/thumb/v6-m/libc.a(lib_a-reent.o)
_usbd_qdef_buf      0xc0              CMakeFiles/ds18b20.dir/home/robin/pico/pico-sdk/lib/tinyusb/src/device/usbd.c.obj
sf_clz_func         0x4               CMakeFiles/ds18b20.dir/home/robin/pico/pico-sdk/src/rp2_common/pico_float/float_init_rom.c.obj
sd_table            0x100             CMakeFiles/ds18b20.dir/home/robin/pico/pico-sdk/src/rp2_common/pico_double/double_init_rom.c.obj
uart_char_to_line_feed
[...]
Memory Configuration

Name             Origin             Length             Attributes
FLASH            0x10000000         0x00200000         xr
RAM              0x20000000         0x00040000         xrw
SCRATCH_X        0x20040000         0x00001000         xrw
SCRATCH_Y        0x20041000         0x00001000         xrw
*default*        0x00000000         0xffffffff

Linker script and memory map

LOAD /usr/lib/gcc/arm-none-eabi/7.3.1/thumb/v6-m/crti.o
LOAD /usr/lib/gcc/arm-none-eabi/7.3.1/thumb/v6-m/crtbegin.o
LOAD /usr/lib/gcc/arm-none-eabi/7.3.1/../../../arm-none-eabi/lib/thumb/v6-m/crt0.o

.flash_begin    0x10000000        0x0
                0x10000000                __flash_binary_start = .

.boot2          0x10000000      0x100
                0x10000000                __boot2_start__ = .
 *(.boot2)
 .boot2         0x10000000      0x100 /tmp/ccmI0oIU.o
                0x10000100                __boot2_end__ = .
                0x00000001                ASSERT (((__boot2_end__ - __boot2_start__) == 0x100), ERROR: Pico second stage bootloader must be 256 bytes in size)

.text           0x10000100     0x99b0
                0x10000100                __logical_binary_start = .
 *(.vectors)
 .vectors       0x10000100       0xd4 CMakeFiles/ds18b20.dir/home/robin/pico/pico-sdk/src/rp2_common/pico_standard_link/crt0.S.obj
                0x10000100                __vectors
                0x10000100                __VECTOR_TABLE
                0x100001c0                isr_invalid
                0x100001c0                __default_isrs_start
                0x100001c2                isr_nmi
                0x100001c4                isr_hardfault
                0x100001c6                isr_svcall
                0x100001c8                isr_pendsv
                0x100001ca                isr_systick
                0x100001cc                isr_irq30
                0x100001cc                __unhandled_user_irq
                0x100001cc                isr_irq13
                0x100001cc                isr_irq27
                0x100001cc                isr_irq31
                0x100001cc                isr_irq5
                0x100001cc                isr_irq11
                0x100001cc                isr_irq23
                0x100001cc                isr_irq18
                0x100001cc                isr_irq28
                0x100001cc                isr_irq19
                0x100001cc                isr_irq0
                0x100001cc                isr_irq6
                0x100001cc                isr_irq22
                0x100001cc                isr_irq17
                0x100001cc                isr_irq14
                0x100001cc                isr_irq2
                0x100001cc                isr_irq10
                0x100001cc                isr_irq8
                0x100001cc                isr_irq24
                0x100001cc                isr_irq1
                0x100001cc                isr_irq7
                0x100001cc                isr_irq21
                0x100001cc                isr_irq20
                0x100001cc                isr_irq15
                0x100001cc                isr_irq25
                0x100001cc                isr_irq4
                0x100001cc                isr_irq16
                0x100001cc                isr_irq29
                0x100001cc                isr_irq26
                0x100001cc                __default_isrs_end
                0x100001cc                isr_irq3
                0x100001cc                isr_irq12
                0x100001cc                isr_irq9
                0x100001d2                unhandled_user_irq_num_in_r0
 *(.binary_info_header)
 .binary_info_header
                0x100001d4       0x14 CMakeFiles/ds18b20.dir/home/robin/pico/pico-sdk/src/rp2_common/pico_standard_link/crt0.S.obj
                0x100001e8                __binary_info_header_end = .
 *(.reset)
 .reset         0x100001e8       0xa8 CMakeFiles/ds18b20.dir/home/robin/pico/pico-sdk/src/rp2_common/pico_standard_link/crt0.S.obj
                0x100001e8                _entry_point
                0x10000266                __get_current_exception
 .reset         0x10000290       0x30 CMakeFiles/ds18b20.dir/home/robin/pico/pico-sdk/src/rp2_common/pico_standard_link/binary_info.c.obj
 *(.init)
 .init          0x100002c0        0x4 /usr/lib/gcc/arm-none-eabi/7.3.1/thumb/v6-m/crti.o
                0x100002c0                _init
 *(EXCLUDE_FILE(*libm.a: *libc.a:*lib_a-mem*.o *libgcc.a:) .text*)
 .text          0x100002c4       0x98 /usr/lib/gcc/arm-none-eabi/7.3.1/thumb/v6-m/crtbegin.o
 .text.startup.main
                0x1000035c       0xec CMakeFiles/ds18b20.dir/ds18b20.cpp.obj
                0x1000035c                main
 .text._ZN8One_wireC2Ejjb
                0x10000448       0x24 CMakeFiles/ds18b20.dir/one_wire.cpp.obj
                0x10000448                One_wire::One_wire(unsigned int, unsigned int, bool)
                0x10000448                One_wire::One_wire(unsigned int, unsigned int, bool)
 .text._ZN8One_wire4initEv
                0x1000046c      0x19c CMakeFiles/ds18b20.dir/one_wire.cpp.obj
                0x1000046c                One_wire::init()
 .text._ZN8One_wireD2Ev
                0x10000608        0xc CMakeFiles/ds18b20.dir/one_wire.cpp.obj
                0x10000608                One_wire::~One_wire()
                0x10000608                One_wire::~One_wire()
 .text._ZN8One_wire11get_addressEi
                0x10000614       0x10 CMakeFiles/ds18b20.dir/one_wire.cpp.obj
                0x10000614                One_wire::get_address(int)
 .text._ZN8One_wire9match_romER13rom_address_t
                0x10000624      0x154 CMakeFiles/ds18b20.dir/one_wire.cpp.obj
                0x10000624                One_wire::match_rom(rom_address_t&)
 .text._ZN8One_wire19convert_temperatureER13rom_address_tbb
                0x10000778      0x228 CMakeFiles/ds18b20.dir/one_wire.cpp.obj
                0x10000778                One_wire::convert_temperature(rom_address_t&, bool, bool)
 .text._ZN8One_wire16read_scratch_padER13rom_address_t
                0x100009a0      0x11c CMakeFiles/ds18b20.dir/one_wire.cpp.obj
                0x100009a0                One_wire::read_scratch_pad(rom_address_t&)
 .text._ZN8One_wire11temperatureER13rom_address_tb
                0x10000abc      0x274 CMakeFiles/ds18b20.dir/one_wire.cpp.obj
                0x10000abc                One_wire::temperature(rom_address_t&, bool)
 .text._ZNSt6vectorI13rom_address_tSaIS0_EE17_M_realloc_insertIJRKS0_EEEvN9__gnu_cxx17__normal_iteratorIPS0_S2_EEDpOT_
                0x10000d30       0xb8 CMakeFiles/ds18b20.dir/one_wire.cpp.obj
                0x10000d30                void std::vector<rom_address_t, std::allocator<rom_address_t> >::_M_realloc_insert<rom_address_t const&>(__gnu_cxx::__normal_iterator<rom_address_t*, std::vector<rom_address_t, std::allocator<rom_address_t> > >, rom_address_t const&)
 .text._ZN8One_wire20search_rom_find_nextEv
                0x10000de8      0x50c CMakeFiles/ds18b20.dir/one_wire.cpp.obj
                0x10000de8                One_wire::search_rom_find_next()
 .text._ZN8One_wire29find_and_count_devices_on_busEv
                0x100012f4       0x20 CMakeFiles/ds18b20.dir/one_wire.cpp.obj
                0x100012f4                One_wire::find_and_count_devices_on_bus()
 .text.startup._GLOBAL__sub_I_found_addresses
                0x10001314       0x10 CMakeFiles/ds18b20.dir/one_wire.cpp.obj
 .text.gpio_set_pulls
                0x10001324       0x34 CMakeFiles/ds18b20.dir/home/robin/pico/pico-sdk/src/rp2_common/hardware_gpio/gpio.c.obj
                0x10001324                gpio_set_pulls
 .text.gpio_init
                0x10001358       0x3c CMakeFiles/ds18b20.dir/home/robin/pico/pico-sdk/src/rp2_common/hardware_gpio/gpio.c.obj
                0x10001358                gpio_init
 .text.hw_claim_or_assert
                0x10001394       0x44 CMakeFiles/ds18b20.dir/home/robin/pico/pico-sdk/src/rp2_common/hardware_claim/claim.c.obj
                0x10001394                hw_claim_or_assert
 .text.hw_claim_unused_from_range
                0x100013d8       0x9c CMakeFiles/ds18b20.dir/home/robin/pico/pico-sdk/src/rp2_common/hardware_claim/claim.c.obj
                0x100013d8                hw_claim_unused_from_range
 .text.running_on_fpga
                0x10001474       0x10 CMakeFiles/ds18b20.dir/home/robin/pico/pico-sdk/src/rp2_common/pico_platform/platform.c.obj
                0x10001474                running_on_fpga
 .text.spin_locks_reset
                0x10001484       0x1c CMakeFiles/ds18b20.dir/home/robin/pico/pico-sdk/src/rp2_common/hardware_sync/sync.c.obj
                0x10001484                spin_locks_reset
 .text.next_striped_spin_lock_num
                0x100014a0       0x18 CMakeFiles/ds18b20.dir/home/robin/pico/pico-sdk/src/rp2_common/hardware_sync/sync.c.obj
                0x100014a0                next_striped_spin_lock_num
 .text.spin_lock_claim_unused
                0x100014b8       0x20 CMakeFiles/ds18b20.dir/home/robin/pico/pico-sdk/src/rp2_common/hardware_sync/sync.c.obj
                0x100014b8                spin_lock_claim_unused
 .text.timer_pool_entry_comparator
                0x100014d8       0x34 CMakeFiles/ds18b20.dir/home/robin/pico/pico-sdk/src/common/pico_time/time.c.obj
                0x100014d8                timer_pool_entry_comparator
 .text.sleep_until_callback
                0x1000150c       0x30 CMakeFiles/ds18b20.dir/home/robin/pico/pico-sdk/src/common/pico_time/time.c.obj
 .text.add_alarm_under_lock
                0x1000153c      0x120 CMakeFiles/ds18b20.dir/home/robin/pico/pico-sdk/src/common/pico_time/time.c.obj
 .text.alarm_pool_alarm_callback
                0x1000165c      0x1dc CMakeFiles/ds18b20.dir/home/robin/pico/pico-sdk/src/common/pico_time/time.c.obj
 .text.alarm_pool_init_default
                0x10001838       0x64 CMakeFiles/ds18b20.dir/home/robin/pico/pico-sdk/src/common/pico_time/time.c.obj
                0x10001838                alarm_pool_init_default
 .text.alarm_pool_get_default
                0x1000189c        0x8 CMakeFiles/ds18b20.dir/home/robin/pico/pico-sdk/src/common/pico_time/time.c.obj
                0x1000189c                alarm_pool_get_default
 .text.alarm_pool_add_alarm_at
                0x100018a4      0x1ac CMakeFiles/ds18b20.dir/home/robin/pico/pico-sdk/src/common/pico_time/time.c.obj
                0x100018a4                alarm_pool_add_alarm_at
 .text.sleep_until
                0x10001a50      0x1ec CMakeFiles/ds18b20.dir/home/robin/pico/pico-sdk/src/common/pico_time/time.c.obj
                0x10001a50                sleep_until
 .text.sleep_us
                0x10001c3c       0x30 CMakeFiles/ds18b20.dir/home/robin/pico/pico-sdk/src/common/pico_time/time.c.obj
                0x10001c3c                sleep_us
 .text.sleep_ms
                0x10001c6c       0x38 CMakeFiles/ds18b20.dir/home/robin/pico/pico-sdk/src/common/pico_time/time.c.obj
                0x10001c6c                sleep_ms
 .text.best_effort_wfe_or_timeout
                0x10001ca4      0x1b4 CMakeFiles/ds18b20.dir/home/robin/pico/pico-sdk/src/common/pico_time/time.c.obj
                0x10001ca4                best_effort_wfe_or_timeout
 .text.hardware_alarm_irq_handler
                0x10001e58       0xb0 CMakeFiles/ds18b20.dir/home/robin/pico/pico-sdk/src/rp2_common/hardware_timer/timer.c.obj
 .text.hardware_alarm_claim
                0x10001f08       0x18 CMakeFiles/ds18b20.dir/home/robin/pico/pico-sdk/src/rp2_common/hardware_timer/timer.c.obj
                0x10001f08                hardware_alarm_claim
 .text.time_us_64
                0x10001f20       0x18 CMakeFiles/ds18b20.dir/home/robin/pico/pico-sdk/src/rp2_common/hardware_timer/timer.c.obj
                0x10001f20                time_us_64
 .text.busy_wait_until
                0x10001f38       0x20 CMakeFiles/ds18b20.dir/home/robin/pico/pico-sdk/src/rp2_common/hardware_timer/timer.c.obj
                0x10001f38                busy_wait_until
 .text.hardware_alarm_set_callback
                0x10001f58       0x8c CMakeFiles/ds18b20.dir/home/robin/pico/pico-sdk/src/rp2_common/hardware_timer/timer.c.obj
                0x10001f58                hardware_alarm_set_callback
 .text.hardware_alarm_set_target
                0x10001fe4       0xd8 CMakeFiles/ds18b20.dir/home/robin/pico/pico-sdk/src/rp2_common/hardware_timer/timer.c.obj
                0x10001fe4                hardware_alarm_set_target
 .text.hardware_alarm_cancel
                0x100020bc       0x40 CMakeFiles/ds18b20.dir/home/robin/pico/pico-sdk/src/rp2_common/hardware_timer/timer.c.obj
                0x100020bc                hardware_alarm_cancel
 .text.lock_init
                0x100020fc       0x10 CMakeFiles/ds18b20.dir/home/robin/pico/pico-sdk/src/common/pico_sync/lock_core.c.obj
                0x100020fc                lock_init
 .text.mutex_init
                0x1000210c       0x1c CMakeFiles/ds18b20.dir/home/robin/pico/pico-sdk/src/common/pico_sync/mutex.c.obj
                0x1000210c                mutex_init
 .text.recursive_mutex_init
                0x10002128       0x1c CMakeFiles/ds18b20.dir/home/robin/pico/pico-sdk/src/common/pico_sync/mutex.c.obj
                0x10002128                recursive_mutex_init
 .text.critical_section_init
                0x10002144       0x20 CMakeFiles/ds18b20.dir/home/robin/pico/pico-sdk/src/common/pico_sync/critical_section.c.obj
                0x10002144                critical_section_init
 .text.ph_merge_two_pass.part.3
                0x10002164       0xcc CMakeFiles/ds18b20.dir/home/robin/pico/pico-sdk/src/common/pico_util/pheap.c.obj
 .text.ph_post_alloc_init
                0x10002230       0x3c CMakeFiles/ds18b20.dir/home/robin/pico/pico-sdk/src/common/pico_util/pheap.c.obj
                0x10002230                ph_post_alloc_init
 .text.ph_remove_head
                0x1000226c      0x158 CMakeFiles/ds18b20.dir/home/robin/pico/pico-sdk/src/common/pico_util/pheap.c.obj
                0x1000226c                ph_remove_head
 .text.ph_remove_and_free_node
                0x100023c4      0x340 CMakeFiles/ds18b20.dir/home/robin/pico/pico-sdk/src/common/pico_util/pheap.c.obj
                0x100023c4                ph_remove_and_free_node
 .text.runtime_init
                0x10002704      0x100 CMakeFiles/ds18b20.dir/home/robin/pico/pico-sdk/src/rp2_common/pico_runtime/runtime.c.obj
                0x10002704                runtime_init
 .text._sbrk    0x10002804       0x34 CMakeFiles/ds18b20.dir/home/robin/pico/pico-sdk/src/rp2_common/pico_runtime/runtime.c.obj
                0x10002804                _sbrk
 .text.exit     0x10002838        0x4 CMakeFiles/ds18b20.dir/home/robin/pico/pico-sdk/src/rp2_common/pico_runtime/runtime.c.obj
                0x10002838                exit
 .text.panic    0x1000283c       0x30 CMakeFiles/ds18b20.dir/home/robin/pico/pico-sdk/src/rp2_common/pico_runtime/runtime.c.obj
                0x1000283c                panic
 .text.hard_assertion_failure
                0x1000286c        0xc CMakeFiles/ds18b20.dir/home/robin/pico/pico-sdk/src/rp2_common/pico_runtime/runtime.c.obj
                0x1000286c                hard_assertion_failure
 .text.clocks_init
                0x10002878      0x2c8 CMakeFiles/ds18b20.dir/home/robin/pico/pico-sdk/src/rp2_common/hardware_clocks/clocks.c.obj
                0x10002878                clocks_init
 .text.irq_set_enabled
                0x10002b40       0x24 CMakeFiles/ds18b20.dir/home/robin/pico/pico-sdk/src/rp2_common/hardware_irq/irq.c.obj
                0x10002b40                irq_set_enabled
 .text.irq_set_pending
                0x10002b64       0x10 CMakeFiles/ds18b20.dir/home/robin/pico/pico-sdk/src/rp2_common/hardware_irq/irq.c.obj
                0x10002b64                irq_set_pending
 .text.irq_get_vtable_handler
                0x10002b74       0x10 CMakeFiles/ds18b20.dir/home/robin/pico/pico-sdk/src/rp2_common/hardware_irq/irq.c.obj
                0x10002b74                irq_get_vtable_handler
 .text.irq_set_exclusive_handler
                0x10002b84       0x54 CMakeFiles/ds18b20.dir/home/robin/pico/pico-sdk/src/rp2_common/hardware_irq/irq.c.obj
                0x10002b84                irq_set_exclusive_handler
 .text.irq_remove_handler
                0x10002bd8      0x1bc CMakeFiles/ds18b20.dir/home/robin/pico/pico-sdk/src/rp2_common/hardware_irq/irq.c.obj
                0x10002bd8                irq_remove_handler
 .text.irq_add_tail_to_free_list
                0x10002d94       0xb4 CMakeFiles/ds18b20.dir/home/robin/pico/pico-sdk/src/rp2_common/hardware_irq/irq.c.obj
                0x10002d94                irq_add_tail_to_free_list
 .text.irq_init_priorities
                0x10002e48       0x38 CMakeFiles/ds18b20.dir/home/robin/pico/pico-sdk/src/rp2_common/hardware_irq/irq.c.obj
                0x10002e48                irq_init_priorities
 .text.pll_init
                0x10002e80       0xa4 CMakeFiles/ds18b20.dir/home/robin/pico/pico-sdk/src/rp2_common/hardware_pll/pll.c.obj
                0x10002e80                pll_init
 .text.watchdog_start_tick
                0x10002f24       0x10 CMakeFiles/ds18b20.dir/home/robin/pico/pico-sdk/src/rp2_common/hardware_watchdog/watchdog.c.obj
                0x10002f24                watchdog_start_tick
 .text.watchdog_reboot
                0x10002f34       0x94 CMakeFiles/ds18b20.dir/home/robin/pico/pico-sdk/src/rp2_common/hardware_watchdog/watchdog.c.obj
                0x10002f34                watchdog_reboot
 .text.xosc_init
                0x10002fc8       0x28 CMakeFiles/ds18b20.dir/home/robin/pico/pico-sdk/src/rp2_common/hardware_xosc/xosc.c.obj
                0x10002fc8                xosc_init
 .text._out_null
                0x10002ff0        0x4 CMakeFiles/ds18b20.dir/home/robin/pico/pico-sdk/src/rp2_common/pico_printf/printf.c.obj
 .text._out_fct
                0x10002ff4       0x10 CMakeFiles/ds18b20.dir/home/robin/pico/pico-sdk/src/rp2_common/pico_printf/printf.c.obj
 .text._out_char
                0x10003004        0xc CMakeFiles/ds18b20.dir/home/robin/pico/pico-sdk/src/rp2_common/pico_printf/printf.c.obj
 .text._ntoa_format
                0x10003010      0x270 CMakeFiles/ds18b20.dir/home/robin/pico/pico-sdk/src/rp2_common/pico_printf/printf.c.obj
 .text._etoa.part.0
                0x10003280      0x56c CMakeFiles/ds18b20.dir/home/robin/pico/pico-sdk/src/rp2_common/pico_printf/printf.c.obj
 .text._ftoa    0x100037ec      0x6f8 CMakeFiles/ds18b20.dir/home/robin/pico/pico-sdk/src/rp2_common/pico_printf/printf.c.obj
 .text._ftoa.part.1
                0x10003ee4      0x54c CMakeFiles/ds18b20.dir/home/robin/pico/pico-sdk/src/rp2_common/pico_printf/printf.c.obj
 .text._vsnprintf
                0x10004430     0x11e0 CMakeFiles/ds18b20.dir/home/robin/pico/pico-sdk/src/rp2_common/pico_printf/printf.c.obj
 .text.vfctprintf
                0x10005610       0x20 CMakeFiles/ds18b20.dir/home/robin/pico/pico-sdk/src/rp2_common/pico_printf/printf.c.obj
                0x10005610                vfctprintf
 .text.weak_raw_vprintf
                0x10005630       0x30 CMakeFiles/ds18b20.dir/home/robin/pico/pico-sdk/src/rp2_common/pico_printf/printf.c.obj
                0x10005630                weak_raw_vprintf
 .text          0x10005660       0x10 CMakeFiles/ds18b20.dir/home/robin/pico/pico-sdk/src/rp2_common/pico_bit_ops/bit_ops_aeabi.S.obj
 .text.rom_func_lookup
                0x10005670       0x10 CMakeFiles/ds18b20.dir/home/robin/pico/pico-sdk/src/rp2_common/pico_bootrom/bootrom.c.obj
                0x10005670                rom_func_lookup
 .text.rom_data_lookup
                0x10005680       0x10 CMakeFiles/ds18b20.dir/home/robin/pico/pico-sdk/src/rp2_common/pico_bootrom/bootrom.c.obj
                0x10005680                rom_data_lookup
 .text.rom_funcs_lookup
                0x10005690       0x3c CMakeFiles/ds18b20.dir/home/robin/pico/pico-sdk/src/rp2_common/pico_bootrom/bootrom.c.obj
                0x10005690                rom_funcs_lookup
 .text.__wrap___aeabi_idiv
                0x100056cc       0x50 CMakeFiles/ds18b20.dir/home/robin/pico/pico-sdk/src/rp2_common/pico_divider/divider.S.obj
                0x100056cc                __wrap___aeabi_idivmod
                0x100056cc                divmod_s32s32
                0x100056cc                div_s32s32
                0x100056cc                __wrap___aeabi_idiv
                0x100056d4                divmod_s32s32_unsafe
                0x10005700                divmod_s32s32_savestate
 .text.__wrap___aeabi_uidiv
                0x1000571c       0x4c CMakeFiles/ds18b20.dir/home/robin/pico/pico-sdk/src/rp2_common/pico_divider/divider.S.obj
                0x1000571c                __wrap___aeabi_uidiv
                0x1000571c                __wrap___aeabi_uidivmod
                0x1000571c                div_u32u32
                0x1000571c                divmod_u32u32
                0x10005724                divmod_u32u32_unsafe
                0x1000574c                divmod_u32u32_savestate
 .text.__wrap___aeabi_ldiv
                0x10005768      0x430 CMakeFiles/ds18b20.dir/home/robin/pico/pico-sdk/src/rp2_common/pico_divider/divider.S.obj
                0x10005768                div_s64s64
                0x10005768                divmod_s64s64
                0x10005768                __wrap___aeabi_ldivmod
                0x100057a0                div_u64u64
                0x100057a0                divmod_u64u64
                0x100057a0                __wrap___aeabi_uldivmod
                0x100057b0                divmod_u64u64_savestate
                0x100057d8                divmod_s64s64_unsafe
                0x10005860                divmod_u64u64_unsafe
 .text.__wrap___aeabi_darithmetic
                0x10005b98       0x80 CMakeFiles/ds18b20.dir/home/robin/pico/pico-sdk/src/rp2_common/pico_double/double_aeabi.S.obj
                0x10005b98                __wrap___aeabi_drsub
                0x10005b9e                __wrap___aeabi_dsub
                0x10005bb0                __wrap___aeabi_dadd
                0x10005bc2                __wrap___aeabi_ddiv
                0x10005bfe                __wrap___aeabi_dmul
 .text.__wrap___aeabi_cdcmple
                0x10005c18       0x6c CMakeFiles/ds18b20.dir/home/robin/pico/pico-sdk/src/rp2_common/pico_double/double_aeabi.S.obj
                0x10005c18                __wrap___aeabi_cdrcmple
                0x10005c28                __wrap___aeabi_cdcmple
                0x10005c28                __wrap___aeabi_cdcmpeq
 .text.__wrap___aeabi_dcmplt
                0x10005c84        0xc CMakeFiles/ds18b20.dir/home/robin/pico/pico-sdk/src/rp2_common/pico_double/double_aeabi.S.obj
                0x10005c84                __wrap___aeabi_dcmplt
 .text.__wrap___aeabi_dcmpge
                0x10005c90       0x10 CMakeFiles/ds18b20.dir/home/robin/pico/pico-sdk/src/rp2_common/pico_double/double_aeabi.S.obj
                0x10005c90                __wrap___aeabi_dcmpge
 .text.__wrap___aeabi_dcmpgt
                0x10005ca0        0xa CMakeFiles/ds18b20.dir/home/robin/pico/pico-sdk/src/rp2_common/pico_double/double_aeabi.S.obj
                0x10005ca0                __wrap___aeabi_dcmpgt
 .text.__wrap___aeabi_dcmpun
                0x10005caa       0x1c CMakeFiles/ds18b20.dir/home/robin/pico/pico-sdk/src/rp2_common/pico_double/double_aeabi.S.obj
                0x10005caa                __wrap___aeabi_dcmpun
 *fill*         0x10005cc6        0x2 
 .text.__wrap___aeabi_i2d
                0x10005cc8       0x38 CMakeFiles/ds18b20.dir/home/robin/pico/pico-sdk/src/rp2_common/pico_double/double_aeabi.S.obj
                0x10005cc8                __wrap___aeabi_ui2d
                0x10005cd0                __wrap___aeabi_i2d
 .text.__wrap___aeabi_d2iz
                0x10005d00       0x48 CMakeFiles/ds18b20.dir/home/robin/pico/pico-sdk/src/rp2_common/pico_double/double_aeabi.S.obj
                0x10005d00                __wrap___aeabi_d2iz
                0x10005d00                double2int_z
 .text.__wrap___aeabi_d2uiz
                0x10005d48       0x18 CMakeFiles/ds18b20.dir/home/robin/pico/pico-sdk/src/rp2_common/pico_double/double_aeabi.S.obj
                0x10005d48                double2uint
                0x10005d48                __wrap___aeabi_d2uiz
 .text.__aeabi_double_init
                0x10005d60       0x4c CMakeFiles/ds18b20.dir/home/robin/pico/pico-sdk/src/rp2_common/pico_double/double_init_rom.c.obj
                0x10005d60                __aeabi_double_init
 .text.double_table_shim_on_use_helper
                0x10005dac       0x2c CMakeFiles/ds18b20.dir/home/robin/pico/pico-sdk/src/rp2_common/pico_double/double_v1_rom_shim.S.obj
                0x10005dac                double_table_shim_on_use_helper
 .text.__wrap___aeabi_dsub
                0x10005dd8       0x10 CMakeFiles/ds18b20.dir/home/robin/pico/pico-sdk/src/rp2_common/pico_double/double_v1_rom_shim.S.obj
                0x10005dd8                drsub_shim
                0x10005dde                dsub_shim
 .text.dadd_shim
                0x10005de8      0x15c CMakeFiles/ds18b20.dir/home/robin/pico/pico-sdk/src/rp2_common/pico_double/double_v1_rom_shim.S.obj
                0x10005de8                dadd_shim
 .text.dmul_shim
                0x10005f44      0x15c CMakeFiles/ds18b20.dir/home/robin/pico/pico-sdk/src/rp2_common/pico_double/double_v1_rom_shim.S.obj
                0x10005f44                dmul_shim
 .text.ddiv_shim
                0x100060a0      0x1b0 CMakeFiles/ds18b20.dir/home/robin/pico/pico-sdk/src/rp2_common/pico_double/double_v1_rom_shim.S.obj
                0x100060a0                ddiv_shim
 .text.dcordic_rot_step
                0x10006250       0x7c CMakeFiles/ds18b20.dir/home/robin/pico/pico-sdk/src/rp2_common/pico_double/double_v1_rom_shim.S.obj
                0x10006250                dcordic_rot_step
 .text.double2uint_shim
                0x100062cc        0xe CMakeFiles/ds18b20.dir/home/robin/pico/pico-sdk/src/rp2_common/pico_double/double_v1_rom_shim.S.obj
                0x100062cc                double2uint_shim
                0x100062ce                double2ufix_shim
 *fill*         0x100062da        0x2 
 .text.double2uint64_shim
                0x100062dc       0x6c CMakeFiles/ds18b20.dir/home/robin/pico/pico-sdk/src/rp2_common/pico_double/double_v1_rom_shim.S.obj
                0x100062dc                double2uint64_shim
                0x100062de                double2ufix64_shim
                0x100062f8                d2fix_a
 .text.dunpacks
                0x10006348       0x3c CMakeFiles/ds18b20.dir/home/robin/pico/pico-sdk/src/rp2_common/pico_double/double_v1_rom_shim.S.obj
                0x10006348                dunpacks
 .text.__aeabi_lmul
                0x10006384       0x32 CMakeFiles/ds18b20.dir/home/robin/pico/pico-sdk/src/rp2_common/pico_int64_ops/pico_int64_ops_aeabi.S.obj
                0x10006384                __wrap___aeabi_lmul
 *fill*         0x100063b6        0x2 
 .text.__wrap___aeabi_farithmetic
                0x100063b8       0x48 CMakeFiles/ds18b20.dir/home/robin/pico/pico-sdk/src/rp2_common/pico_float/float_aeabi.S.obj
                0x100063b8                __wrap___aeabi_frsub
                0x100063be                __wrap___aeabi_fsub
                0x100063c4                __wrap___aeabi_fadd
                0x100063ca                __wrap___aeabi_fdiv
                0x100063f2                __wrap___aeabi_fmul
 .text.__wrap___aeabi_ui2f
                0x10006400        0xa CMakeFiles/ds18b20.dir/home/robin/pico/pico-sdk/src/rp2_common/pico_float/float_aeabi.S.obj
                0x10006400                __wrap___aeabi_ui2f
 *fill*         0x1000640a        0x2 
 .text.__wrap___aeabi_i2f
                0x1000640c       0x44 CMakeFiles/ds18b20.dir/home/robin/pico/pico-sdk/src/rp2_common/pico_float/float_aeabi.S.obj
                0x1000640c                __wrap___aeabi_i2f
 .text.__wrap___aeabi_f2d
                0x10006450       0x14 CMakeFiles/ds18b20.dir/home/robin/pico/pico-sdk/src/rp2_common/pico_float/float_aeabi.S.obj
                0x10006450                __wrap___aeabi_f2d
 .text.__aeabi_float_init
                0x10006464       0x68 CMakeFiles/ds18b20.dir/home/robin/pico/pico-sdk/src/rp2_common/pico_float/float_init_rom.c.obj
                0x10006464                __aeabi_float_init
 .text.__wrap_floorf
                0x100064cc       0x40 CMakeFiles/ds18b20.dir/home/robin/pico/pico-sdk/src/rp2_common/pico_float/float_math.c.obj
                0x100064cc                __wrap_floorf
 .text.float_table_shim_on_use_helper
                0x1000650c       0x2c CMakeFiles/ds18b20.dir/home/robin/pico/pico-sdk/src/rp2_common/pico_float/float_v1_rom_shim.S.obj
                0x1000650c                float_table_shim_on_use_helper
 .text.float2double_shim
                0x10006538       0x30 CMakeFiles/ds18b20.dir/home/robin/pico/pico-sdk/src/rp2_common/pico_float/float_v1_rom_shim.S.obj
                0x10006538                float2double_shim
 .text.__wrap_malloc
                0x10006568       0x24 CMakeFiles/ds18b20.dir/home/robin/pico/pico-sdk/src/rp2_common/pico_malloc/pico_malloc.c.obj
                0x10006568                __wrap_malloc
 .text.__wrap_free
                0x1000658c        0x8 CMakeFiles/ds18b20.dir/home/robin/pico/pico-sdk/src/rp2_common/pico_malloc/pico_malloc.c.obj
                0x1000658c                __wrap_free
 .text          0x10006594       0x10 CMakeFiles/ds18b20.dir/home/robin/pico/pico-sdk/src/rp2_common/pico_mem_ops/mem_ops_aeabi.S.obj
                0x10006594                __aeabi_mem_init
 .text.memset   0x100065a4        0xc CMakeFiles/ds18b20.dir/home/robin/pico/pico-sdk/src/rp2_common/pico_mem_ops/mem_ops_aeabi.S.obj
                0x100065a4                __wrap_memset
 .text.memcpy   0x100065b0        0xc CMakeFiles/ds18b20.dir/home/robin/pico/pico-sdk/src/rp2_common/pico_mem_ops/mem_ops_aeabi.S.obj
                0x100065b0                __wrap___aeabi_memcpy
                0x100065b0                __wrap_memcpy
 .text._Znwj    0x100065bc        0x8 CMakeFiles/ds18b20.dir/home/robin/pico/pico-sdk/src/rp2_common/pico_standard_link/new_delete.cpp.obj
                0x100065bc                operator new(unsigned int)
 .text._ZdlPv   0x100065c4        0x8 CMakeFiles/ds18b20.dir/home/robin/pico/pico-sdk/src/rp2_common/pico_standard_link/new_delete.cpp.obj
                0x100065c4                operator delete(void*)
 .text.stdio_out_chars_crlf.part.0
                0x100065cc       0x8c CMakeFiles/ds18b20.dir/home/robin/pico/pico-sdk/src/rp2_common/pico_stdio/stdio.c.obj
 .text.stdio_buffered_printer
                0x10006658       0x70 CMakeFiles/ds18b20.dir/home/robin/pico/pico-sdk/src/rp2_common/pico_stdio/stdio.c.obj
 .text.__wrap_putchar
                0x100066c8       0xb0 CMakeFiles/ds18b20.dir/home/robin/pico/pico-sdk/src/rp2_common/pico_stdio/stdio.c.obj
                0x100066c8                __wrap_putchar
 .text.__wrap_puts
                0x10006778      0x120 CMakeFiles/ds18b20.dir/home/robin/pico/pico-sdk/src/rp2_common/pico_stdio/stdio.c.obj
                0x10006778                __wrap_puts
 .text.stdio_set_driver_enabled
                0x10006898       0x3c CMakeFiles/ds18b20.dir/home/robin/pico/pico-sdk/src/rp2_common/pico_stdio/stdio.c.obj
                0x10006898                stdio_set_driver_enabled
 .text.__wrap_vprintf
                0x100068d4       0xe0 CMakeFiles/ds18b20.dir/home/robin/pico/pico-sdk/src/rp2_common/pico_stdio/stdio.c.obj
                0x100068d4                __wrap_vprintf
 .text.__wrap_printf
                0x100069b4       0x18 CMakeFiles/ds18b20.dir/home/robin/pico/pico-sdk/src/rp2_common/pico_stdio/stdio.c.obj
                0x100069b4                __wrap_printf
 .text.stdio_init_all
                0x100069cc        0x8 CMakeFiles/ds18b20.dir/home/robin/pico/pico-sdk/src/rp2_common/pico_stdio/stdio.c.obj
                0x100069cc                stdio_init_all
 .text.resetd_init
                0x100069d4        0x4 CMakeFiles/ds18b20.dir/home/robin/pico/pico-sdk/src/rp2_common/pico_stdio_usb/reset_interface.c.obj
 .text.resetd_reset
                0x100069d8        0xc CMakeFiles/ds18b20.dir/home/robin/pico/pico-sdk/src/rp2_common/pico_stdio_usb/reset_interface.c.obj
 .text.resetd_xfer_cb
                0x100069e4        0x4 CMakeFiles/ds18b20.dir/home/robin/pico/pico-sdk/src/rp2_common/pico_stdio_usb/reset_interface.c.obj
 .text.resetd_open
                0x100069e8       0x28 CMakeFiles/ds18b20.dir/home/robin/pico/pico-sdk/src/rp2_common/pico_stdio_usb/reset_interface.c.obj
 .text.resetd_control_xfer_cb
                0x10006a10       0x64 CMakeFiles/ds18b20.dir/home/robin/pico/pico-sdk/src/rp2_common/pico_stdio_usb/reset_interface.c.obj
 .text.usbd_app_driver_get_cb
                0x10006a74        0xc CMakeFiles/ds18b20.dir/home/robin/pico/pico-sdk/src/rp2_common/pico_stdio_usb/reset_interface.c.obj
                0x10006a74                usbd_app_driver_get_cb
 .text.tud_cdc_line_coding_cb
                0x10006a80       0x34 CMakeFiles/ds18b20.dir/home/robin/pico/pico-sdk/src/rp2_common/pico_stdio_usb/reset_interface.c.obj
                0x10006a80                tud_cdc_line_coding_cb
 .text.stdio_usb_in_chars
                0x10006ab4       0x68 CMakeFiles/ds18b20.dir/home/robin/pico/pico-sdk/src/rp2_common/pico_stdio_usb/stdio_usb.c.obj
                0x10006ab4                stdio_usb_in_chars
 .text.timer_task
                0x10006b1c       0x10 CMakeFiles/ds18b20.dir/home/robin/pico/pico-sdk/src/rp2_common/pico_stdio_usb/stdio_usb.c.obj
 .text.low_priority_worker_irq
                0x10006b2c       0x20 CMakeFiles/ds18b20.dir/home/robin/pico/pico-sdk/src/rp2_common/pico_stdio_usb/stdio_usb.c.obj
 .text.stdio_usb_out_chars
                0x10006b4c       0xf0 CMakeFiles/ds18b20.dir/home/robin/pico/pico-sdk/src/rp2_common/pico_stdio_usb/stdio_usb.c.obj
 .text.stdio_usb_init
                0x10006c3c       0x8c CMakeFiles/ds18b20.dir/home/robin/pico/pico-sdk/src/rp2_common/pico_stdio_usb/stdio_usb.c.obj
                0x10006c3c                stdio_usb_init
 .text.tud_descriptor_device_cb
                0x10006cc8        0x8 CMakeFiles/ds18b20.dir/home/robin/pico/pico-sdk/src/rp2_common/pico_stdio_usb/stdio_usb_descriptors.c.obj
                0x10006cc8                tud_descriptor_device_cb
 .text.tud_descriptor_configuration_cb
                0x10006cd0        0x8 CMakeFiles/ds18b20.dir/home/robin/pico/pico-sdk/src/rp2_common/pico_stdio_usb/stdio_usb_descriptors.c.obj
                0x10006cd0                tud_descriptor_configuration_cb
 .text.tud_descriptor_string_cb
                0x10006cd8       0x70 CMakeFiles/ds18b20.dir/home/robin/pico/pico-sdk/src/rp2_common/pico_stdio_usb/stdio_usb_descriptors.c.obj
                0x10006cd8                tud_descriptor_string_cb
 .text.dcd_rp2040_irq
                0x10006d48      0x144 CMakeFiles/ds18b20.dir/home/robin/pico/pico-sdk/lib/tinyusb/src/portable/raspberrypi/rp2040/dcd_rp2040.c.obj
 .text.dcd_int_enable
                0x10006e8c        0xc CMakeFiles/ds18b20.dir/home/robin/pico/pico-sdk/lib/tinyusb/src/portable/raspberrypi/rp2040/dcd_rp2040.c.obj
                0x10006e8c                dcd_int_enable
 .text.dcd_set_address
                0x10006e98       0x28 CMakeFiles/ds18b20.dir/home/robin/pico/pico-sdk/lib/tinyusb/src/portable/raspberrypi/rp2040/dcd_rp2040.c.obj
                0x10006e98                dcd_set_address
 .text.dcd_connect
                0x10006ec0       0x10 CMakeFiles/ds18b20.dir/home/robin/pico/pico-sdk/lib/tinyusb/src/portable/raspberrypi/rp2040/dcd_rp2040.c.obj
                0x10006ec0                dcd_connect
 .text.dcd_init
                0x10006ed0       0x98 CMakeFiles/ds18b20.dir/home/robin/pico/pico-sdk/lib/tinyusb/src/portable/raspberrypi/rp2040/dcd_rp2040.c.obj
                0x10006ed0                dcd_init
 .text.dcd_edpt0_status_complete
                0x10006f68       0x30 CMakeFiles/ds18b20.dir/home/robin/pico/pico-sdk/lib/tinyusb/src/portable/raspberrypi/rp2040/dcd_rp2040.c.obj
                0x10006f68                dcd_edpt0_status_complete
 .text.dcd_edpt_open
                0x10006f98      0x140 CMakeFiles/ds18b20.dir/home/robin/pico/pico-sdk/lib/tinyusb/src/portable/raspberrypi/rp2040/dcd_rp2040.c.obj
                0x10006f98                dcd_edpt_open
 .text.dcd_edpt_xfer
                0x100070d8       0x28 CMakeFiles/ds18b20.dir/home/robin/pico/pico-sdk/lib/tinyusb/src/portable/raspberrypi/rp2040/dcd_rp2040.c.obj
                0x100070d8                dcd_edpt_xfer
 .text.dcd_edpt_stall
                0x10007100       0x48 CMakeFiles/ds18b20.dir/home/robin/pico/pico-sdk/lib/tinyusb/src/portable/raspberrypi/rp2040/dcd_rp2040.c.obj
                0x10007100                dcd_edpt_stall
 .text.dcd_edpt_clear_stall
                0x10007148       0x44 CMakeFiles/ds18b20.dir/home/robin/pico/pico-sdk/lib/tinyusb/src/portable/raspberrypi/rp2040/dcd_rp2040.c.obj
                0x10007148                dcd_edpt_clear_stall
 .text.rp2040_usb_init
                0x1000718c       0x50 CMakeFiles/ds18b20.dir/home/robin/pico/pico-sdk/lib/tinyusb/src/portable/raspberrypi/rp2040/rp2040_usb.c.obj
                0x1000718c                rp2040_usb_init
 .text.hw_endpoint_reset_transfer
                0x100071dc       0x10 CMakeFiles/ds18b20.dir/home/robin/pico/pico-sdk/lib/tinyusb/src/portable/raspberrypi/rp2040/rp2040_usb.c.obj
                0x100071dc                hw_endpoint_reset_transfer
 .text._hw_endpoint_buffer_control_update32
                0x100071ec       0x58 CMakeFiles/ds18b20.dir/home/robin/pico/pico-sdk/lib/tinyusb/src/portable/raspberrypi/rp2040/rp2040_usb.c.obj
                0x100071ec                _hw_endpoint_buffer_control_update32
 .text._hw_endpoint_start_next_buffer
                0x10007244       0x7c CMakeFiles/ds18b20.dir/home/robin/pico/pico-sdk/lib/tinyusb/src/portable/raspberrypi/rp2040/rp2040_usb.c.obj
                0x10007244                _hw_endpoint_start_next_buffer
 .text._hw_endpoint_xfer_continue
                0x100072c0      0x120 CMakeFiles/ds18b20.dir/home/robin/pico/pico-sdk/lib/tinyusb/src/portable/raspberrypi/rp2040/rp2040_usb.c.obj
                0x100072c0                _hw_endpoint_xfer_continue
 .text._hw_endpoint_xfer
                0x100073e0      0x160 CMakeFiles/ds18b20.dir/home/robin/pico/pico-sdk/lib/tinyusb/src/portable/raspberrypi/rp2040/rp2040_usb.c.obj
                0x100073e0                _hw_endpoint_xfer
 .text.tud_mounted
                0x10007540       0x10 CMakeFiles/ds18b20.dir/home/robin/pico/pico-sdk/lib/tinyusb/src/device/usbd.c.obj
                0x10007540                tud_mounted
 .text.tud_suspended
                0x10007550       0x10 CMakeFiles/ds18b20.dir/home/robin/pico/pico-sdk/lib/tinyusb/src/device/usbd.c.obj
                0x10007550                tud_suspended
 .text.tud_inited
                0x10007560        0xc CMakeFiles/ds18b20.dir/home/robin/pico/pico-sdk/lib/tinyusb/src/device/usbd.c.obj
                0x10007560                tud_inited
 .text.tud_init
                0x1000756c       0xdc CMakeFiles/ds18b20.dir/home/robin/pico/pico-sdk/lib/tinyusb/src/device/usbd.c.obj
                0x1000756c                tud_init
 .text.tud_task
                0x10007648      0x84c CMakeFiles/ds18b20.dir/home/robin/pico/pico-sdk/lib/tinyusb/src/device/usbd.c.obj
                0x10007648                tud_task
 .text.dcd_event_bus_signal
                0x10007e94       0xe8 CMakeFiles/ds18b20.dir/home/robin/pico/pico-sdk/lib/tinyusb/src/device/usbd.c.obj
                0x10007e94                dcd_event_bus_signal
 .text.dcd_event_bus_reset
                0x10007f7c       0x58 CMakeFiles/ds18b20.dir/home/robin/pico/pico-sdk/lib/tinyusb/src/device/usbd.c.obj
                0x10007f7c                dcd_event_bus_reset
 .text.dcd_event_setup_received
                0x10007fd4       0x50 CMakeFiles/ds18b20.dir/home/robin/pico/pico-sdk/lib/tinyusb/src/device/usbd.c.obj
                0x10007fd4                dcd_event_setup_received
 .text.dcd_event_xfer_complete
                0x10008024       0x68 CMakeFiles/ds18b20.dir/home/robin/pico/pico-sdk/lib/tinyusb/src/device/usbd.c.obj
                0x10008024                dcd_event_xfer_complete
 .text.usbd_open_edpt_pair
                0x1000808c       0xf4 CMakeFiles/ds18b20.dir/home/robin/pico/pico-sdk/lib/tinyusb/src/device/usbd.c.obj
                0x1000808c                usbd_open_edpt_pair
 .text.usbd_edpt_open
                0x10008180       0x8c CMakeFiles/ds18b20.dir/home/robin/pico/pico-sdk/lib/tinyusb/src/device/usbd.c.obj
                0x10008180                usbd_edpt_open
 .text.usbd_edpt_claim
                0x1000820c       0x5c CMakeFiles/ds18b20.dir/home/robin/pico/pico-sdk/lib/tinyusb/src/device/usbd.c.obj
                0x1000820c                usbd_edpt_claim
 .text.usbd_edpt_release
                0x10008268       0x4c CMakeFiles/ds18b20.dir/home/robin/pico/pico-sdk/lib/tinyusb/src/device/usbd.c.obj
                0x10008268                usbd_edpt_release
 .text.usbd_edpt_xfer
                0x100082b4       0x48 CMakeFiles/ds18b20.dir/home/robin/pico/pico-sdk/lib/tinyusb/src/device/usbd.c.obj
                0x100082b4                usbd_edpt_xfer
 .text.tud_control_status
                0x100082fc       0x30 CMakeFiles/ds18b20.dir/home/robin/pico/pico-sdk/lib/tinyusb/src/device/usbd_control.c.obj
                0x100082fc                tud_control_status
 .text.tud_control_xfer
                0x1000832c       0xb4 CMakeFiles/ds18b20.dir/home/robin/pico/pico-sdk/lib/tinyusb/src/device/usbd_control.c.obj
                0x1000832c                tud_control_xfer
 .text.usbd_control_reset
                0x100083e0       0x14 CMakeFiles/ds18b20.dir/home/robin/pico/pico-sdk/lib/tinyusb/src/device/usbd_control.c.obj
                0x100083e0                usbd_control_reset
 .text.usbd_control_set_complete_callback
                0x100083f4        0xc CMakeFiles/ds18b20.dir/home/robin/pico/pico-sdk/lib/tinyusb/src/device/usbd_control.c.obj
                0x100083f4                usbd_control_set_complete_callback
 .text.usbd_control_set_request
                0x10008400       0x1c CMakeFiles/ds18b20.dir/home/robin/pico/pico-sdk/lib/tinyusb/src/device/usbd_control.c.obj
                0x10008400                usbd_control_set_request
 .text.usbd_control_xfer_cb
                0x1000841c       0xfc CMakeFiles/ds18b20.dir/home/robin/pico/pico-sdk/lib/tinyusb/src/device/usbd_control.c.obj
                0x1000841c                usbd_control_xfer_cb
 .text.tud_cdc_n_connected
                0x10008518       0x30 CMakeFiles/ds18b20.dir/home/robin/pico/pico-sdk/lib/tinyusb/src/class/cdc/cdc_device.c.obj
                0x10008518                tud_cdc_n_connected
 .text.tud_cdc_n_available
                0x10008548       0x1c CMakeFiles/ds18b20.dir/home/robin/pico/pico-sdk/lib/tinyusb/src/class/cdc/cdc_device.c.obj
                0x10008548                tud_cdc_n_available
 .text.tud_cdc_n_read
                0x10008564       0x70 CMakeFiles/ds18b20.dir/home/robin/pico/pico-sdk/lib/tinyusb/src/class/cdc/cdc_device.c.obj
                0x10008564                tud_cdc_n_read
 .text.tud_cdc_n_write
                0x100085d4       0x90 CMakeFiles/ds18b20.dir/home/robin/pico/pico-sdk/lib/tinyusb/src/class/cdc/cdc_device.c.obj
                0x100085d4                tud_cdc_n_write
 .text.tud_cdc_n_write_flush
                0x10008664       0x78 CMakeFiles/ds18b20.dir/home/robin/pico/pico-sdk/lib/tinyusb/src/class/cdc/cdc_device.c.obj
                0x10008664                tud_cdc_n_write_flush
 .text.tud_cdc_n_write_available
                0x100086dc       0x1c CMakeFiles/ds18b20.dir/home/robin/pico/pico-sdk/lib/tinyusb/src/class/cdc/cdc_device.c.obj
                0x100086dc                tud_cdc_n_write_available
 .text.cdcd_init
                0x100086f8       0x7c CMakeFiles/ds18b20.dir/home/robin/pico/pico-sdk/lib/tinyusb/src/class/cdc/cdc_device.c.obj
                0x100086f8                cdcd_init
 .text.cdcd_reset
                0x10008774       0x2c CMakeFiles/ds18b20.dir/home/robin/pico/pico-sdk/lib/tinyusb/src/class/cdc/cdc_device.c.obj
                0x10008774                cdcd_reset
 .text.cdcd_open
                0x100087a0       0xec CMakeFiles/ds18b20.dir/home/robin/pico/pico-sdk/lib/tinyusb/src/class/cdc/cdc_device.c.obj
                0x100087a0                cdcd_open
 .text.cdcd_control_xfer_cb
                0x1000888c       0xe4 CMakeFiles/ds18b20.dir/home/robin/pico/pico-sdk/lib/tinyusb/src/class/cdc/cdc_device.c.obj
                0x1000888c                cdcd_control_xfer_cb
 .text.cdcd_xfer_cb
                0x10008970      0x198 CMakeFiles/ds18b20.dir/home/robin/pico/pico-sdk/lib/tinyusb/src/class/cdc/cdc_device.c.obj
                0x10008970                cdcd_xfer_cb
 .text.tusb_init
                0x10008b08        0xc CMakeFiles/ds18b20.dir/home/robin/pico/pico-sdk/lib/tinyusb/src/tusb.c.obj
                0x10008b08                tusb_init
 .text.tusb_inited
                0x10008b14        0x8 CMakeFiles/ds18b20.dir/home/robin/pico/pico-sdk/lib/tinyusb/src/tusb.c.obj
                0x10008b14                tusb_inited
 .text.tu_fifo_config
                0x10008b1c       0x78 CMakeFiles/ds18b20.dir/home/robin/pico/pico-sdk/lib/tinyusb/src/common/tusb_fifo.c.obj
                0x10008b1c                tu_fifo_config
 .text.tu_fifo_count
                0x10008b94       0x24 CMakeFiles/ds18b20.dir/home/robin/pico/pico-sdk/lib/tinyusb/src/common/tusb_fifo.c.obj
                0x10008b94                tu_fifo_count
 .text.tu_fifo_empty
                0x10008bb8       0x10 CMakeFiles/ds18b20.dir/home/robin/pico/pico-sdk/lib/tinyusb/src/common/tusb_fifo.c.obj
                0x10008bb8                tu_fifo_empty
 .text.tu_fifo_remaining
                0x10008bc8       0x20 CMakeFiles/ds18b20.dir/home/robin/pico/pico-sdk/lib/tinyusb/src/common/tusb_fifo.c.obj
                0x10008bc8                tu_fifo_remaining
 .text.tu_fifo_read
                0x10008be8       0xa0 CMakeFiles/ds18b20.dir/home/robin/pico/pico-sdk/lib/tinyusb/src/common/tusb_fifo.c.obj
                0x10008be8                tu_fifo_read
 .text.tu_fifo_read_n
                0x10008c88       0xf4 CMakeFiles/ds18b20.dir/home/robin/pico/pico-sdk/lib/tinyusb/src/common/tusb_fifo.c.obj
                0x10008c88                tu_fifo_read_n
 .text.tu_fifo_write
                0x10008d7c       0x7c CMakeFiles/ds18b20.dir/home/robin/pico/pico-sdk/lib/tinyusb/src/common/tusb_fifo.c.obj
                0x10008d7c                tu_fifo_write
 .text.tu_fifo_write_n
                0x10008df8       0xf8 CMakeFiles/ds18b20.dir/home/robin/pico/pico-sdk/lib/tinyusb/src/common/tusb_fifo.c.obj
                0x10008df8                tu_fifo_write_n
 .text.tu_fifo_clear
                0x10008ef0       0x4c CMakeFiles/ds18b20.dir/home/robin/pico/pico-sdk/lib/tinyusb/src/common/tusb_fifo.c.obj
                0x10008ef0                tu_fifo_clear
 .text.tu_fifo_set_overwritable
                0x10008f3c       0x3c CMakeFiles/ds18b20.dir/home/robin/pico/pico-sdk/lib/tinyusb/src/common/tusb_fifo.c.obj
                0x10008f3c                tu_fifo_set_overwritable
 .text.startup._retrieve_unique_id_on_boot
                0x10008f78       0x10 CMakeFiles/ds18b20.dir/home/robin/pico/pico-sdk/src/rp2_common/pico_unique_id/unique_id.c.obj
 .text.pico_get_unique_board_id_string
                0x10008f88      0x1cc CMakeFiles/ds18b20.dir/home/robin/pico/pico-sdk/src/rp2_common/pico_unique_id/unique_id.c.obj
                0x10008f88                pico_get_unique_board_id_string
 .text.flash_get_unique_id
                0x10009154       0x3c CMakeFiles/ds18b20.dir/home/robin/pico/pico-sdk/src/rp2_common/hardware_flash/flash.c.obj
                0x10009154                flash_get_unique_id
 .text          0x10009190       0x28 /usr/lib/gcc/arm-none-eabi/7.3.1/../../../arm-none-eabi/lib/thumb/v6-m/libc.a(lib_a-malloc.o)
                0x10009190                malloc
                0x100091a4                free
 .text          0x100091b8      0x570 /usr/lib/gcc/arm-none-eabi/7.3.1/../../../arm-none-eabi/lib/thumb/v6-m/libc.a(lib_a-mallocr.o)
                0x100091b8                _malloc_r
 .text          0x10009728        0x8 /usr/lib/gcc/arm-none-eabi/7.3.1/../../../arm-none-eabi/lib/thumb/v6-m/libc.a(lib_a-mlock.o)
                0x10009728                __malloc_lock
                0x1000972c                __malloc_unlock
 .text          0x10009730       0x24 /usr/lib/gcc/arm-none-eabi/7.3.1/../../../arm-none-eabi/lib/thumb/v6-m/libc.a(lib_a-sbrkr.o)
                0x10009730                _sbrk_r
 .text          0x10009754       0x64 /usr/lib/gcc/arm-none-eabi/7.3.1/../../../arm-none-eabi/lib/thumb/v6-m/libc.a(lib_a-strlen-stub.o)
                0x10009754                strlen
 .text          0x100097b8      0x274 /usr/lib/gcc/arm-none-eabi/7.3.1/../../../arm-none-eabi/lib/thumb/v6-m/libc.a(lib_a-freer.o)
                0x100097b8                _malloc_trim_r
                0x10009858                _free_r
 *(.fini)
 .fini          0x10009a2c        0x4 /usr/lib/gcc/arm-none-eabi/7.3.1/thumb/v6-m/crti.o
                0x10009a2c                _fini
 .fini.__stub   0x10009a30       0x80 linker stubs
 *crtbegin.o(.ctors)
 *crtbegin?.o(.ctors)
 *(EXCLUDE_FILE(*crtend.o *crtend?.o) .ctors)
 *(SORT_BY_NAME(.ctors.*))
 *(.ctors)
 *crtbegin.o(.dtors)
 *crtbegin?.o(.dtors)
 *(EXCLUDE_FILE(*crtend.o *crtend?.o) .dtors)
 *(SORT_BY_NAME(.dtors.*))
 *(.dtors)
 *(.eh_frame*)
 .eh_frame      0x10009ab0        0x0 /usr/lib/gcc/arm-none-eabi/7.3.1/thumb/v6-m/crtbegin.o
                0x10009ab0                . = ALIGN (0x4)

.glue_7         0x10009ab0        0x0
 .glue_7        0x10009ab0        0x0 linker stubs

.glue_7t        0x10009ab0        0x0
 .glue_7t       0x10009ab0        0x0 linker stubs

.vfp11_veneer   0x10009ab0        0x0
 .vfp11_veneer  0x10009ab0        0x0 linker stubs

.v4_bx          0x10009ab0        0x0
 .v4_bx         0x10009ab0        0x0 linker stubs

.iplt           0x10009ab0        0x0
 .iplt          0x10009ab0        0x0 /usr/lib/gcc/arm-none-eabi/7.3.1/thumb/v6-m/crtbegin.o

.rodata         0x10009ab0      0x630
 *(EXCLUDE_FILE(*libm.a: *libc.a:*lib_a-mem*.o *libgcc.a:) .rodata*)
 .rodata.main.str1.4
                0x10009ab0       0x42 CMakeFiles/ds18b20.dir/ds18b20.cpp.obj
 *fill*         0x10009af2        0x2 
 .rodata._ZN8One_wire11temperatureER13rom_address_tb.str1.4
                0x10009af4       0x1a CMakeFiles/ds18b20.dir/one_wire.cpp.obj
 *fill*         0x10009b0e        0x2 
 .rodata._ZN8One_wire20search_rom_find_nextEv.str1.4
                0x10009b10       0x54 CMakeFiles/ds18b20.dir/one_wire.cpp.obj
 .rodata._ZN8One_wire4initEv.str1.4
                0x10009b64       0x10 CMakeFiles/ds18b20.dir/one_wire.cpp.obj
 .rodata._ZN8One_wire9match_romER13rom_address_t.str1.4
                0x10009b74       0x11 CMakeFiles/ds18b20.dir/one_wire.cpp.obj
 *fill*         0x10009b85        0x3 
 .rodata.spin_lock_claim_unused.str1.4
                0x10009b88       0x1b CMakeFiles/ds18b20.dir/home/robin/pico/pico-sdk/src/rp2_common/hardware_sync/sync.c.obj
 *fill*         0x10009ba3        0x1 
 .rodata.hardware_alarm_claim.str1.4
                0x10009ba4       0x22 CMakeFiles/ds18b20.dir/home/robin/pico/pico-sdk/src/rp2_common/hardware_timer/timer.c.obj
 *fill*         0x10009bc6        0x2 
 .rodata.hard_assertion_failure.str1.4
                0x10009bc8        0xc CMakeFiles/ds18b20.dir/home/robin/pico/pico-sdk/src/rp2_common/pico_runtime/runtime.c.obj
 .rodata.panic.str1.4
                0x10009bd4       0x10 CMakeFiles/ds18b20.dir/home/robin/pico/pico-sdk/src/rp2_common/pico_runtime/runtime.c.obj
                                 0x12 (size before relaxing)
 .rodata._vsnprintf
                0x10009be4      0x1e0 CMakeFiles/ds18b20.dir/home/robin/pico/pico-sdk/src/rp2_common/pico_printf/printf.c.obj
 .rodata._etoa.part.0.str1.4
                0x10009dc4        0x9 CMakeFiles/ds18b20.dir/home/robin/pico/pico-sdk/src/rp2_common/pico_printf/printf.c.obj
 *fill*         0x10009dcd        0x3 
 .rodata._ftoa.str1.4
                0x10009dd0        0xc CMakeFiles/ds18b20.dir/home/robin/pico/pico-sdk/src/rp2_common/pico_printf/printf.c.obj
 *fill*         0x10009ddc        0x4 
 .rodata.pow10.5382
                0x10009de0       0x50 CMakeFiles/ds18b20.dir/home/robin/pico/pico-sdk/src/rp2_common/pico_printf/printf.c.obj
 .rodata.__wrap_malloc.str1.4
                0x10009e30        0xe CMakeFiles/ds18b20.dir/home/robin/pico/pico-sdk/src/rp2_common/pico_malloc/pico_malloc.c.obj
 *fill*         0x10009e3e        0x2 
 .rodata.__bi_44
                0x10009e40        0xc CMakeFiles/ds18b20.dir/home/robin/pico/pico-sdk/src/rp2_common/pico_standard_link/binary_info.c.obj
 .rodata.__bi_75
                0x10009e4c        0xc CMakeFiles/ds18b20.dir/home/robin/pico/pico-sdk/src/rp2_common/pico_standard_link/binary_info.c.obj
 .rodata.__bi_81
                0x10009e58        0xc CMakeFiles/ds18b20.dir/home/robin/pico/pico-sdk/src/rp2_common/pico_standard_link/binary_info.c.obj
 .rodata.str1.4
                0x10009e64       0x3c CMakeFiles/ds18b20.dir/home/robin/pico/pico-sdk/src/rp2_common/pico_standard_link/binary_info.c.obj
 .rodata.crlf_str.5813
                0x10009ea0        0x2 CMakeFiles/ds18b20.dir/home/robin/pico/pico-sdk/src/rp2_common/pico_stdio/stdio.c.obj
 *fill*         0x10009ea2        0x2 
 .rodata._resetd_driver
                0x10009ea4       0x18 CMakeFiles/ds18b20.dir/home/robin/pico/pico-sdk/src/rp2_common/pico_stdio_usb/reset_interface.c.obj
 .rodata.__bi_93.7070
                0x10009ebc        0xc CMakeFiles/ds18b20.dir/home/robin/pico/pico-sdk/src/rp2_common/pico_stdio_usb/stdio_usb.c.obj
 .rodata.str1.4
                0x10009ec8       0x13 CMakeFiles/ds18b20.dir/home/robin/pico/pico-sdk/src/rp2_common/pico_stdio_usb/stdio_usb.c.obj
 *fill*         0x10009edb        0x1 
 .rodata.str1.4
                0x10009edc       0x2a CMakeFiles/ds18b20.dir/home/robin/pico/pico-sdk/src/rp2_common/pico_stdio_usb/stdio_usb_descriptors.c.obj
 *fill*         0x10009f06        0x2 
 .rodata.usbd_desc_cfg
                0x10009f08       0x54 CMakeFiles/ds18b20.dir/home/robin/pico/pico-sdk/src/rp2_common/pico_stdio_usb/stdio_usb_descriptors.c.obj
 .rodata.usbd_desc_device
                0x10009f5c       0x12 CMakeFiles/ds18b20.dir/home/robin/pico/pico-sdk/src/rp2_common/pico_stdio_usb/stdio_usb_descriptors.c.obj
 *fill*         0x10009f6e        0x2 
 .rodata.usbd_desc_str
                0x10009f70       0x18 CMakeFiles/ds18b20.dir/home/robin/pico/pico-sdk/src/rp2_common/pico_stdio_usb/stdio_usb_descriptors.c.obj
 .rodata.dcd_edpt_open.str1.4
                0x10009f88       0x28 CMakeFiles/ds18b20.dir/home/robin/pico/pico-sdk/lib/tinyusb/src/portable/raspberrypi/rp2040/dcd_rp2040.c.obj
 .rodata.dcd_rp2040_irq.str1.4
                0x10009fb0       0x14 CMakeFiles/ds18b20.dir/home/robin/pico/pico-sdk/lib/tinyusb/src/portable/raspberrypi/rp2040/dcd_rp2040.c.obj
 .rodata._hw_endpoint_buffer_control_update32.str1.4
                0x10009fc4       0x1f CMakeFiles/ds18b20.dir/home/robin/pico/pico-sdk/lib/tinyusb/src/portable/raspberrypi/rp2040/rp2040_usb.c.obj
 *fill*         0x10009fe3        0x1 
 .rodata._hw_endpoint_xfer_continue.str1.4
                0x10009fe4       0x50 CMakeFiles/ds18b20.dir/home/robin/pico/pico-sdk/lib/tinyusb/src/portable/raspberrypi/rp2040/rp2040_usb.c.obj
 .rodata.str1.4
                0x1000a034        0x8 CMakeFiles/ds18b20.dir/home/robin/pico/pico-sdk/lib/tinyusb/src/portable/raspberrypi/rp2040/rp2040_usb.c.obj
                                  0x7 (size before relaxing)
 .rodata.tud_task
                0x1000a03c       0x8c CMakeFiles/ds18b20.dir/home/robin/pico/pico-sdk/lib/tinyusb/src/device/usbd.c.obj
 .rodata._usbd_driver
                0x1000a0c8       0x18 CMakeFiles/ds18b20.dir/home/robin/pico/pico-sdk/lib/tinyusb/src/device/usbd.c.obj
                0x1000a0e0                . = ALIGN (0x4)
 *(SORT_BY_ALIGNMENT(SORT_BY_NAME(.flashdata*)))
                0x1000a0e0                . = ALIGN (0x4)

.rel.dyn        0x1000a0e0        0x0
 .rel.iplt      0x1000a0e0        0x0 /usr/lib/gcc/arm-none-eabi/7.3.1/thumb/v6-m/crtbegin.o

.ARM.extab
 *(.ARM.extab* .gnu.linkonce.armextab.*)
                0x1000a0e0                __exidx_start = .

.ARM.exidx
 *(.ARM.exidx* .gnu.linkonce.armexidx.*)
                0x1000a0e0                __exidx_end = .
                0x1000a0e0                . = ALIGN (0x4)
                0x1000a0e0                __binary_info_start = .

.binary_info    0x1000a0e0       0x20
 *(.binary_info.keep.*)
 .binary_info.keep.__bi_ptr22
                0x1000a0e0        0x4 CMakeFiles/ds18b20.dir/home/robin/pico/pico-sdk/src/rp2_common/pico_standard_link/binary_info.c.obj
 .binary_info.keep.__bi_ptr30
                0x1000a0e4        0x4 CMakeFiles/ds18b20.dir/home/robin/pico/pico-sdk/src/rp2_common/pico_standard_link/binary_info.c.obj
 .binary_info.keep.__bi_ptr38
                0x1000a0e8        0x4 CMakeFiles/ds18b20.dir/home/robin/pico/pico-sdk/src/rp2_common/pico_standard_link/binary_info.c.obj
 .binary_info.keep.__bi_ptr44
                0x1000a0ec        0x4 CMakeFiles/ds18b20.dir/home/robin/pico/pico-sdk/src/rp2_common/pico_standard_link/binary_info.c.obj
 .binary_info.keep.__bi_ptr50
                0x1000a0f0        0x4 CMakeFiles/ds18b20.dir/home/robin/pico/pico-sdk/src/rp2_common/pico_standard_link/binary_info.c.obj
 .binary_info.keep.__bi_ptr75
                0x1000a0f4        0x4 CMakeFiles/ds18b20.dir/home/robin/pico/pico-sdk/src/rp2_common/pico_standard_link/binary_info.c.obj
 .binary_info.keep.__bi_ptr81
                0x1000a0f8        0x4 CMakeFiles/ds18b20.dir/home/robin/pico/pico-sdk/src/rp2_common/pico_standard_link/binary_info.c.obj
 *(.binary_info.*)
 .binary_info.__bi_ptr93
                0x1000a0fc        0x4 CMakeFiles/ds18b20.dir/home/robin/pico/pico-sdk/src/rp2_common/pico_stdio_usb/stdio_usb.c.obj
                0x1000a100                __binary_info_end = .
                0x1000a100                . = ALIGN (0x4)
                0x1000a100                __etext = .

.ram_vector_table
                0x20000000       0xc0
 *(.ram_vector_table)
 .ram_vector_table
                0x20000000       0xc0 CMakeFiles/ds18b20.dir/home/robin/pico/pico-sdk/src/rp2_common/pico_runtime/runtime.c.obj
                0x20000000                ram_vector_table

.data           0x200000c0      0xd04 load address 0x1000a100
                0x200000c0                __data_start__ = .
 *(vtable)
 *(.time_critical*)
 .time_critical.mutex_enter_blocking
                0x200000c0       0x60 CMakeFiles/ds18b20.dir/home/robin/pico/pico-sdk/src/common/pico_sync/mutex.c.obj
                0x200000c0                mutex_enter_blocking
 .time_critical.mutex_try_enter
                0x20000120       0x5c CMakeFiles/ds18b20.dir/home/robin/pico/pico-sdk/src/common/pico_sync/mutex.c.obj
                0x20000120                mutex_try_enter
 .time_critical.mutex_enter_timeout_ms
                0x2000017c       0xb4 CMakeFiles/ds18b20.dir/home/robin/pico/pico-sdk/src/common/pico_sync/mutex.c.obj
                0x2000017c                mutex_enter_timeout_ms
 .time_critical.mutex_exit
                0x20000230       0x58 CMakeFiles/ds18b20.dir/home/robin/pico/pico-sdk/src/common/pico_sync/mutex.c.obj
                0x20000230                mutex_exit
 .time_critical.flash_init_boot2_copyout
                0x20000288       0x34 CMakeFiles/ds18b20.dir/home/robin/pico/pico-sdk/src/rp2_common/hardware_flash/flash.c.obj
 .time_critical.flash_enable_xip_via_boot2
                0x200002bc       0x10 CMakeFiles/ds18b20.dir/home/robin/pico/pico-sdk/src/rp2_common/hardware_flash/flash.c.obj
 .time_critical.flash_cs_force
                0x200002cc       0x38 CMakeFiles/ds18b20.dir/home/robin/pico/pico-sdk/src/rp2_common/hardware_flash/flash.c.obj
 .time_critical.flash_do_cmd
                0x20000304       0x98 CMakeFiles/ds18b20.dir/home/robin/pico/pico-sdk/src/rp2_common/hardware_flash/flash.c.obj
                0x20000304                flash_do_cmd
 *(.text*)
 .text          0x2000039c        0x4 /usr/lib/gcc/arm-none-eabi/7.3.1/thumb/v6-m/libgcc.a(_dvmd_tls.o)
                0x2000039c                __aeabi_ldiv0
                0x2000039c                __aeabi_idiv0
 .text          0x200003a0       0x9c /usr/lib/gcc/arm-none-eabi/7.3.1/../../../arm-none-eabi/lib/thumb/v6-m/libc.a(lib_a-memmove.o)
                0x200003a0                memmove
 *fill*         0x2000043c        0x4 
 .text.__stub   0x20000440       0x40 linker stubs
                0x20000480                . = ALIGN (0x4)
 *(.rodata*)
                0x20000480                . = ALIGN (0x4)
 *(.data*)
 .data.striped_spin_lock_num
                0x20000480        0x1 CMakeFiles/ds18b20.dir/home/robin/pico/pico-sdk/src/rp2_common/hardware_sync/sync.c.obj
 *fill*         0x20000481        0x3 
 .data.default_alarm_pool
                0x20000484       0x18 CMakeFiles/ds18b20.dir/home/robin/pico/pico-sdk/src/common/pico_time/time.c.obj
 .data.default_alarm_pool_heap
                0x2000049c       0x10 CMakeFiles/ds18b20.dir/home/robin/pico/pico-sdk/src/common/pico_time/time.c.obj
 .data          0x200004ac       0x48 CMakeFiles/ds18b20.dir/home/robin/pico/pico-sdk/src/rp2_common/hardware_irq/irq_handler_chain.S.obj
                0x200004ac                irq_handler_chain_slots
                0x200004dc                irq_handler_chain_first_slot
                0x200004e6                irq_handler_chain_remove_tail
 *fill*         0x200004f4        0xc 
 .data.aeabi_bits_funcs
                0x20000500       0x10 CMakeFiles/ds18b20.dir/home/robin/pico/pico-sdk/src/rp2_common/pico_bit_ops/bit_ops_aeabi.S.obj
                0x20000500                aeabi_bits_funcs
                0x20000510                aeabi_bits_funcs_end
 .data.aeabi_mem_funcs
                0x20000510       0x10 CMakeFiles/ds18b20.dir/home/robin/pico/pico-sdk/src/rp2_common/pico_mem_ops/mem_ops_aeabi.S.obj
                0x20000510                aeabi_mem_funcs
                0x20000520                aeabi_mem_funcs_end
 .data.stdio_usb
                0x20000520       0x14 CMakeFiles/ds18b20.dir/home/robin/pico/pico-sdk/src/rp2_common/pico_stdio_usb/stdio_usb.c.obj
                0x20000520                stdio_usb
 .data.ep_dir_string
                0x20000534        0x8 CMakeFiles/ds18b20.dir/home/robin/pico/pico-sdk/lib/tinyusb/src/portable/raspberrypi/rp2040/rp2040_usb.c.obj
                0x20000534                ep_dir_string
 .data._usbd_qdef
                0x2000053c       0x24 CMakeFiles/ds18b20.dir/home/robin/pico/pico-sdk/lib/tinyusb/src/device/usbd.c.obj
                0x2000053c                _usbd_qdef
 .data          0x20000560      0x430 /usr/lib/gcc/arm-none-eabi/7.3.1/../../../arm-none-eabi/lib/thumb/v6-m/libc.a(lib_a-impure.o)
                0x20000560                _impure_ptr
 .data          0x20000990      0x410 /usr/lib/gcc/arm-none-eabi/7.3.1/../../../arm-none-eabi/lib/thumb/v6-m/libc.a(lib_a-mallocr.o)
                0x20000990                __malloc_sbrk_base
                0x20000994                __malloc_trim_threshold
                0x20000998                __malloc_av_
                0x20000da0                . = ALIGN (0x4)
 *(.after_data.*)
                0x20000da0                . = ALIGN (0x4)
                0x20000da0                PROVIDE (__mutex_array_start = .)
 *(SORT_BY_NAME(.mutex_array.*))
 *(.mutex_array)
 .mutex_array   0x20000da0        0x8 CMakeFiles/ds18b20.dir/home/robin/pico/pico-sdk/src/rp2_common/pico_stdio/stdio.c.obj
                0x20000da8                PROVIDE (__mutex_array_end = .)
                0x20000da8                . = ALIGN (0x4)
                0x20000da8                PROVIDE (__preinit_array_start = .)
 *(SORT_BY_NAME(.preinit_array.*))
 .preinit_array.00001
                0x20000da8        0x4 CMakeFiles/ds18b20.dir/home/robin/pico/pico-sdk/src/rp2_common/pico_mem_ops/mem_ops_aeabi.S.obj
 .preinit_array.00010
                0x20000dac        0x4 CMakeFiles/ds18b20.dir/home/robin/pico/pico-sdk/src/rp2_common/pico_bit_ops/bit_ops_aeabi.S.obj
 .preinit_array.00020
                0x20000db0        0x4 CMakeFiles/ds18b20.dir/home/robin/pico/pico-sdk/src/rp2_common/pico_double/double_aeabi.S.obj
 .preinit_array.00020
                0x20000db4        0x4 CMakeFiles/ds18b20.dir/home/robin/pico/pico-sdk/src/rp2_common/pico_float/float_aeabi.S.obj
 *(.preinit_array)
                0x20000db8                PROVIDE (__preinit_array_end = .)
                0x20000db8                . = ALIGN (0x4)
                0x20000db8                PROVIDE (__init_array_start = .)
 *(SORT_BY_NAME(.init_array.*))
 *(.init_array)
 .init_array    0x20000db8        0x4 /usr/lib/gcc/arm-none-eabi/7.3.1/thumb/v6-m/crtbegin.o
 .init_array    0x20000dbc        0x4 CMakeFiles/ds18b20.dir/one_wire.cpp.obj
 .init_array    0x20000dc0        0x4 CMakeFiles/ds18b20.dir/home/robin/pico/pico-sdk/src/rp2_common/pico_unique_id/unique_id.c.obj
                0x20000dc4                PROVIDE (__init_array_end = .)
                0x20000dc4                . = ALIGN (0x4)
                0x20000dc4                PROVIDE (__fini_array_start = .)
 *(SORT_BY_NAME(.fini_array.*))
 *(.fini_array)
                0x20000dc4                PROVIDE (__fini_array_end = .)
 *(.jcr)
                0x20000dc4                . = ALIGN (0x4)
                0x20000dc4                __data_end__ = .

.tm_clone_table
                0x20000dc4        0x0 load address 0x1000ae04
 .tm_clone_table
                0x20000dc4        0x0 /usr/lib/gcc/arm-none-eabi/7.3.1/thumb/v6-m/crtbegin.o
 .tm_clone_table
                0x20000dc4        0x0 /usr/lib/gcc/arm-none-eabi/7.3.1/thumb/v6-m/crtend.o

.igot.plt       0x20000dc4        0x0 load address 0x1000ae04
 .igot.plt      0x20000dc4        0x0 /usr/lib/gcc/arm-none-eabi/7.3.1/thumb/v6-m/crtbegin.o

.uninitialized_data
                0x20000dc4        0x0 load address 0x1000ae04
                0x20000dc4                . = ALIGN (0x4)
 *(.uninitialized_data*)

.scratch_x      0x20040000        0x0 load address 0x1000ae04
                0x20040000                __scratch_x_start__ = .
 *(.scratch_x.*)
                0x20040000                . = ALIGN (0x4)
                0x20040000                __scratch_x_end__ = .
                0x1000ae04                __scratch_x_source__ = LOADADDR (.scratch_x)

.scratch_y      0x20041000        0x0 load address 0x1000ae04
                0x20041000                __scratch_y_start__ = .
 *(.scratch_y.*)
                0x20041000                . = ALIGN (0x4)
                0x20041000                __scratch_y_end__ = .
                0x1000ae04                __scratch_y_source__ = LOADADDR (.scratch_y)

.bss            0x20000dc8      0xdac
                0x20000dc8                . = ALIGN (0x4)
                0x20000dc8                __bss_start__ = .
 *(SORT_BY_ALIGNMENT(SORT_BY_NAME(.bss*)))
 .bss.default_alarm_pool_entries
                0x20000dc8      0x100 CMakeFiles/ds18b20.dir/home/robin/pico/pico-sdk/src/common/pico_time/time.c.obj
 .bss.last_avail_time.7049
                0x20000ec8        0x8 CMakeFiles/ds18b20.dir/home/robin/pico/pico-sdk/src/rp2_common/pico_stdio_usb/stdio_usb.c.obj
 .bss           0x20000ed0       0x1c /usr/lib/gcc/arm-none-eabi/7.3.1/thumb/v6-m/crtbegin.o
 .bss           0x20000eec       0x34 /usr/lib/gcc/arm-none-eabi/7.3.1/../../../arm-none-eabi/lib/thumb/v6-m/libc.a(lib_a-mallocr.o)
                0x20000eec                __malloc_top_pad
                0x20000ef0                __malloc_current_mallinfo
                0x20000f18                __malloc_max_sbrked_mem
                0x20000f1c                __malloc_max_total_mem
 .bss._app_driver
                0x20000f20        0x4 CMakeFiles/ds18b20.dir/home/robin/pico/pico-sdk/lib/tinyusb/src/device/usbd.c.obj
 .bss._cdcd_itf
                0x20000f24      0x2d8 CMakeFiles/ds18b20.dir/home/robin/pico/pico-sdk/lib/tinyusb/src/class/cdc/cdc_device.c.obj
 .bss._ctrl_xfer
                0x200011fc       0x14 CMakeFiles/ds18b20.dir/home/robin/pico/pico-sdk/lib/tinyusb/src/device/usbd_control.c.obj
 .bss._ubsd_mutexdef
                0x20001210        0x8 CMakeFiles/ds18b20.dir/home/robin/pico/pico-sdk/lib/tinyusb/src/device/usbd.c.obj
 .bss._usbd_ctrl_buf
                0x20001218       0x40 CMakeFiles/ds18b20.dir/home/robin/pico/pico-sdk/lib/tinyusb/src/device/usbd_control.c.obj
 .bss._usbd_dev
                0x20001258       0x37 CMakeFiles/ds18b20.dir/home/robin/pico/pico-sdk/lib/tinyusb/src/device/usbd.c.obj
 *fill*         0x2000128f        0x1 
 .bss._usbd_mutex
                0x20001290        0x4 CMakeFiles/ds18b20.dir/home/robin/pico/pico-sdk/lib/tinyusb/src/device/usbd.c.obj
 .bss._usbd_q   0x20001294        0x4 CMakeFiles/ds18b20.dir/home/robin/pico/pico-sdk/lib/tinyusb/src/device/usbd.c.obj
 .bss.alarm_callbacks
                0x20001298       0x10 CMakeFiles/ds18b20.dir/home/robin/pico/pico-sdk/src/rp2_common/hardware_timer/timer.c.obj
 .bss.boot2_copyout
                0x200012a8      0x100 CMakeFiles/ds18b20.dir/home/robin/pico/pico-sdk/src/rp2_common/hardware_flash/flash.c.obj
 .bss.claimed   0x200013a8        0x4 CMakeFiles/ds18b20.dir/home/robin/pico/pico-sdk/src/rp2_common/hardware_sync/sync.c.obj
 .bss.configured_freq
                0x200013ac       0x28 CMakeFiles/ds18b20.dir/home/robin/pico/pico-sdk/src/rp2_common/hardware_clocks/clocks.c.obj
 .bss.default_alarm_pool_entry_ids_high
                0x200013d4       0x10 CMakeFiles/ds18b20.dir/home/robin/pico/pico-sdk/src/common/pico_time/time.c.obj
 .bss.default_alarm_pool_heap_nodes
                0x200013e4       0x30 CMakeFiles/ds18b20.dir/home/robin/pico/pico-sdk/src/common/pico_time/time.c.obj
 .bss.desc_str.6953
                0x20001414       0x28 CMakeFiles/ds18b20.dir/home/robin/pico/pico-sdk/src/rp2_common/pico_stdio_usb/stdio_usb_descriptors.c.obj
 .bss.drivers   0x2000143c        0x4 CMakeFiles/ds18b20.dir/home/robin/pico/pico-sdk/src/rp2_common/pico_stdio/stdio.c.obj
 .bss.filter    0x20001440        0x4 CMakeFiles/ds18b20.dir/home/robin/pico/pico-sdk/src/rp2_common/pico_stdio/stdio.c.obj
 .bss.found_addresses
                0x20001444        0xc CMakeFiles/ds18b20.dir/one_wire.cpp.obj
                0x20001444                found_addresses
 .bss.heap_end.5758
                0x20001450        0x4 CMakeFiles/ds18b20.dir/home/robin/pico/pico-sdk/src/rp2_common/pico_runtime/runtime.c.obj
 .bss.hw_endpoints
                0x20001454      0x400 CMakeFiles/ds18b20.dir/home/robin/pico/pico-sdk/lib/tinyusb/src/portable/raspberrypi/rp2040/dcd_rp2040.c.obj
 .bss.lazy_vsnprintf
                0x20001854        0x4 CMakeFiles/ds18b20.dir/home/robin/pico/pico-sdk/src/rp2_common/pico_printf/printf.c.obj
 .bss.load_value
                0x20001858        0x4 CMakeFiles/ds18b20.dir/home/robin/pico/pico-sdk/src/rp2_common/hardware_watchdog/watchdog.c.obj
 .bss.next_buffer_ptr
                0x2000185c        0x4 CMakeFiles/ds18b20.dir/home/robin/pico/pico-sdk/lib/tinyusb/src/portable/raspberrypi/rp2040/dcd_rp2040.c.obj
 .bss.pools     0x20001860       0x10 CMakeFiles/ds18b20.dir/home/robin/pico/pico-sdk/src/common/pico_time/time.c.obj
 .bss.retrieved_id
                0x20001870        0x8 CMakeFiles/ds18b20.dir/home/robin/pico/pico-sdk/src/rp2_common/pico_unique_id/unique_id.c.obj
 .bss.sleep_notifier
                0x20001878        0x4 CMakeFiles/ds18b20.dir/home/robin/pico/pico-sdk/src/common/pico_time/time.c.obj
 .bss.stdio_usb_mutex
                0x2000187c        0x8 CMakeFiles/ds18b20.dir/home/robin/pico/pico-sdk/src/rp2_common/pico_stdio_usb/stdio_usb.c.obj
 .bss.target_hi
                0x20001884       0x10 CMakeFiles/ds18b20.dir/home/robin/pico/pico-sdk/src/rp2_common/hardware_timer/timer.c.obj
 .bss.usbd_serial_str
                0x20001894       0x11 CMakeFiles/ds18b20.dir/home/robin/pico/pico-sdk/src/rp2_common/pico_stdio_usb/stdio_usb_descriptors.c.obj
 .bss._app_driver_count
                0x200018a5        0x1 CMakeFiles/ds18b20.dir/home/robin/pico/pico-sdk/lib/tinyusb/src/device/usbd.c.obj
 .bss._usbd_initialized
                0x200018a6        0x1 CMakeFiles/ds18b20.dir/home/robin/pico/pico-sdk/lib/tinyusb/src/device/usbd.c.obj
 .bss.boot2_copyout_valid
                0x200018a7        0x1 CMakeFiles/ds18b20.dir/home/robin/pico/pico-sdk/src/rp2_common/hardware_flash/flash.c.obj
 .bss.claimed   0x200018a8        0x1 CMakeFiles/ds18b20.dir/home/robin/pico/pico-sdk/src/rp2_common/hardware_timer/timer.c.obj
 .bss.irq_hander_chain_free_slot_head
                0x200018a9        0x1 CMakeFiles/ds18b20.dir/home/robin/pico/pico-sdk/src/rp2_common/hardware_irq/irq.c.obj
 .bss.itf_num   0x200018aa        0x1 CMakeFiles/ds18b20.dir/home/robin/pico/pico-sdk/src/rp2_common/pico_stdio_usb/reset_interface.c.obj
 .bss.timer_callbacks_pending
                0x200018ab        0x1 CMakeFiles/ds18b20.dir/home/robin/pico/pico-sdk/src/rp2_common/hardware_timer/timer.c.obj
 *(COMMON)
 COMMON         0x200018ac      0x100 CMakeFiles/ds18b20.dir/home/robin/pico/pico-sdk/src/rp2_common/pico_double/double_init_rom.c.obj
                0x200018ac                sd_table
 COMMON         0x200019ac      0x104 CMakeFiles/ds18b20.dir/home/robin/pico/pico-sdk/src/rp2_common/pico_float/float_init_rom.c.obj
                0x200019ac                sf_table
                0x20001aac                sf_clz_func
 COMMON         0x20001ab0       0xc0 CMakeFiles/ds18b20.dir/home/robin/pico/pico-sdk/lib/tinyusb/src/device/usbd.c.obj
                0x20001ab0                _usbd_qdef_buf
 COMMON         0x20001b70        0x4 /usr/lib/gcc/arm-none-eabi/7.3.1/../../../arm-none-eabi/lib/thumb/v6-m/libc.a(lib_a-reent.o)
                0x20001b70                errno
                0x20001b74                . = ALIGN (0x4)
                0x20001b74                __bss_end__ = .

.heap           0x20001b74      0x800
                0x20001b74                __end__ = .
                0x20001b74                end = __end__
 *(.heap*)
 .heap          0x20001b74      0x800 CMakeFiles/ds18b20.dir/home/robin/pico/pico-sdk/src/rp2_common/pico_standard_link/crt0.S.obj
                0x20002374                __HeapLimit = .

.stack1_dummy   0x20040000        0x0
 *(.stack1*)

.stack_dummy    0x20041000      0x800
 *(.stack*)
 .stack         0x20041000      0x800 CMakeFiles/ds18b20.dir/home/robin/pico/pico-sdk/src/rp2_common/pico_standard_link/crt0.S.obj

.flash_end      0x1000ae04        0x0
                0x1000ae04                __flash_binary_end = .
                0x20040000                __StackLimit = (ORIGIN (RAM) + LENGTH (RAM))
                0x20041000                __StackOneTop = (ORIGIN (SCRATCH_X) + LENGTH (SCRATCH_X))
                0x20042000                __StackTop = (ORIGIN (SCRATCH_Y) + LENGTH (SCRATCH_Y))
                0x20041000                __StackOneBottom = (__StackOneTop - SIZEOF (.stack1_dummy))
                0x20041800                __StackBottom = (__StackTop - SIZEOF (.stack_dummy))
                0x20042000                PROVIDE (__stack = __StackTop)
                0x00000001                ASSERT ((__StackLimit >= __HeapLimit), region RAM overflowed)
                0x00000001                ASSERT (((__binary_info_header_end - __logical_binary_start) <= 0x100), Binary info must be in first 256 bytes of the binary)
LOAD CMakeFiles/ds18b20.dir/ds18b20.cpp.obj
LOAD CMakeFiles/ds18b20.dir/one_wire.cpp.obj
LOAD CMakeFiles/ds18b20.dir/home/robin/pico/pico-sdk/src/rp2_common/pico_stdlib/stdlib.c.obj
LOAD CMakeFiles/ds18b20.dir/home/robin/pico/pico-sdk/src/rp2_common/hardware_gpio/gpio.c.obj
LOAD CMakeFiles/ds18b20.dir/home/robin/pico/pico-sdk/src/rp2_common/hardware_claim/claim.c.obj
LOAD CMakeFiles/ds18b20.dir/home/robin/pico/pico-sdk/src/rp2_common/pico_platform/platform.c.obj
LOAD CMakeFiles/ds18b20.dir/home/robin/pico/pico-sdk/src/rp2_common/hardware_sync/sync.c.obj
LOAD CMakeFiles/ds18b20.dir/home/robin/pico/pico-sdk/src/rp2_common/hardware_uart/uart.c.obj
LOAD CMakeFiles/ds18b20.dir/home/robin/pico/pico-sdk/src/rp2_common/hardware_divider/divider.S.obj
LOAD CMakeFiles/ds18b20.dir/home/robin/pico/pico-sdk/src/common/pico_time/time.c.obj
LOAD CMakeFiles/ds18b20.dir/home/robin/pico/pico-sdk/src/common/pico_time/timeout_helper.c.obj
LOAD CMakeFiles/ds18b20.dir/home/robin/pico/pico-sdk/src/rp2_common/hardware_timer/timer.c.obj
LOAD CMakeFiles/ds18b20.dir/home/robin/pico/pico-sdk/src/common/pico_sync/sem.c.obj
LOAD CMakeFiles/ds18b20.dir/home/robin/pico/pico-sdk/src/common/pico_sync/lock_core.c.obj
LOAD CMakeFiles/ds18b20.dir/home/robin/pico/pico-sdk/src/common/pico_sync/mutex.c.obj
LOAD CMakeFiles/ds18b20.dir/home/robin/pico/pico-sdk/src/common/pico_sync/critical_section.c.obj
LOAD CMakeFiles/ds18b20.dir/home/robin/pico/pico-sdk/src/common/pico_util/datetime.c.obj
LOAD CMakeFiles/ds18b20.dir/home/robin/pico/pico-sdk/src/common/pico_util/pheap.c.obj
LOAD CMakeFiles/ds18b20.dir/home/robin/pico/pico-sdk/src/common/pico_util/queue.c.obj
LOAD CMakeFiles/ds18b20.dir/home/robin/pico/pico-sdk/src/rp2_common/pico_runtime/runtime.c.obj
LOAD CMakeFiles/ds18b20.dir/home/robin/pico/pico-sdk/src/rp2_common/hardware_clocks/clocks.c.obj
LOAD CMakeFiles/ds18b20.dir/home/robin/pico/pico-sdk/src/rp2_common/hardware_irq/irq.c.obj
LOAD CMakeFiles/ds18b20.dir/home/robin/pico/pico-sdk/src/rp2_common/hardware_irq/irq_handler_chain.S.obj
LOAD CMakeFiles/ds18b20.dir/home/robin/pico/pico-sdk/src/rp2_common/hardware_pll/pll.c.obj
LOAD CMakeFiles/ds18b20.dir/home/robin/pico/pico-sdk/src/rp2_common/hardware_vreg/vreg.c.obj
LOAD CMakeFiles/ds18b20.dir/home/robin/pico/pico-sdk/src/rp2_common/hardware_watchdog/watchdog.c.obj
LOAD CMakeFiles/ds18b20.dir/home/robin/pico/pico-sdk/src/rp2_common/hardware_xosc/xosc.c.obj
LOAD CMakeFiles/ds18b20.dir/home/robin/pico/pico-sdk/src/rp2_common/pico_printf/printf.c.obj
LOAD CMakeFiles/ds18b20.dir/home/robin/pico/pico-sdk/src/rp2_common/pico_bit_ops/bit_ops_aeabi.S.obj
LOAD CMakeFiles/ds18b20.dir/home/robin/pico/pico-sdk/src/rp2_common/pico_bootrom/bootrom.c.obj
LOAD CMakeFiles/ds18b20.dir/home/robin/pico/pico-sdk/src/rp2_common/pico_divider/divider.S.obj
LOAD CMakeFiles/ds18b20.dir/home/robin/pico/pico-sdk/src/rp2_common/pico_double/double_aeabi.S.obj
LOAD CMakeFiles/ds18b20.dir/home/robin/pico/pico-sdk/src/rp2_common/pico_double/double_init_rom.c.obj
LOAD CMakeFiles/ds18b20.dir/home/robin/pico/pico-sdk/src/rp2_common/pico_double/double_math.c.obj
LOAD CMakeFiles/ds18b20.dir/home/robin/pico/pico-sdk/src/rp2_common/pico_double/double_v1_rom_shim.S.obj
LOAD CMakeFiles/ds18b20.dir/home/robin/pico/pico-sdk/src/rp2_common/pico_int64_ops/pico_int64_ops_aeabi.S.obj
LOAD CMakeFiles/ds18b20.dir/home/robin/pico/pico-sdk/src/rp2_common/pico_float/float_aeabi.S.obj
LOAD CMakeFiles/ds18b20.dir/home/robin/pico/pico-sdk/src/rp2_common/pico_float/float_init_rom.c.obj
LOAD CMakeFiles/ds18b20.dir/home/robin/pico/pico-sdk/src/rp2_common/pico_float/float_math.c.obj
LOAD CMakeFiles/ds18b20.dir/home/robin/pico/pico-sdk/src/rp2_common/pico_float/float_v1_rom_shim.S.obj
LOAD CMakeFiles/ds18b20.dir/home/robin/pico/pico-sdk/src/rp2_common/pico_malloc/pico_malloc.c.obj
LOAD CMakeFiles/ds18b20.dir/home/robin/pico/pico-sdk/src/rp2_common/pico_mem_ops/mem_ops_aeabi.S.obj
LOAD CMakeFiles/ds18b20.dir/home/robin/pico/pico-sdk/src/rp2_common/pico_standard_link/crt0.S.obj
LOAD CMakeFiles/ds18b20.dir/home/robin/pico/pico-sdk/src/rp2_common/pico_standard_link/new_delete.cpp.obj
LOAD CMakeFiles/ds18b20.dir/home/robin/pico/pico-sdk/src/rp2_common/pico_standard_link/binary_info.c.obj
LOAD CMakeFiles/ds18b20.dir/home/robin/pico/pico-sdk/src/rp2_common/pico_stdio/stdio.c.obj
LOAD CMakeFiles/ds18b20.dir/home/robin/pico/pico-sdk/src/rp2_common/pico_stdio_usb/reset_interface.c.obj
LOAD CMakeFiles/ds18b20.dir/home/robin/pico/pico-sdk/src/rp2_common/pico_stdio_usb/stdio_usb.c.obj
LOAD CMakeFiles/ds18b20.dir/home/robin/pico/pico-sdk/src/rp2_common/pico_stdio_usb/stdio_usb_descriptors.c.obj
LOAD CMakeFiles/ds18b20.dir/home/robin/pico/pico-sdk/lib/tinyusb/src/portable/raspberrypi/rp2040/dcd_rp2040.c.obj
LOAD CMakeFiles/ds18b20.dir/home/robin/pico/pico-sdk/lib/tinyusb/src/portable/raspberrypi/rp2040/rp2040_usb.c.obj
LOAD CMakeFiles/ds18b20.dir/home/robin/pico/pico-sdk/lib/tinyusb/src/device/usbd.c.obj
LOAD CMakeFiles/ds18b20.dir/home/robin/pico/pico-sdk/lib/tinyusb/src/device/usbd_control.c.obj
LOAD CMakeFiles/ds18b20.dir/home/robin/pico/pico-sdk/lib/tinyusb/src/class/audio/audio_device.c.obj
LOAD CMakeFiles/ds18b20.dir/home/robin/pico/pico-sdk/lib/tinyusb/src/class/cdc/cdc_device.c.obj
LOAD CMakeFiles/ds18b20.dir/home/robin/pico/pico-sdk/lib/tinyusb/src/class/dfu/dfu_device.c.obj
LOAD CMakeFiles/ds18b20.dir/home/robin/pico/pico-sdk/lib/tinyusb/src/class/dfu/dfu_rt_device.c.obj
LOAD CMakeFiles/ds18b20.dir/home/robin/pico/pico-sdk/lib/tinyusb/src/class/hid/hid_device.c.obj
LOAD CMakeFiles/ds18b20.dir/home/robin/pico/pico-sdk/lib/tinyusb/src/class/midi/midi_device.c.obj
LOAD CMakeFiles/ds18b20.dir/home/robin/pico/pico-sdk/lib/tinyusb/src/class/msc/msc_device.c.obj
LOAD CMakeFiles/ds18b20.dir/home/robin/pico/pico-sdk/lib/tinyusb/src/class/net/net_device.c.obj
LOAD CMakeFiles/ds18b20.dir/home/robin/pico/pico-sdk/lib/tinyusb/src/class/usbtmc/usbtmc_device.c.obj
LOAD CMakeFiles/ds18b20.dir/home/robin/pico/pico-sdk/lib/tinyusb/src/class/vendor/vendor_device.c.obj
LOAD CMakeFiles/ds18b20.dir/home/robin/pico/pico-sdk/lib/tinyusb/src/tusb.c.obj
LOAD CMakeFiles/ds18b20.dir/home/robin/pico/pico-sdk/lib/tinyusb/src/common/tusb_fifo.c.obj
LOAD CMakeFiles/ds18b20.dir/home/robin/pico/pico-sdk/src/rp2_common/pico_fix/rp2040_usb_device_enumeration/rp2040_usb_device_enumeration.c.obj
LOAD CMakeFiles/ds18b20.dir/home/robin/pico/pico-sdk/src/rp2_common/pico_unique_id/unique_id.c.obj
LOAD CMakeFiles/ds18b20.dir/home/robin/pico/pico-sdk/src/rp2_common/hardware_flash/flash.c.obj
LOAD /tmp/ccmI0oIU.o
LOAD /usr/lib/gcc/arm-none-eabi/7.3.1/../../../arm-none-eabi/lib/thumb/v6-m/libstdc++.a
LOAD /usr/lib/gcc/arm-none-eabi/7.3.1/../../../arm-none-eabi/lib/thumb/v6-m/libm.a
START GROUP
LOAD /usr/lib/gcc/arm-none-eabi/7.3.1/thumb/v6-m/libgcc.a
LOAD /usr/lib/gcc/arm-none-eabi/7.3.1/../../../arm-none-eabi/lib/thumb/v6-m/libc.a
END GROUP
START GROUP
LOAD /usr/lib/gcc/arm-none-eabi/7.3.1/thumb/v6-m/libgcc.a
LOAD /usr/lib/gcc/arm-none-eabi/7.3.1/../../../arm-none-eabi/lib/thumb/v6-m/libc.a
LOAD /usr/lib/gcc/arm-none-eabi/7.3.1/../../../arm-none-eabi/lib/thumb/v6-m/libnosys.a
END GROUP
LOAD /usr/lib/gcc/arm-none-eabi/7.3.1/thumb/v6-m/crtend.o
LOAD /usr/lib/gcc/arm-none-eabi/7.3.1/thumb/v6-m/crtn.o
OUTPUT(ds18b20.elf elf32-littlearm)

.ARM.attributes
                0x00000000       0x28
 .ARM.attributes
                0x00000000       0x1e /usr/lib/gcc/arm-none-eabi/7.3.1/thumb/v6-m/crti.o
 .ARM.attributes
                0x0000001e       0x2c /usr/lib/gcc/arm-none-eabi/7.3.1/thumb/v6-m/crtbegin.o
 .ARM.attributes
                0x0000004a       0x32 CMakeFiles/ds18b20.dir/ds18b20.cpp.obj
 .ARM.attributes
                0x0000007c       0x32 CMakeFiles/ds18b20.dir/one_wire.cpp.obj
 .ARM.attributes
                0x000000ae       0x32 CMakeFiles/ds18b20.dir/home/robin/pico/pico-sdk/src/rp2_common/hardware_gpio/gpio.c.obj
 .ARM.attributes
                0x000000e0       0x32 CMakeFiles/ds18b20.dir/home/robin/pico/pico-sdk/src/rp2_common/hardware_claim/claim.c.obj
 .ARM.attributes
                0x00000112       0x32 CMakeFiles/ds18b20.dir/home/robin/pico/pico-sdk/src/rp2_common/pico_platform/platform.c.obj
 .ARM.attributes
                0x00000144       0x32 CMakeFiles/ds18b20.dir/home/robin/pico/pico-sdk/src/rp2_common/hardware_sync/sync.c.obj
 .ARM.attributes
                0x00000176       0x32 CMakeFiles/ds18b20.dir/home/robin/pico/pico-sdk/src/common/pico_time/time.c.obj
 .ARM.attributes
                0x000001a8       0x32 CMakeFiles/ds18b20.dir/home/robin/pico/pico-sdk/src/rp2_common/hardware_timer/timer.c.obj
 .ARM.attributes
                0x000001da       0x32 CMakeFiles/ds18b20.dir/home/robin/pico/pico-sdk/src/common/pico_sync/lock_core.c.obj
 .ARM.attributes
                0x0000020c       0x32 CMakeFiles/ds18b20.dir/home/robin/pico/pico-sdk/src/common/pico_sync/mutex.c.obj
 .ARM.attributes
                0x0000023e       0x32 CMakeFiles/ds18b20.dir/home/robin/pico/pico-sdk/src/common/pico_sync/critical_section.c.obj
 .ARM.attributes
                0x00000270       0x32 CMakeFiles/ds18b20.dir/home/robin/pico/pico-sdk/src/common/pico_util/pheap.c.obj
 .ARM.attributes
                0x000002a2       0x32 CMakeFiles/ds18b20.dir/home/robin/pico/pico-sdk/src/rp2_common/pico_runtime/runtime.c.obj
 .ARM.attributes
                0x000002d4       0x32 CMakeFiles/ds18b20.dir/home/robin/pico/pico-sdk/src/rp2_common/hardware_clocks/clocks.c.obj
 .ARM.attributes
                0x00000306       0x32 CMakeFiles/ds18b20.dir/home/robin/pico/pico-sdk/src/rp2_common/hardware_irq/irq.c.obj
 .ARM.attributes
                0x00000338       0x22 CMakeFiles/ds18b20.dir/home/robin/pico/pico-sdk/src/rp2_common/hardware_irq/irq_handler_chain.S.obj
 .ARM.attributes
                0x0000035a       0x32 CMakeFiles/ds18b20.dir/home/robin/pico/pico-sdk/src/rp2_common/hardware_pll/pll.c.obj
 .ARM.attributes
                0x0000038c       0x32 CMakeFiles/ds18b20.dir/home/robin/pico/pico-sdk/src/rp2_common/hardware_watchdog/watchdog.c.obj
 .ARM.attributes
                0x000003be       0x32 CMakeFiles/ds18b20.dir/home/robin/pico/pico-sdk/src/rp2_common/hardware_xosc/xosc.c.obj
 .ARM.attributes
                0x000003f0       0x32 CMakeFiles/ds18b20.dir/home/robin/pico/pico-sdk/src/rp2_common/pico_printf/printf.c.obj
 .ARM.attributes
                0x00000422       0x22 CMakeFiles/ds18b20.dir/home/robin/pico/pico-sdk/src/rp2_common/pico_bit_ops/bit_ops_aeabi.S.obj
 .ARM.attributes
                0x00000444       0x32 CMakeFiles/ds18b20.dir/home/robin/pico/pico-sdk/src/rp2_common/pico_bootrom/bootrom.c.obj
 .ARM.attributes
                0x00000476       0x22 CMakeFiles/ds18b20.dir/home/robin/pico/pico-sdk/src/rp2_common/pico_divider/divider.S.obj
 .ARM.attributes
                0x00000498       0x22 CMakeFiles/ds18b20.dir/home/robin/pico/pico-sdk/src/rp2_common/pico_double/double_aeabi.S.obj
 .ARM.attributes
                0x000004ba       0x32 CMakeFiles/ds18b20.dir/home/robin/pico/pico-sdk/src/rp2_common/pico_double/double_init_rom.c.obj
 .ARM.attributes
                0x000004ec       0x22 CMakeFiles/ds18b20.dir/home/robin/pico/pico-sdk/src/rp2_common/pico_double/double_v1_rom_shim.S.obj
 .ARM.attributes
                0x0000050e       0x22 CMakeFiles/ds18b20.dir/home/robin/pico/pico-sdk/src/rp2_common/pico_int64_ops/pico_int64_ops_aeabi.S.obj
 .ARM.attributes
                0x00000530       0x22 CMakeFiles/ds18b20.dir/home/robin/pico/pico-sdk/src/rp2_common/pico_float/float_aeabi.S.obj
 .ARM.attributes
                0x00000552       0x32 CMakeFiles/ds18b20.dir/home/robin/pico/pico-sdk/src/rp2_common/pico_float/float_init_rom.c.obj
 .ARM.attributes
                0x00000584       0x32 CMakeFiles/ds18b20.dir/home/robin/pico/pico-sdk/src/rp2_common/pico_float/float_math.c.obj
 .ARM.attributes
                0x000005b6       0x22 CMakeFiles/ds18b20.dir/home/robin/pico/pico-sdk/src/rp2_common/pico_float/float_v1_rom_shim.S.obj
 .ARM.attributes
                0x000005d8       0x32 CMakeFiles/ds18b20.dir/home/robin/pico/pico-sdk/src/rp2_common/pico_malloc/pico_malloc.c.obj
 .ARM.attributes
                0x0000060a       0x22 CMakeFiles/ds18b20.dir/home/robin/pico/pico-sdk/src/rp2_common/pico_mem_ops/mem_ops_aeabi.S.obj
 .ARM.attributes
                0x0000062c       0x22 CMakeFiles/ds18b20.dir/home/robin/pico/pico-sdk/src/rp2_common/pico_standard_link/crt0.S.obj
 .ARM.attributes
                0x0000064e       0x32 CMakeFiles/ds18b20.dir/home/robin/pico/pico-sdk/src/rp2_common/pico_standard_link/new_delete.cpp.obj
 .ARM.attributes
                0x00000680       0x32 CMakeFiles/ds18b20.dir/home/robin/pico/pico-sdk/src/rp2_common/pico_standard_link/binary_info.c.obj
 .ARM.attributes
                0x000006b2       0x32 CMakeFiles/ds18b20.dir/home/robin/pico/pico-sdk/src/rp2_common/pico_stdio/stdio.c.obj
 .ARM.attributes
                0x000006e4       0x32 CMakeFiles/ds18b20.dir/home/robin/pico/pico-sdk/src/rp2_common/pico_stdio_usb/reset_interface.c.obj
 .ARM.attributes
                0x00000716       0x32 CMakeFiles/ds18b20.dir/home/robin/pico/pico-sdk/src/rp2_common/pico_stdio_usb/stdio_usb.c.obj
 .ARM.attributes
                0x00000748       0x32 CMakeFiles/ds18b20.dir/home/robin/pico/pico-sdk/src/rp2_common/pico_stdio_usb/stdio_usb_descriptors.c.obj
 .ARM.attributes
                0x0000077a       0x32 CMakeFiles/ds18b20.dir/home/robin/pico/pico-sdk/lib/tinyusb/src/portable/raspberrypi/rp2040/dcd_rp2040.c.obj
 .ARM.attributes
                0x000007ac       0x32 CMakeFiles/ds18b20.dir/home/robin/pico/pico-sdk/lib/tinyusb/src/portable/raspberrypi/rp2040/rp2040_usb.c.obj
 .ARM.attributes
                0x000007de       0x32 CMakeFiles/ds18b20.dir/home/robin/pico/pico-sdk/lib/tinyusb/src/device/usbd.c.obj
 .ARM.attributes
                0x00000810       0x32 CMakeFiles/ds18b20.dir/home/robin/pico/pico-sdk/lib/tinyusb/src/device/usbd_control.c.obj
 .ARM.attributes
                0x00000842       0x32 CMakeFiles/ds18b20.dir/home/robin/pico/pico-sdk/lib/tinyusb/src/class/cdc/cdc_device.c.obj
 .ARM.attributes
                0x00000874       0x32 CMakeFiles/ds18b20.dir/home/robin/pico/pico-sdk/lib/tinyusb/src/tusb.c.obj
 .ARM.attributes
                0x000008a6       0x32 CMakeFiles/ds18b20.dir/home/robin/pico/pico-sdk/lib/tinyusb/src/common/tusb_fifo.c.obj
 .ARM.attributes
                0x000008d8       0x32 CMakeFiles/ds18b20.dir/home/robin/pico/pico-sdk/src/rp2_common/pico_unique_id/unique_id.c.obj
 .ARM.attributes
                0x0000090a       0x32 CMakeFiles/ds18b20.dir/home/robin/pico/pico-sdk/src/rp2_common/hardware_flash/flash.c.obj
 .ARM.attributes
                0x0000093c       0x22 /tmp/ccmI0oIU.o
 .ARM.attributes
                0x0000095e       0x1e /usr/lib/gcc/arm-none-eabi/7.3.1/thumb/v6-m/libgcc.a(_dvmd_tls.o)
 .ARM.attributes
                0x0000097c       0x2c /usr/lib/gcc/arm-none-eabi/7.3.1/../../../arm-none-eabi/lib/thumb/v6-m/libc.a(lib_a-impure.o)
 .ARM.attributes
                0x000009a8       0x2c /usr/lib/gcc/arm-none-eabi/7.3.1/../../../arm-none-eabi/lib/thumb/v6-m/libc.a(lib_a-malloc.o)
 .ARM.attributes
                0x000009d4       0x2c /usr/lib/gcc/arm-none-eabi/7.3.1/../../../arm-none-eabi/lib/thumb/v6-m/libc.a(lib_a-mallocr.o)
 .ARM.attributes
                0x00000a00       0x2c /usr/lib/gcc/arm-none-eabi/7.3.1/../../../arm-none-eabi/lib/thumb/v6-m/libc.a(lib_a-memmove.o)
 .ARM.attributes
                0x00000a2c       0x2c /usr/lib/gcc/arm-none-eabi/7.3.1/../../../arm-none-eabi/lib/thumb/v6-m/libc.a(lib_a-mlock.o)
 .ARM.attributes
                0x00000a58       0x2c /usr/lib/gcc/arm-none-eabi/7.3.1/../../../arm-none-eabi/lib/thumb/v6-m/libc.a(lib_a-sbrkr.o)
 .ARM.attributes
                0x00000a84       0x2c /usr/lib/gcc/arm-none-eabi/7.3.1/../../../arm-none-eabi/lib/thumb/v6-m/libc.a(lib_a-strlen-stub.o)
 .ARM.attributes
                0x00000ab0       0x2c /usr/lib/gcc/arm-none-eabi/7.3.1/../../../arm-none-eabi/lib/thumb/v6-m/libc.a(lib_a-freer.o)
 .ARM.attributes
                0x00000adc       0x2c /usr/lib/gcc/arm-none-eabi/7.3.1/../../../arm-none-eabi/lib/thumb/v6-m/libc.a(lib_a-reent.o)
 .ARM.attributes
                0x00000b08       0x2c /usr/lib/gcc/arm-none-eabi/7.3.1/thumb/v6-m/crtend.o

.comment        0x00000000       0xae
 .comment       0x00000000       0x57 /usr/lib/gcc/arm-none-eabi/7.3.1/thumb/v6-m/crtbegin.o
                                 0x58 (size before relaxing)
 .comment       0x00000057       0x58 CMakeFiles/ds18b20.dir/ds18b20.cpp.obj
 .comment       0x00000057       0x58 CMakeFiles/ds18b20.dir/one_wire.cpp.obj
 .comment       0x00000057       0x58 CMakeFiles/ds18b20.dir/home/robin/pico/pico-sdk/src/rp2_common/hardware_gpio/gpio.c.obj
 .comment       0x00000057       0x58 CMakeFiles/ds18b20.dir/home/robin/pico/pico-sdk/src/rp2_common/hardware_claim/claim.c.obj
 .comment       0x00000057       0x58 CMakeFiles/ds18b20.dir/home/robin/pico/pico-sdk/src/rp2_common/pico_platform/platform.c.obj
 .comment       0x00000057       0x58 CMakeFiles/ds18b20.dir/home/robin/pico/pico-sdk/src/rp2_common/hardware_sync/sync.c.obj
 .comment       0x00000057       0x58 CMakeFiles/ds18b20.dir/home/robin/pico/pico-sdk/src/common/pico_time/time.c.obj
 .comment       0x00000057       0x58 CMakeFiles/ds18b20.dir/home/robin/pico/pico-sdk/src/rp2_common/hardware_timer/timer.c.obj
 .comment       0x00000057       0x58 CMakeFiles/ds18b20.dir/home/robin/pico/pico-sdk/src/common/pico_sync/lock_core.c.obj
 .comment       0x00000057       0x58 CMakeFiles/ds18b20.dir/home/robin/pico/pico-sdk/src/common/pico_sync/mutex.c.obj
 .comment       0x00000057       0x58 CMakeFiles/ds18b20.dir/home/robin/pico/pico-sdk/src/common/pico_sync/critical_section.c.obj
 .comment       0x00000057       0x58 CMakeFiles/ds18b20.dir/home/robin/pico/pico-sdk/src/common/pico_util/pheap.c.obj
 .comment       0x00000057       0x58 CMakeFiles/ds18b20.dir/home/robin/pico/pico-sdk/src/rp2_common/pico_runtime/runtime.c.obj
 .comment       0x00000057       0x58 CMakeFiles/ds18b20.dir/home/robin/pico/pico-sdk/src/rp2_common/hardware_clocks/clocks.c.obj
 .comment       0x00000057       0x58 CMakeFiles/ds18b20.dir/home/robin/pico/pico-sdk/src/rp2_common/hardware_irq/irq.c.obj
 .comment       0x00000057       0x58 CMakeFiles/ds18b20.dir/home/robin/pico/pico-sdk/src/rp2_common/hardware_pll/pll.c.obj
 .comment       0x00000057       0x58 CMakeFiles/ds18b20.dir/home/robin/pico/pico-sdk/src/rp2_common/hardware_watchdog/watchdog.c.obj