Archive member included to satisfy reference by file (symbol)

/usr/lib/gcc/arm-none-eabi/7.3.1/thumb/v6-m/libgcc.a(_dvmd_tls.o)
                              CMakeFiles/WDT01.dir/home/robin/pico/pico-sdk/src/rp2_common/pico_divider/divider.S.obj (__aeabi_idiv0)
/usr/lib/gcc/arm-none-eabi/7.3.1/../../../arm-none-eabi/lib/thumb/v6-m/libc.a(lib_a-atexit.o)
                              /usr/lib/gcc/arm-none-eabi/7.3.1/../../../arm-none-eabi/lib/thumb/v6-m/crt0.o (atexit)
/usr/lib/gcc/arm-none-eabi/7.3.1/../../../arm-none-eabi/lib/thumb/v6-m/libc.a(lib_a-calloc.o)
                              CMakeFiles/WDT01.dir/home/robin/pico/pico-sdk/src/rp2_common/pico_malloc/pico_malloc.c.obj (calloc)
/usr/lib/gcc/arm-none-eabi/7.3.1/../../../arm-none-eabi/lib/thumb/v6-m/libc.a(lib_a-callocr.o)
                              /usr/lib/gcc/arm-none-eabi/7.3.1/../../../arm-none-eabi/lib/thumb/v6-m/libc.a(lib_a-calloc.o) (_calloc_r)
/usr/lib/gcc/arm-none-eabi/7.3.1/../../../arm-none-eabi/lib/thumb/v6-m/libc.a(lib_a-fini.o)
                              /usr/lib/gcc/arm-none-eabi/7.3.1/../../../arm-none-eabi/lib/thumb/v6-m/crt0.o (__libc_fini_array)
/usr/lib/gcc/arm-none-eabi/7.3.1/../../../arm-none-eabi/lib/thumb/v6-m/libc.a(lib_a-impure.o)
                              /usr/lib/gcc/arm-none-eabi/7.3.1/../../../arm-none-eabi/lib/thumb/v6-m/libc.a(lib_a-calloc.o) (_impure_ptr)
/usr/lib/gcc/arm-none-eabi/7.3.1/../../../arm-none-eabi/lib/thumb/v6-m/libc.a(lib_a-init.o)
                              /usr/lib/gcc/arm-none-eabi/7.3.1/../../../arm-none-eabi/lib/thumb/v6-m/crt0.o (__libc_init_array)
/usr/lib/gcc/arm-none-eabi/7.3.1/../../../arm-none-eabi/lib/thumb/v6-m/libc.a(lib_a-malloc.o)
                              CMakeFiles/WDT01.dir/home/robin/pico/pico-sdk/src/rp2_common/pico_malloc/pico_malloc.c.obj (malloc)
/usr/lib/gcc/arm-none-eabi/7.3.1/../../../arm-none-eabi/lib/thumb/v6-m/libc.a(lib_a-mallocr.o)
                              /usr/lib/gcc/arm-none-eabi/7.3.1/../../../arm-none-eabi/lib/thumb/v6-m/libc.a(lib_a-callocr.o) (_malloc_r)
/usr/lib/gcc/arm-none-eabi/7.3.1/../../../arm-none-eabi/lib/thumb/v6-m/libc.a(lib_a-mlock.o)
                              /usr/lib/gcc/arm-none-eabi/7.3.1/../../../arm-none-eabi/lib/thumb/v6-m/libc.a(lib_a-mallocr.o) (__malloc_lock)
/usr/lib/gcc/arm-none-eabi/7.3.1/../../../arm-none-eabi/lib/thumb/v6-m/libc.a(lib_a-realloc.o)
                              CMakeFiles/WDT01.dir/home/robin/pico/pico-sdk/src/rp2_common/pico_malloc/pico_malloc.c.obj (realloc)
/usr/lib/gcc/arm-none-eabi/7.3.1/../../../arm-none-eabi/lib/thumb/v6-m/libc.a(lib_a-reallocr.o)
                              /usr/lib/gcc/arm-none-eabi/7.3.1/../../../arm-none-eabi/lib/thumb/v6-m/libc.a(lib_a-realloc.o) (_realloc_r)
/usr/lib/gcc/arm-none-eabi/7.3.1/../../../arm-none-eabi/lib/thumb/v6-m/libc.a(lib_a-sbrkr.o)
                              /usr/lib/gcc/arm-none-eabi/7.3.1/../../../arm-none-eabi/lib/thumb/v6-m/libc.a(lib_a-mallocr.o) (_sbrk_r)
/usr/lib/gcc/arm-none-eabi/7.3.1/../../../arm-none-eabi/lib/thumb/v6-m/libc.a(lib_a-strlen-stub.o)
                              CMakeFiles/WDT01.dir/home/robin/pico/pico-sdk/src/rp2_common/pico_stdio/stdio.c.obj (strlen)
/usr/lib/gcc/arm-none-eabi/7.3.1/../../../arm-none-eabi/lib/thumb/v6-m/libc.a(lib_a-__atexit.o)
                              /usr/lib/gcc/arm-none-eabi/7.3.1/../../../arm-none-eabi/lib/thumb/v6-m/libc.a(lib_a-atexit.o) (__register_exitproc)
/usr/lib/gcc/arm-none-eabi/7.3.1/../../../arm-none-eabi/lib/thumb/v6-m/libc.a(lib_a-freer.o)
                              /usr/lib/gcc/arm-none-eabi/7.3.1/../../../arm-none-eabi/lib/thumb/v6-m/libc.a(lib_a-malloc.o) (_free_r)
/usr/lib/gcc/arm-none-eabi/7.3.1/../../../arm-none-eabi/lib/thumb/v6-m/libc.a(lib_a-memmove.o)
                              /usr/lib/gcc/arm-none-eabi/7.3.1/../../../arm-none-eabi/lib/thumb/v6-m/libc.a(lib_a-reallocr.o) (memmove)
/usr/lib/gcc/arm-none-eabi/7.3.1/../../../arm-none-eabi/lib/thumb/v6-m/libc.a(lib_a-reent.o)
                              /usr/lib/gcc/arm-none-eabi/7.3.1/../../../arm-none-eabi/lib/thumb/v6-m/libc.a(lib_a-sbrkr.o) (errno)

Allocating common symbols
Common symbol       size              file

sf_table            0x100             CMakeFiles/WDT01.dir/home/robin/pico/pico-sdk/src/rp2_common/pico_float/float_init_rom.c.obj
errno               0x4               /usr/lib/gcc/arm-none-eabi/7.3.1/../../../arm-none-eabi/lib/thumb/v6-m/libc.a(lib_a-reent.o)
sd_table            0x100             CMakeFiles/WDT01.dir/home/robin/pico/pico-sdk/src/rp2_common/pico_double/double_init_rom.c.obj
uart_char_to_line_feed
                    0x4               CMakeFiles/WDT01.dir/home/robin/pico/pico-sdk/src/rp2_common/hardware_uart/uart.c.obj

Discarded input sections

 .text          0x00000000        0x0 /usr/lib/gcc/arm-none-eabi/7.3.1/thumb/v6-m/crti.o
 .data          0x00000000        0x0 /usr/lib/gcc/arm-none-eabi/7.3.1/thumb/v6-m/crti.o
[...]
Memory Configuration

Name             Origin             Length             Attributes
FLASH            0x10000000         0x00200000         xr
RAM              0x20000000         0x00040000         xrw
SCRATCH_X        0x20040000         0x00001000         xrw
SCRATCH_Y        0x20041000         0x00001000         xrw
*default*        0x00000000         0xffffffff

Linker script and memory map

LOAD /usr/lib/gcc/arm-none-eabi/7.3.1/thumb/v6-m/crti.o
LOAD /usr/lib/gcc/arm-none-eabi/7.3.1/thumb/v6-m/crtbegin.o
LOAD /usr/lib/gcc/arm-none-eabi/7.3.1/../../../arm-none-eabi/lib/thumb/v6-m/crt0.o

.flash_begin    0x10000000        0x0
                0x10000000                __flash_binary_start = .

.boot2          0x10000000      0x100
                0x10000000                __boot2_start__ = .
 *(.boot2)
 .boot2         0x10000000      0x100 /tmp/cc8ZYUel.o
                0x10000100                __boot2_end__ = .
                0x00000001                ASSERT (((__boot2_end__ - __boot2_start__) == 0x100), ERROR: Pico second stage bootloader must be 256 bytes in size)

.text           0x10000100     0x5520
                0x10000100                __logical_binary_start = .
 *(.vectors)
 .vectors       0x10000100       0xd4 CMakeFiles/WDT01.dir/home/robin/pico/pico-sdk/src/rp2_common/pico_standard_link/crt0.S.obj
                0x10000100                __vectors
                0x10000100                __VECTOR_TABLE
                0x100001c0                isr_invalid
                0x100001c0                __default_isrs_start
                0x100001c2                isr_nmi
                0x100001c4                isr_hardfault
                0x100001c6                isr_svcall
                0x100001c8                isr_pendsv
                0x100001ca                isr_systick
                0x100001cc                isr_irq30
                0x100001cc                __unhandled_user_irq
                0x100001cc                isr_irq13
                0x100001cc                isr_irq27
                0x100001cc                isr_irq31
                0x100001cc                isr_irq5
                0x100001cc                isr_irq11
                0x100001cc                isr_irq23
                0x100001cc                isr_irq18
                0x100001cc                isr_irq28
                0x100001cc                isr_irq19
                0x100001cc                isr_irq0
                0x100001cc                isr_irq6
                0x100001cc                isr_irq22
                0x100001cc                isr_irq17
                0x100001cc                isr_irq14
                0x100001cc                isr_irq2
                0x100001cc                isr_irq10
                0x100001cc                isr_irq8
                0x100001cc                isr_irq24
                0x100001cc                isr_irq1
                0x100001cc                isr_irq7
                0x100001cc                isr_irq21
                0x100001cc                isr_irq20
                0x100001cc                isr_irq15
                0x100001cc                isr_irq25
                0x100001cc                isr_irq4
                0x100001cc                isr_irq16
                0x100001cc                isr_irq29
                0x100001cc                isr_irq26
                0x100001cc                __default_isrs_end
                0x100001cc                isr_irq3
                0x100001cc                isr_irq12
                0x100001cc                isr_irq9
                0x100001d2                unhandled_user_irq_num_in_r0
 *(.binary_info_header)
 .binary_info_header
                0x100001d4       0x14 CMakeFiles/WDT01.dir/home/robin/pico/pico-sdk/src/rp2_common/pico_standard_link/crt0.S.obj
                0x100001e8                __binary_info_header_end = .
 *(.reset)
 .reset         0x100001e8       0xa8 CMakeFiles/WDT01.dir/home/robin/pico/pico-sdk/src/rp2_common/pico_standard_link/crt0.S.obj
                0x100001e8                _entry_point
                0x10000266                __get_current_exception
 .reset         0x10000290       0x30 CMakeFiles/WDT01.dir/home/robin/pico/pico-sdk/src/rp2_common/pico_standard_link/binary_info.c.obj
 *(.init)
 .init          0x100002c0        0x4 /usr/lib/gcc/arm-none-eabi/7.3.1/thumb/v6-m/crti.o
                0x100002c0                _init
 *(EXCLUDE_FILE(*libm.a: *libc.a:*lib_a-mem*.o *libgcc.a:) .text*)
 .text          0x100002c4       0x98 /usr/lib/gcc/arm-none-eabi/7.3.1/thumb/v6-m/crtbegin.o
 .text.startup.main
                0x1000035c       0x5c CMakeFiles/WDT01.dir/WDT01.c.obj
                0x1000035c                main
 .text.gpio_set_function
                0x100003b8       0x30 CMakeFiles/WDT01.dir/home/robin/pico/pico-sdk/src/rp2_common/hardware_gpio/gpio.c.obj
                0x100003b8                gpio_set_function
 .text.hw_claim_or_assert
                0x100003e8       0x44 CMakeFiles/WDT01.dir/home/robin/pico/pico-sdk/src/rp2_common/hardware_claim/claim.c.obj
                0x100003e8                hw_claim_or_assert
 .text.running_on_fpga
                0x1000042c       0x10 CMakeFiles/WDT01.dir/home/robin/pico/pico-sdk/src/rp2_common/pico_platform/platform.c.obj
                0x1000042c                running_on_fpga
 .text.spin_locks_reset
                0x1000043c       0x1c CMakeFiles/WDT01.dir/home/robin/pico/pico-sdk/src/rp2_common/hardware_sync/sync.c.obj
                0x1000043c                spin_locks_reset
 .text.next_striped_spin_lock_num
                0x10000458       0x18 CMakeFiles/WDT01.dir/home/robin/pico/pico-sdk/src/rp2_common/hardware_sync/sync.c.obj
                0x10000458                next_striped_spin_lock_num
 .text.irq_set_enabled
                0x10000470       0x24 CMakeFiles/WDT01.dir/home/robin/pico/pico-sdk/src/rp2_common/hardware_irq/irq.c.obj
                0x10000470                irq_set_enabled
 .text.irq_get_vtable_handler
                0x10000494       0x10 CMakeFiles/WDT01.dir/home/robin/pico/pico-sdk/src/rp2_common/hardware_irq/irq.c.obj
                0x10000494                irq_get_vtable_handler
 .text.irq_set_exclusive_handler
                0x100004a4       0x54 CMakeFiles/WDT01.dir/home/robin/pico/pico-sdk/src/rp2_common/hardware_irq/irq.c.obj
                0x100004a4                irq_set_exclusive_handler
 .text.irq_remove_handler
                0x100004f8      0x1b4 CMakeFiles/WDT01.dir/home/robin/pico/pico-sdk/src/rp2_common/hardware_irq/irq.c.obj
                0x100004f8                irq_remove_handler
 .text.irq_add_tail_to_free_list
                0x100006ac       0xb4 CMakeFiles/WDT01.dir/home/robin/pico/pico-sdk/src/rp2_common/hardware_irq/irq.c.obj
                0x100006ac                irq_add_tail_to_free_list
 .text.irq_init_priorities
                0x10000760       0x24 CMakeFiles/WDT01.dir/home/robin/pico/pico-sdk/src/rp2_common/hardware_irq/irq.c.obj
                0x10000760                irq_init_priorities
 .text.lock_init
                0x10000784       0x10 CMakeFiles/WDT01.dir/home/robin/pico/pico-sdk/src/common/pico_sync/lock_core.c.obj
                0x10000784                lock_init
 .text.timer_pool_entry_comparator
                0x10000794       0x34 CMakeFiles/WDT01.dir/home/robin/pico/pico-sdk/src/common/pico_time/time.c.obj
                0x10000794                timer_pool_entry_comparator
 .text.sleep_until_callback
                0x100007c8       0x30 CMakeFiles/WDT01.dir/home/robin/pico/pico-sdk/src/common/pico_time/time.c.obj
 .text.add_alarm_under_lock
                0x100007f8      0x120 CMakeFiles/WDT01.dir/home/robin/pico/pico-sdk/src/common/pico_time/time.c.obj
 .text.alarm_pool_alarm_callback
                0x10000918      0x1dc CMakeFiles/WDT01.dir/home/robin/pico/pico-sdk/src/common/pico_time/time.c.obj
 .text.alarm_pool_init_default
                0x10000af4       0x64 CMakeFiles/WDT01.dir/home/robin/pico/pico-sdk/src/common/pico_time/time.c.obj
                0x10000af4                alarm_pool_init_default
 .text.sleep_until
                0x10000b58      0x1ec CMakeFiles/WDT01.dir/home/robin/pico/pico-sdk/src/common/pico_time/time.c.obj
                0x10000b58                sleep_until
 .text.sleep_ms
                0x10000d44       0x38 CMakeFiles/WDT01.dir/home/robin/pico/pico-sdk/src/common/pico_time/time.c.obj
                0x10000d44                sleep_ms
 .text.hardware_alarm_irq_handler
                0x10000d7c       0xb0 CMakeFiles/WDT01.dir/home/robin/pico/pico-sdk/src/rp2_common/hardware_timer/timer.c.obj
 .text.hardware_alarm_claim
                0x10000e2c       0x18 CMakeFiles/WDT01.dir/home/robin/pico/pico-sdk/src/rp2_common/hardware_timer/timer.c.obj
                0x10000e2c                hardware_alarm_claim
 .text.time_us_64
                0x10000e44       0x18 CMakeFiles/WDT01.dir/home/robin/pico/pico-sdk/src/rp2_common/hardware_timer/timer.c.obj
                0x10000e44                time_us_64
 .text.busy_wait_until
                0x10000e5c       0x20 CMakeFiles/WDT01.dir/home/robin/pico/pico-sdk/src/rp2_common/hardware_timer/timer.c.obj
                0x10000e5c                busy_wait_until
 .text.hardware_alarm_set_callback
                0x10000e7c       0x8c CMakeFiles/WDT01.dir/home/robin/pico/pico-sdk/src/rp2_common/hardware_timer/timer.c.obj
                0x10000e7c                hardware_alarm_set_callback
 .text.hardware_alarm_set_target
                0x10000f08       0xd8 CMakeFiles/WDT01.dir/home/robin/pico/pico-sdk/src/rp2_common/hardware_timer/timer.c.obj
                0x10000f08                hardware_alarm_set_target
 .text.hardware_alarm_cancel
                0x10000fe0       0x40 CMakeFiles/WDT01.dir/home/robin/pico/pico-sdk/src/rp2_common/hardware_timer/timer.c.obj
                0x10000fe0                hardware_alarm_cancel
 .text.ph_merge_two_pass.part.3
                0x10001020       0xcc CMakeFiles/WDT01.dir/home/robin/pico/pico-sdk/src/common/pico_util/pheap.c.obj
 .text.ph_post_alloc_init
                0x100010ec       0x3c CMakeFiles/WDT01.dir/home/robin/pico/pico-sdk/src/common/pico_util/pheap.c.obj
                0x100010ec                ph_post_alloc_init
 .text.ph_remove_head
                0x10001128      0x158 CMakeFiles/WDT01.dir/home/robin/pico/pico-sdk/src/common/pico_util/pheap.c.obj
                0x10001128                ph_remove_head
 .text.ph_remove_and_free_node
                0x10001280      0x340 CMakeFiles/WDT01.dir/home/robin/pico/pico-sdk/src/common/pico_util/pheap.c.obj
                0x10001280                ph_remove_and_free_node
 .text.mutex_init
                0x100015c0       0x1c CMakeFiles/WDT01.dir/home/robin/pico/pico-sdk/src/common/pico_sync/mutex.c.obj
                0x100015c0                mutex_init
 .text.recursive_mutex_init
                0x100015dc       0x1c CMakeFiles/WDT01.dir/home/robin/pico/pico-sdk/src/common/pico_sync/mutex.c.obj
                0x100015dc                recursive_mutex_init
 .text.uart_init
                0x100015f8       0xe8 CMakeFiles/WDT01.dir/home/robin/pico/pico-sdk/src/rp2_common/hardware_uart/uart.c.obj
                0x100015f8                uart_init
 .text.runtime_init
                0x100016e0       0xf4 CMakeFiles/WDT01.dir/home/robin/pico/pico-sdk/src/rp2_common/pico_runtime/runtime.c.obj
                0x100016e0                runtime_init
 .text.exit     0x100017d4        0x4 CMakeFiles/WDT01.dir/home/robin/pico/pico-sdk/src/rp2_common/pico_runtime/runtime.c.obj
                0x100017d4                exit
 .text.panic    0x100017d8       0x30 CMakeFiles/WDT01.dir/home/robin/pico/pico-sdk/src/rp2_common/pico_runtime/runtime.c.obj
                0x100017d8                panic
 .text.hard_assertion_failure
                0x10001808        0xc CMakeFiles/WDT01.dir/home/robin/pico/pico-sdk/src/rp2_common/pico_runtime/runtime.c.obj
                0x10001808                hard_assertion_failure
 .text.clocks_init
                0x10001814      0x2c8 CMakeFiles/WDT01.dir/home/robin/pico/pico-sdk/src/rp2_common/hardware_clocks/clocks.c.obj
                0x10001814                clocks_init
 .text.clock_get_hz
                0x10001adc        0xc CMakeFiles/WDT01.dir/home/robin/pico/pico-sdk/src/rp2_common/hardware_clocks/clocks.c.obj
                0x10001adc                clock_get_hz
 .text.pll_init
                0x10001ae8       0xa8 CMakeFiles/WDT01.dir/home/robin/pico/pico-sdk/src/rp2_common/hardware_pll/pll.c.obj
                0x10001ae8                pll_init
 .text.watchdog_start_tick
                0x10001b90       0x10 CMakeFiles/WDT01.dir/home/robin/pico/pico-sdk/src/rp2_common/hardware_watchdog/watchdog.c.obj
                0x10001b90                watchdog_start_tick
 .text.watchdog_update
                0x10001ba0       0x14 CMakeFiles/WDT01.dir/home/robin/pico/pico-sdk/src/rp2_common/hardware_watchdog/watchdog.c.obj
                0x10001ba0                watchdog_update
 .text.watchdog_enable
                0x10001bb4       0x84 CMakeFiles/WDT01.dir/home/robin/pico/pico-sdk/src/rp2_common/hardware_watchdog/watchdog.c.obj
                0x10001bb4                watchdog_enable
 .text.watchdog_caused_reboot
                0x10001c38       0x10 CMakeFiles/WDT01.dir/home/robin/pico/pico-sdk/src/rp2_common/hardware_watchdog/watchdog.c.obj
                0x10001c38                watchdog_caused_reboot
 .text.xosc_init
                0x10001c48       0x28 CMakeFiles/WDT01.dir/home/robin/pico/pico-sdk/src/rp2_common/hardware_xosc/xosc.c.obj
                0x10001c48                xosc_init
 .text._out_null
                0x10001c70        0x4 CMakeFiles/WDT01.dir/home/robin/pico/pico-sdk/src/rp2_common/pico_printf/printf.c.obj
 .text._out_fct
                0x10001c74       0x10 CMakeFiles/WDT01.dir/home/robin/pico/pico-sdk/src/rp2_common/pico_printf/printf.c.obj
 .text._out_char
                0x10001c84        0xc CMakeFiles/WDT01.dir/home/robin/pico/pico-sdk/src/rp2_common/pico_printf/printf.c.obj
 .text._ntoa_format
                0x10001c90      0x270 CMakeFiles/WDT01.dir/home/robin/pico/pico-sdk/src/rp2_common/pico_printf/printf.c.obj
 .text._etoa.part.0
                0x10001f00      0x56c CMakeFiles/WDT01.dir/home/robin/pico/pico-sdk/src/rp2_common/pico_printf/printf.c.obj
 .text._ftoa    0x1000246c      0x6f8 CMakeFiles/WDT01.dir/home/robin/pico/pico-sdk/src/rp2_common/pico_printf/printf.c.obj
 .text._ftoa.part.1
                0x10002b64      0x54c CMakeFiles/WDT01.dir/home/robin/pico/pico-sdk/src/rp2_common/pico_printf/printf.c.obj
 .text._vsnprintf
                0x100030b0     0x11e0 CMakeFiles/WDT01.dir/home/robin/pico/pico-sdk/src/rp2_common/pico_printf/printf.c.obj
 .text.vfctprintf
                0x10004290       0x20 CMakeFiles/WDT01.dir/home/robin/pico/pico-sdk/src/rp2_common/pico_printf/printf.c.obj
                0x10004290                vfctprintf
 .text.weak_raw_vprintf
                0x100042b0       0x30 CMakeFiles/WDT01.dir/home/robin/pico/pico-sdk/src/rp2_common/pico_printf/printf.c.obj
                0x100042b0                weak_raw_vprintf
 .text          0x100042e0       0x10 CMakeFiles/WDT01.dir/home/robin/pico/pico-sdk/src/rp2_common/pico_bit_ops/bit_ops_aeabi.S.obj
 .text.rom_func_lookup
                0x100042f0       0x10 CMakeFiles/WDT01.dir/home/robin/pico/pico-sdk/src/rp2_common/pico_bootrom/bootrom.c.obj
                0x100042f0                rom_func_lookup
 .text.rom_data_lookup
                0x10004300       0x10 CMakeFiles/WDT01.dir/home/robin/pico/pico-sdk/src/rp2_common/pico_bootrom/bootrom.c.obj
                0x10004300                rom_data_lookup
 .text.rom_funcs_lookup
                0x10004310       0x3c CMakeFiles/WDT01.dir/home/robin/pico/pico-sdk/src/rp2_common/pico_bootrom/bootrom.c.obj
                0x10004310                rom_funcs_lookup
 .text.__wrap___aeabi_idiv
                0x1000434c       0x50 CMakeFiles/WDT01.dir/home/robin/pico/pico-sdk/src/rp2_common/pico_divider/divider.S.obj
                0x1000434c                __wrap___aeabi_idivmod
                0x1000434c                divmod_s32s32
                0x1000434c                div_s32s32
                0x1000434c                __wrap___aeabi_idiv
                0x10004354                divmod_s32s32_unsafe
                0x10004380                divmod_s32s32_savestate
 .text.__wrap___aeabi_uidiv
                0x1000439c       0x4c CMakeFiles/WDT01.dir/home/robin/pico/pico-sdk/src/rp2_common/pico_divider/divider.S.obj
                0x1000439c                __wrap___aeabi_uidiv
                0x1000439c                __wrap___aeabi_uidivmod
                0x1000439c                div_u32u32
                0x1000439c                divmod_u32u32
                0x100043a4                divmod_u32u32_unsafe
                0x100043cc                divmod_u32u32_savestate
 .text.__wrap___aeabi_ldiv
                0x100043e8      0x434 CMakeFiles/WDT01.dir/home/robin/pico/pico-sdk/src/rp2_common/pico_divider/divider.S.obj
                0x100043e8                div_s64s64
                0x100043e8                divmod_s64s64
                0x100043e8                __wrap___aeabi_ldivmod
                0x10004420                div_u64u64
                0x10004420                divmod_u64u64
                0x10004420                __wrap___aeabi_uldivmod
                0x10004430                divmod_u64u64_savestate
                0x10004458                divmod_s64s64_unsafe
                0x100044e0                divmod_u64u64_unsafe
 .text.__wrap___aeabi_darithmetic
                0x1000481c       0x80 CMakeFiles/WDT01.dir/home/robin/pico/pico-sdk/src/rp2_common/pico_double/double_aeabi.S.obj
                0x1000481c                __wrap___aeabi_drsub
                0x10004822                __wrap___aeabi_dsub
                0x10004834                __wrap___aeabi_dadd
                0x10004846                __wrap___aeabi_ddiv
                0x10004882                __wrap___aeabi_dmul
 .text.__wrap___aeabi_cdcmple
                0x1000489c       0x6c CMakeFiles/WDT01.dir/home/robin/pico/pico-sdk/src/rp2_common/pico_double/double_aeabi.S.obj
                0x1000489c                __wrap___aeabi_cdrcmple
                0x100048ac                __wrap___aeabi_cdcmple
                0x100048ac                __wrap___aeabi_cdcmpeq
 .text.__wrap___aeabi_dcmplt
                0x10004908        0xc CMakeFiles/WDT01.dir/home/robin/pico/pico-sdk/src/rp2_common/pico_double/double_aeabi.S.obj
                0x10004908                __wrap___aeabi_dcmplt
 .text.__wrap___aeabi_dcmpge
                0x10004914       0x10 CMakeFiles/WDT01.dir/home/robin/pico/pico-sdk/src/rp2_common/pico_double/double_aeabi.S.obj
                0x10004914                __wrap___aeabi_dcmpge
 .text.__wrap___aeabi_dcmpgt
                0x10004924        0xa CMakeFiles/WDT01.dir/home/robin/pico/pico-sdk/src/rp2_common/pico_double/double_aeabi.S.obj
                0x10004924                __wrap___aeabi_dcmpgt
 .text.__wrap___aeabi_dcmpun
                0x1000492e       0x1c CMakeFiles/WDT01.dir/home/robin/pico/pico-sdk/src/rp2_common/pico_double/double_aeabi.S.obj
                0x1000492e                __wrap___aeabi_dcmpun
 *fill*         0x1000494a        0x2 
 .text.__wrap___aeabi_i2d
                0x1000494c       0x38 CMakeFiles/WDT01.dir/home/robin/pico/pico-sdk/src/rp2_common/pico_double/double_aeabi.S.obj
                0x1000494c                __wrap___aeabi_ui2d
                0x10004954                __wrap___aeabi_i2d
 .text.__wrap___aeabi_d2iz
                0x10004984       0x48 CMakeFiles/WDT01.dir/home/robin/pico/pico-sdk/src/rp2_common/pico_double/double_aeabi.S.obj
                0x10004984                __wrap___aeabi_d2iz
                0x10004984                double2int_z
 .text.__wrap___aeabi_d2uiz
                0x100049cc       0x18 CMakeFiles/WDT01.dir/home/robin/pico/pico-sdk/src/rp2_common/pico_double/double_aeabi.S.obj
                0x100049cc                double2uint
                0x100049cc                __wrap___aeabi_d2uiz
 .text.__aeabi_double_init
                0x100049e4       0x60 CMakeFiles/WDT01.dir/home/robin/pico/pico-sdk/src/rp2_common/pico_double/double_init_rom.c.obj
                0x100049e4                __aeabi_double_init
 .text.double_table_shim_on_use_helper
                0x10004a44       0x2c CMakeFiles/WDT01.dir/home/robin/pico/pico-sdk/src/rp2_common/pico_double/double_v1_rom_shim.S.obj
                0x10004a44                double_table_shim_on_use_helper
 .text.__wrap___aeabi_dsub
                0x10004a70       0x10 CMakeFiles/WDT01.dir/home/robin/pico/pico-sdk/src/rp2_common/pico_double/double_v1_rom_shim.S.obj
                0x10004a70                drsub_shim
                0x10004a76                dsub_shim
 .text.dadd_shim
                0x10004a80      0x15c CMakeFiles/WDT01.dir/home/robin/pico/pico-sdk/src/rp2_common/pico_double/double_v1_rom_shim.S.obj
                0x10004a80                dadd_shim
 .text.dmul_shim
                0x10004bdc      0x15c CMakeFiles/WDT01.dir/home/robin/pico/pico-sdk/src/rp2_common/pico_double/double_v1_rom_shim.S.obj
                0x10004bdc                dmul_shim
 .text.ddiv_shim
                0x10004d38      0x1b0 CMakeFiles/WDT01.dir/home/robin/pico/pico-sdk/src/rp2_common/pico_double/double_v1_rom_shim.S.obj
                0x10004d38                ddiv_shim
 .text.double2uint_shim
                0x10004ee8        0xe CMakeFiles/WDT01.dir/home/robin/pico/pico-sdk/src/rp2_common/pico_double/double_v1_rom_shim.S.obj
                0x10004ee8                double2uint_shim
                0x10004eea                double2ufix_shim
 *fill*         0x10004ef6        0x2 
 .text.double2uint64_shim
                0x10004ef8       0x70 CMakeFiles/WDT01.dir/home/robin/pico/pico-sdk/src/rp2_common/pico_double/double_v1_rom_shim.S.obj
                0x10004ef8                double2uint64_shim
                0x10004efa                double2ufix64_shim
                0x10004f1a                d2fix_a
 .text.dunpacks
                0x10004f68       0x3c CMakeFiles/WDT01.dir/home/robin/pico/pico-sdk/src/rp2_common/pico_double/double_v1_rom_shim.S.obj
                0x10004f68                dunpacks
 .text.__aeabi_lmul
                0x10004fa4       0x32 CMakeFiles/WDT01.dir/home/robin/pico/pico-sdk/src/rp2_common/pico_int64_ops/pico_int64_ops_aeabi.S.obj
                0x10004fa4                __wrap___aeabi_lmul
 *fill*         0x10004fd6        0x2 
 .text.__aeabi_float_init
                0x10004fd8       0x68 CMakeFiles/WDT01.dir/home/robin/pico/pico-sdk/src/rp2_common/pico_float/float_init_rom.c.obj
                0x10004fd8                __aeabi_float_init
 .text.float_table_shim_on_use_helper
                0x10005040       0x2c CMakeFiles/WDT01.dir/home/robin/pico/pico-sdk/src/rp2_common/pico_float/float_v1_rom_shim.S.obj
                0x10005040                float_table_shim_on_use_helper
 .text          0x1000506c       0x10 CMakeFiles/WDT01.dir/home/robin/pico/pico-sdk/src/rp2_common/pico_mem_ops/mem_ops_aeabi.S.obj
                0x1000506c                __aeabi_mem_init
 .text.memset   0x1000507c        0xc CMakeFiles/WDT01.dir/home/robin/pico/pico-sdk/src/rp2_common/pico_mem_ops/mem_ops_aeabi.S.obj
                0x1000507c                __wrap_memset
 .text.memcpy   0x10005088        0xc CMakeFiles/WDT01.dir/home/robin/pico/pico-sdk/src/rp2_common/pico_mem_ops/mem_ops_aeabi.S.obj
                0x10005088                __wrap___aeabi_memcpy
                0x10005088                __wrap_memcpy
 .text.stdio_out_chars_crlf
                0x10005094       0x9c CMakeFiles/WDT01.dir/home/robin/pico/pico-sdk/src/rp2_common/pico_stdio/stdio.c.obj
 .text.stdio_stack_buffer_flush.part.1
                0x10005130       0xdc CMakeFiles/WDT01.dir/home/robin/pico/pico-sdk/src/rp2_common/pico_stdio/stdio.c.obj
 .text.stdio_buffered_printer
                0x1000520c       0x20 CMakeFiles/WDT01.dir/home/robin/pico/pico-sdk/src/rp2_common/pico_stdio/stdio.c.obj
 .text.__wrap_putchar
                0x1000522c       0xa0 CMakeFiles/WDT01.dir/home/robin/pico/pico-sdk/src/rp2_common/pico_stdio/stdio.c.obj
                0x1000522c                __wrap_putchar
 .text.__wrap_puts
                0x100052cc       0xe8 CMakeFiles/WDT01.dir/home/robin/pico/pico-sdk/src/rp2_common/pico_stdio/stdio.c.obj
                0x100052cc                __wrap_puts
 .text.stdio_set_driver_enabled
                0x100053b4       0x30 CMakeFiles/WDT01.dir/home/robin/pico/pico-sdk/src/rp2_common/pico_stdio/stdio.c.obj
                0x100053b4                stdio_set_driver_enabled
 .text.__wrap_vprintf
                0x100053e4       0x94 CMakeFiles/WDT01.dir/home/robin/pico/pico-sdk/src/rp2_common/pico_stdio/stdio.c.obj
                0x100053e4                __wrap_vprintf
 .text.__wrap_printf
                0x10005478       0x18 CMakeFiles/WDT01.dir/home/robin/pico/pico-sdk/src/rp2_common/pico_stdio/stdio.c.obj
                0x10005478                __wrap_printf
 .text.stdio_init_all
                0x10005490        0x8 CMakeFiles/WDT01.dir/home/robin/pico/pico-sdk/src/rp2_common/pico_stdio/stdio.c.obj
                0x10005490                stdio_init_all
 .text.stdio_uart_out_chars
                0x10005498       0x4c CMakeFiles/WDT01.dir/home/robin/pico/pico-sdk/src/rp2_common/pico_stdio_uart/stdio_uart.c.obj
 .text.stdio_uart_in_chars
                0x100054e4       0x3c CMakeFiles/WDT01.dir/home/robin/pico/pico-sdk/src/rp2_common/pico_stdio_uart/stdio_uart.c.obj
                0x100054e4                stdio_uart_in_chars
 .text.stdio_uart_init
                0x10005520       0x48 CMakeFiles/WDT01.dir/home/robin/pico/pico-sdk/src/rp2_common/pico_stdio_uart/stdio_uart.c.obj
                0x10005520                stdio_uart_init
 .text          0x10005568       0x64 /usr/lib/gcc/arm-none-eabi/7.3.1/../../../arm-none-eabi/lib/thumb/v6-m/libc.a(lib_a-strlen-stub.o)
                0x10005568                strlen
 *(.fini)
 .fini          0x100055cc        0x4 /usr/lib/gcc/arm-none-eabi/7.3.1/thumb/v6-m/crti.o
                0x100055cc                _fini
 .fini.__stub   0x100055d0       0x50 linker stubs
 *crtbegin.o(.ctors)
 *crtbegin?.o(.ctors)
 *(EXCLUDE_FILE(*crtend.o *crtend?.o) .ctors)
 *(SORT_BY_NAME(.ctors.*))
 *(.ctors)
 *crtbegin.o(.dtors)
 *crtbegin?.o(.dtors)
 *(EXCLUDE_FILE(*crtend.o *crtend?.o) .dtors)
 *(SORT_BY_NAME(.dtors.*))
 *(.dtors)
 *(.eh_frame*)
 .eh_frame      0x10005620        0x0 /usr/lib/gcc/arm-none-eabi/7.3.1/thumb/v6-m/crtbegin.o
                0x10005620                . = ALIGN (0x4)

.glue_7         0x10005620        0x0
 .glue_7        0x10005620        0x0 linker stubs

.glue_7t        0x10005620        0x0
 .glue_7t       0x10005620        0x0 linker stubs

.vfp11_veneer   0x10005620        0x0
 .vfp11_veneer  0x10005620        0x0 linker stubs

.v4_bx          0x10005620        0x0
 .v4_bx         0x10005620        0x0 linker stubs

.iplt           0x10005620        0x0
 .iplt          0x10005620        0x0 /usr/lib/gcc/arm-none-eabi/7.3.1/thumb/v6-m/crtbegin.o

.rodata         0x10005620      0x38c
 *(EXCLUDE_FILE(*libm.a: *libc.a:*lib_a-mem*.o *libgcc.a:) .rodata*)
 .rodata.main.str1.4
                0x10005620       0x5e CMakeFiles/WDT01.dir/WDT01.c.obj
 *fill*         0x1000567e        0x2 
 .rodata.hardware_alarm_claim.str1.4
                0x10005680       0x22 CMakeFiles/WDT01.dir/home/robin/pico/pico-sdk/src/rp2_common/hardware_timer/timer.c.obj
 *fill*         0x100056a2        0x2 
 .rodata.hard_assertion_failure.str1.4
                0x100056a4        0xc CMakeFiles/WDT01.dir/home/robin/pico/pico-sdk/src/rp2_common/pico_runtime/runtime.c.obj
 .rodata.panic.str1.4
                0x100056b0       0x10 CMakeFiles/WDT01.dir/home/robin/pico/pico-sdk/src/rp2_common/pico_runtime/runtime.c.obj
                                 0x12 (size before relaxing)
 .rodata._vsnprintf
                0x100056c0      0x1e0 CMakeFiles/WDT01.dir/home/robin/pico/pico-sdk/src/rp2_common/pico_printf/printf.c.obj
 .rodata._etoa.part.0.str1.4
                0x100058a0        0x9 CMakeFiles/WDT01.dir/home/robin/pico/pico-sdk/src/rp2_common/pico_printf/printf.c.obj
 *fill*         0x100058a9        0x3 
 .rodata._ftoa.str1.4
                0x100058ac        0xc CMakeFiles/WDT01.dir/home/robin/pico/pico-sdk/src/rp2_common/pico_printf/printf.c.obj
 .rodata.pow10.5391
                0x100058b8       0x50 CMakeFiles/WDT01.dir/home/robin/pico/pico-sdk/src/rp2_common/pico_printf/printf.c.obj
 .rodata.__bi_44
                0x10005908        0xc CMakeFiles/WDT01.dir/home/robin/pico/pico-sdk/src/rp2_common/pico_standard_link/binary_info.c.obj
 .rodata.__bi_75
                0x10005914        0xc CMakeFiles/WDT01.dir/home/robin/pico/pico-sdk/src/rp2_common/pico_standard_link/binary_info.c.obj
 .rodata.__bi_81
                0x10005920        0xc CMakeFiles/WDT01.dir/home/robin/pico/pico-sdk/src/rp2_common/pico_standard_link/binary_info.c.obj
 .rodata.str1.4
                0x1000592c       0x3c CMakeFiles/WDT01.dir/home/robin/pico/pico-sdk/src/rp2_common/pico_standard_link/binary_info.c.obj
 .rodata.crlf_str.6007
                0x10005968        0x2 CMakeFiles/WDT01.dir/home/robin/pico/pico-sdk/src/rp2_common/pico_stdio/stdio.c.obj
 *fill*         0x1000596a        0x2 
 .rodata.__bi_28.4819
                0x1000596c        0xc CMakeFiles/WDT01.dir/home/robin/pico/pico-sdk/src/rp2_common/pico_stdio_uart/stdio_uart.c.obj
 .rodata.__bi_29.4823
                0x10005978        0x8 CMakeFiles/WDT01.dir/home/robin/pico/pico-sdk/src/rp2_common/pico_stdio_uart/stdio_uart.c.obj
 .rodata.str1.4
                0x10005980       0x2c CMakeFiles/WDT01.dir/home/robin/pico/pico-sdk/src/rp2_common/pico_stdio_uart/stdio_uart.c.obj
                0x100059ac                . = ALIGN (0x4)
 *(SORT_BY_ALIGNMENT(SORT_BY_NAME(.flashdata*)))
                0x100059ac                . = ALIGN (0x4)

.rel.dyn        0x100059ac        0x0
 .rel.iplt      0x100059ac        0x0 /usr/lib/gcc/arm-none-eabi/7.3.1/thumb/v6-m/crtbegin.o

.ARM.extab
 *(.ARM.extab* .gnu.linkonce.armextab.*)
                0x100059ac                __exidx_start = .

.ARM.exidx
 *(.ARM.exidx* .gnu.linkonce.armexidx.*)
                0x100059ac                __exidx_end = .
                0x100059ac                . = ALIGN (0x4)
                0x100059ac                __binary_info_start = .

.binary_info    0x100059ac       0x24
 *(.binary_info.keep.*)
 .binary_info.keep.__bi_ptr22
                0x100059ac        0x4 CMakeFiles/WDT01.dir/home/robin/pico/pico-sdk/src/rp2_common/pico_standard_link/binary_info.c.obj
 .binary_info.keep.__bi_ptr30
                0x100059b0        0x4 CMakeFiles/WDT01.dir/home/robin/pico/pico-sdk/src/rp2_common/pico_standard_link/binary_info.c.obj
 .binary_info.keep.__bi_ptr38
                0x100059b4        0x4 CMakeFiles/WDT01.dir/home/robin/pico/pico-sdk/src/rp2_common/pico_standard_link/binary_info.c.obj
 .binary_info.keep.__bi_ptr44
                0x100059b8        0x4 CMakeFiles/WDT01.dir/home/robin/pico/pico-sdk/src/rp2_common/pico_standard_link/binary_info.c.obj
 .binary_info.keep.__bi_ptr50
                0x100059bc        0x4 CMakeFiles/WDT01.dir/home/robin/pico/pico-sdk/src/rp2_common/pico_standard_link/binary_info.c.obj
 .binary_info.keep.__bi_ptr75
                0x100059c0        0x4 CMakeFiles/WDT01.dir/home/robin/pico/pico-sdk/src/rp2_common/pico_standard_link/binary_info.c.obj
 .binary_info.keep.__bi_ptr81
                0x100059c4        0x4 CMakeFiles/WDT01.dir/home/robin/pico/pico-sdk/src/rp2_common/pico_standard_link/binary_info.c.obj
 *(.binary_info.*)
 .binary_info.__bi_ptr28
                0x100059c8        0x4 CMakeFiles/WDT01.dir/home/robin/pico/pico-sdk/src/rp2_common/pico_stdio_uart/stdio_uart.c.obj
 .binary_info.__bi_ptr29
                0x100059cc        0x4 CMakeFiles/WDT01.dir/home/robin/pico/pico-sdk/src/rp2_common/pico_stdio_uart/stdio_uart.c.obj
                0x100059d0                __binary_info_end = .
                0x100059d0                . = ALIGN (0x4)
                0x100059d0                __etext = .

.ram_vector_table
                0x20000000       0xc0
 *(.ram_vector_table)
 .ram_vector_table
                0x20000000       0xc0 CMakeFiles/WDT01.dir/home/robin/pico/pico-sdk/src/rp2_common/pico_runtime/runtime.c.obj
                0x20000000                ram_vector_table

.data           0x200000c0      0x180 load address 0x100059d0
                0x200000c0                __data_start__ = .
 *(vtable)
 *(.time_critical*)
 .time_critical.mutex_enter_blocking
                0x200000c0       0x48 CMakeFiles/WDT01.dir/home/robin/pico/pico-sdk/src/common/pico_sync/mutex.c.obj
                0x200000c0                mutex_enter_blocking
 .time_critical.mutex_try_enter
                0x20000108       0x48 CMakeFiles/WDT01.dir/home/robin/pico/pico-sdk/src/common/pico_sync/mutex.c.obj
                0x20000108                mutex_try_enter
 .time_critical.mutex_exit
                0x20000150       0x28 CMakeFiles/WDT01.dir/home/robin/pico/pico-sdk/src/common/pico_sync/mutex.c.obj
                0x20000150                mutex_exit
 *(.text*)
 .text          0x20000178        0x4 /usr/lib/gcc/arm-none-eabi/7.3.1/thumb/v6-m/libgcc.a(_dvmd_tls.o)
                0x20000178                __aeabi_ldiv0
                0x20000178                __aeabi_idiv0
                0x2000017c                . = ALIGN (0x4)
 *(.rodata*)
                0x2000017c                . = ALIGN (0x4)
 *(.data*)
 .data.striped_spin_lock_num
                0x2000017c        0x1 CMakeFiles/WDT01.dir/home/robin/pico/pico-sdk/src/rp2_common/hardware_sync/sync.c.obj
 *fill*         0x2000017d        0x3 
 .data          0x20000180       0x48 CMakeFiles/WDT01.dir/home/robin/pico/pico-sdk/src/rp2_common/hardware_irq/irq_handler_chain.S.obj
                0x20000180                irq_handler_chain_slots
                0x200001b0                irq_handler_chain_first_slot
                0x200001ba                irq_handler_chain_remove_tail
 .data.default_alarm_pool
                0x200001c8       0x18 CMakeFiles/WDT01.dir/home/robin/pico/pico-sdk/src/common/pico_time/time.c.obj
 .data.default_alarm_pool_heap
                0x200001e0       0x10 CMakeFiles/WDT01.dir/home/robin/pico/pico-sdk/src/common/pico_time/time.c.obj
 .data.aeabi_bits_funcs
                0x200001f0       0x10 CMakeFiles/WDT01.dir/home/robin/pico/pico-sdk/src/rp2_common/pico_bit_ops/bit_ops_aeabi.S.obj
                0x200001f0                aeabi_bits_funcs
                0x20000200                aeabi_bits_funcs_end
 .data.aeabi_mem_funcs
                0x20000200       0x10 CMakeFiles/WDT01.dir/home/robin/pico/pico-sdk/src/rp2_common/pico_mem_ops/mem_ops_aeabi.S.obj
                0x20000200                aeabi_mem_funcs
                0x20000210                aeabi_mem_funcs_end
 .data.stdio_uart
                0x20000210       0x14 CMakeFiles/WDT01.dir/home/robin/pico/pico-sdk/src/rp2_common/pico_stdio_uart/stdio_uart.c.obj
                0x20000210                stdio_uart
                0x20000224                . = ALIGN (0x4)
 *(.after_data.*)
                0x20000224                . = ALIGN (0x4)
                0x20000224                PROVIDE (__mutex_array_start = .)
 *(SORT_BY_NAME(.mutex_array.*))
 *(.mutex_array)
 .mutex_array   0x20000224        0x8 CMakeFiles/WDT01.dir/home/robin/pico/pico-sdk/src/rp2_common/pico_stdio/stdio.c.obj
                0x2000022c                PROVIDE (__mutex_array_end = .)
                0x2000022c                . = ALIGN (0x4)
                0x2000022c                PROVIDE (__preinit_array_start = .)
 *(SORT_BY_NAME(.preinit_array.*))
 .preinit_array.00001
                0x2000022c        0x4 CMakeFiles/WDT01.dir/home/robin/pico/pico-sdk/src/rp2_common/pico_mem_ops/mem_ops_aeabi.S.obj
 .preinit_array.00010
                0x20000230        0x4 CMakeFiles/WDT01.dir/home/robin/pico/pico-sdk/src/rp2_common/pico_bit_ops/bit_ops_aeabi.S.obj
 .preinit_array.00020
                0x20000234        0x4 CMakeFiles/WDT01.dir/home/robin/pico/pico-sdk/src/rp2_common/pico_double/double_aeabi.S.obj
 .preinit_array.00020
                0x20000238        0x4 CMakeFiles/WDT01.dir/home/robin/pico/pico-sdk/src/rp2_common/pico_float/float_aeabi.S.obj
 *(.preinit_array)
                0x2000023c                PROVIDE (__preinit_array_end = .)
                0x2000023c                . = ALIGN (0x4)
                0x2000023c                PROVIDE (__init_array_start = .)
 *(SORT_BY_NAME(.init_array.*))
 *(.init_array)
 .init_array    0x2000023c        0x4 /usr/lib/gcc/arm-none-eabi/7.3.1/thumb/v6-m/crtbegin.o
                0x20000240                PROVIDE (__init_array_end = .)
                0x20000240                . = ALIGN (0x4)
                0x20000240                PROVIDE (__fini_array_start = .)
 *(SORT_BY_NAME(.fini_array.*))
 *(.fini_array)
                0x20000240                PROVIDE (__fini_array_end = .)
 *(.jcr)
                0x20000240                . = ALIGN (0x4)
                0x20000240                __data_end__ = .

.tm_clone_table
                0x20000240        0x0 load address 0x10005b50
 .tm_clone_table
                0x20000240        0x0 /usr/lib/gcc/arm-none-eabi/7.3.1/thumb/v6-m/crtbegin.o
 .tm_clone_table
                0x20000240        0x0 /usr/lib/gcc/arm-none-eabi/7.3.1/thumb/v6-m/crtend.o

.igot.plt       0x20000240        0x0 load address 0x10005b50
 .igot.plt      0x20000240        0x0 /usr/lib/gcc/arm-none-eabi/7.3.1/thumb/v6-m/crtbegin.o

.uninitialized_data
                0x20000240        0x0 load address 0x10005b50
                0x20000240                . = ALIGN (0x4)
 *(.uninitialized_data*)

.scratch_x      0x20040000        0x0 load address 0x10005b50
                0x20040000                __scratch_x_start__ = .
 *(.scratch_x.*)
                0x20040000                . = ALIGN (0x4)
                0x20040000                __scratch_x_end__ = .
                0x10005b50                __scratch_x_source__ = LOADADDR (.scratch_x)

.scratch_y      0x20041000        0x0 load address 0x10005b50
                0x20041000                __scratch_y_start__ = .
 *(.scratch_y.*)
                0x20041000                . = ALIGN (0x4)
                0x20041000                __scratch_y_end__ = .
                0x10005b50                __scratch_y_source__ = LOADADDR (.scratch_y)

.bss            0x20000240      0x3d8
                0x20000240                . = ALIGN (0x4)
                0x20000240                __bss_start__ = .
 *(SORT_BY_ALIGNMENT(SORT_BY_NAME(.bss*)))
 .bss.default_alarm_pool_entries
                0x20000240      0x100 CMakeFiles/WDT01.dir/home/robin/pico/pico-sdk/src/common/pico_time/time.c.obj
 .bss           0x20000340       0x1c /usr/lib/gcc/arm-none-eabi/7.3.1/thumb/v6-m/crtbegin.o
 .bss.alarm_callbacks
                0x2000035c       0x10 CMakeFiles/WDT01.dir/home/robin/pico/pico-sdk/src/rp2_common/hardware_timer/timer.c.obj
 .bss.configured_freq
                0x2000036c       0x28 CMakeFiles/WDT01.dir/home/robin/pico/pico-sdk/src/rp2_common/hardware_clocks/clocks.c.obj
 .bss.default_alarm_pool_entry_ids_high
                0x20000394       0x10 CMakeFiles/WDT01.dir/home/robin/pico/pico-sdk/src/common/pico_time/time.c.obj
 .bss.default_alarm_pool_heap_nodes
                0x200003a4       0x30 CMakeFiles/WDT01.dir/home/robin/pico/pico-sdk/src/common/pico_time/time.c.obj
 .bss.drivers   0x200003d4        0x4 CMakeFiles/WDT01.dir/home/robin/pico/pico-sdk/src/rp2_common/pico_stdio/stdio.c.obj
 .bss.filter    0x200003d8        0x4 CMakeFiles/WDT01.dir/home/robin/pico/pico-sdk/src/rp2_common/pico_stdio/stdio.c.obj
 .bss.lazy_vsnprintf
                0x200003dc        0x4 CMakeFiles/WDT01.dir/home/robin/pico/pico-sdk/src/rp2_common/pico_printf/printf.c.obj
 .bss.load_value
                0x200003e0        0x4 CMakeFiles/WDT01.dir/home/robin/pico/pico-sdk/src/rp2_common/hardware_watchdog/watchdog.c.obj
 .bss.pools     0x200003e4       0x10 CMakeFiles/WDT01.dir/home/robin/pico/pico-sdk/src/common/pico_time/time.c.obj
 .bss.sf_clz_func
                0x200003f4        0x4 CMakeFiles/WDT01.dir/home/robin/pico/pico-sdk/src/rp2_common/pico_double/double_init_rom.c.obj
                0x200003f4                sf_clz_func
 .bss.sleep_notifier
                0x200003f8        0x4 CMakeFiles/WDT01.dir/home/robin/pico/pico-sdk/src/common/pico_time/time.c.obj
 .bss.target_hi
                0x200003fc       0x10 CMakeFiles/WDT01.dir/home/robin/pico/pico-sdk/src/rp2_common/hardware_timer/timer.c.obj
 .bss.uart_instance
                0x2000040c        0x4 CMakeFiles/WDT01.dir/home/robin/pico/pico-sdk/src/rp2_common/pico_stdio_uart/stdio_uart.c.obj
 .bss.claimed   0x20000410        0x1 CMakeFiles/WDT01.dir/home/robin/pico/pico-sdk/src/rp2_common/hardware_timer/timer.c.obj
 .bss.irq_hander_chain_free_slot_head
                0x20000411        0x1 CMakeFiles/WDT01.dir/home/robin/pico/pico-sdk/src/rp2_common/hardware_irq/irq.c.obj
 .bss.timer_callbacks_pending
                0x20000412        0x1 CMakeFiles/WDT01.dir/home/robin/pico/pico-sdk/src/rp2_common/hardware_timer/timer.c.obj
 *(COMMON)
 *fill*         0x20000413        0x1 
 COMMON         0x20000414        0x4 CMakeFiles/WDT01.dir/home/robin/pico/pico-sdk/src/rp2_common/hardware_uart/uart.c.obj
                0x20000414                uart_char_to_line_feed
 COMMON         0x20000418      0x100 CMakeFiles/WDT01.dir/home/robin/pico/pico-sdk/src/rp2_common/pico_double/double_init_rom.c.obj
                0x20000418                sd_table
 COMMON         0x20000518      0x100 CMakeFiles/WDT01.dir/home/robin/pico/pico-sdk/src/rp2_common/pico_float/float_init_rom.c.obj
                0x20000518                sf_table
                0x20000618                . = ALIGN (0x4)
                0x20000618                __bss_end__ = .

.heap           0x20000618      0x800
                0x20000618                __end__ = .
                0x20000618                end = __end__
 *(.heap*)
 .heap          0x20000618      0x800 CMakeFiles/WDT01.dir/home/robin/pico/pico-sdk/src/rp2_common/pico_standard_link/crt0.S.obj
                0x20000e18                __HeapLimit = .

.stack1_dummy   0x20040000        0x0
 *(.stack1*)

.stack_dummy    0x20041000      0x800
 *(.stack*)
 .stack         0x20041000      0x800 CMakeFiles/WDT01.dir/home/robin/pico/pico-sdk/src/rp2_common/pico_standard_link/crt0.S.obj

.flash_end      0x10005b50        0x0
                0x10005b50                __flash_binary_end = .
                0x20040000                __StackLimit = (ORIGIN (RAM) + LENGTH (RAM))
                0x20041000                __StackOneTop = (ORIGIN (SCRATCH_X) + LENGTH (SCRATCH_X))
                0x20042000                __StackTop = (ORIGIN (SCRATCH_Y) + LENGTH (SCRATCH_Y))
                0x20041000                __StackOneBottom = (__StackOneTop - SIZEOF (.stack1_dummy))
                0x20041800                __StackBottom = (__StackTop - SIZEOF (.stack_dummy))
                0x20042000                PROVIDE (__stack = __StackTop)
                0x00000001                ASSERT ((__StackLimit >= __HeapLimit), region RAM overflowed)
                0x00000001                ASSERT (((__binary_info_header_end - __logical_binary_start) <= 0x100), Binary info must be in first 256 bytes of the binary)
LOAD CMakeFiles/WDT01.dir/WDT01.c.obj
LOAD CMakeFiles/WDT01.dir/home/robin/pico/pico-sdk/src/rp2_common/pico_stdlib/stdlib.c.obj
LOAD CMakeFiles/WDT01.dir/home/robin/pico/pico-sdk/src/rp2_common/hardware_gpio/gpio.c.obj
LOAD CMakeFiles/WDT01.dir/home/robin/pico/pico-sdk/src/rp2_common/hardware_claim/claim.c.obj
LOAD CMakeFiles/WDT01.dir/home/robin/pico/pico-sdk/src/rp2_common/pico_platform/platform.c.obj
LOAD CMakeFiles/WDT01.dir/home/robin/pico/pico-sdk/src/rp2_common/hardware_sync/sync.c.obj
LOAD CMakeFiles/WDT01.dir/home/robin/pico/pico-sdk/src/rp2_common/hardware_irq/irq.c.obj
LOAD CMakeFiles/WDT01.dir/home/robin/pico/pico-sdk/src/rp2_common/hardware_irq/irq_handler_chain.S.obj
LOAD CMakeFiles/WDT01.dir/home/robin/pico/pico-sdk/src/common/pico_sync/sem.c.obj
LOAD CMakeFiles/WDT01.dir/home/robin/pico/pico-sdk/src/common/pico_sync/lock_core.c.obj
LOAD CMakeFiles/WDT01.dir/home/robin/pico/pico-sdk/src/common/pico_time/time.c.obj
LOAD CMakeFiles/WDT01.dir/home/robin/pico/pico-sdk/src/common/pico_time/timeout_helper.c.obj
LOAD CMakeFiles/WDT01.dir/home/robin/pico/pico-sdk/src/rp2_common/hardware_timer/timer.c.obj
LOAD CMakeFiles/WDT01.dir/home/robin/pico/pico-sdk/src/common/pico_util/datetime.c.obj
LOAD CMakeFiles/WDT01.dir/home/robin/pico/pico-sdk/src/common/pico_util/pheap.c.obj
LOAD CMakeFiles/WDT01.dir/home/robin/pico/pico-sdk/src/common/pico_util/queue.c.obj
LOAD CMakeFiles/WDT01.dir/home/robin/pico/pico-sdk/src/common/pico_sync/mutex.c.obj
LOAD CMakeFiles/WDT01.dir/home/robin/pico/pico-sdk/src/common/pico_sync/critical_section.c.obj
LOAD CMakeFiles/WDT01.dir/home/robin/pico/pico-sdk/src/rp2_common/hardware_uart/uart.c.obj
LOAD CMakeFiles/WDT01.dir/home/robin/pico/pico-sdk/src/rp2_common/hardware_divider/divider.S.obj
LOAD CMakeFiles/WDT01.dir/home/robin/pico/pico-sdk/src/rp2_common/pico_runtime/runtime.c.obj
LOAD CMakeFiles/WDT01.dir/home/robin/pico/pico-sdk/src/rp2_common/hardware_clocks/clocks.c.obj
LOAD CMakeFiles/WDT01.dir/home/robin/pico/pico-sdk/src/rp2_common/hardware_pll/pll.c.obj
LOAD CMakeFiles/WDT01.dir/home/robin/pico/pico-sdk/src/rp2_common/hardware_vreg/vreg.c.obj
LOAD CMakeFiles/WDT01.dir/home/robin/pico/pico-sdk/src/rp2_common/hardware_watchdog/watchdog.c.obj
LOAD CMakeFiles/WDT01.dir/home/robin/pico/pico-sdk/src/rp2_common/hardware_xosc/xosc.c.obj
LOAD CMakeFiles/WDT01.dir/home/robin/pico/pico-sdk/src/rp2_common/pico_printf/printf.c.obj
LOAD CMakeFiles/WDT01.dir/home/robin/pico/pico-sdk/src/rp2_common/pico_bit_ops/bit_ops_aeabi.S.obj
LOAD CMakeFiles/WDT01.dir/home/robin/pico/pico-sdk/src/rp2_common/pico_bootrom/bootrom.c.obj
LOAD CMakeFiles/WDT01.dir/home/robin/pico/pico-sdk/src/rp2_common/pico_divider/divider.S.obj
LOAD CMakeFiles/WDT01.dir/home/robin/pico/pico-sdk/src/rp2_common/pico_double/double_aeabi.S.obj
LOAD CMakeFiles/WDT01.dir/home/robin/pico/pico-sdk/src/rp2_common/pico_double/double_init_rom.c.obj
LOAD CMakeFiles/WDT01.dir/home/robin/pico/pico-sdk/src/rp2_common/pico_double/double_math.c.obj
LOAD CMakeFiles/WDT01.dir/home/robin/pico/pico-sdk/src/rp2_common/pico_double/double_v1_rom_shim.S.obj
LOAD CMakeFiles/WDT01.dir/home/robin/pico/pico-sdk/src/rp2_common/pico_int64_ops/pico_int64_ops_aeabi.S.obj
LOAD CMakeFiles/WDT01.dir/home/robin/pico/pico-sdk/src/rp2_common/pico_float/float_aeabi.S.obj
LOAD CMakeFiles/WDT01.dir/home/robin/pico/pico-sdk/src/rp2_common/pico_float/float_init_rom.c.obj
LOAD CMakeFiles/WDT01.dir/home/robin/pico/pico-sdk/src/rp2_common/pico_float/float_math.c.obj
LOAD CMakeFiles/WDT01.dir/home/robin/pico/pico-sdk/src/rp2_common/pico_float/float_v1_rom_shim.S.obj
LOAD CMakeFiles/WDT01.dir/home/robin/pico/pico-sdk/src/rp2_common/pico_malloc/pico_malloc.c.obj
LOAD CMakeFiles/WDT01.dir/home/robin/pico/pico-sdk/src/rp2_common/pico_mem_ops/mem_ops_aeabi.S.obj
LOAD CMakeFiles/WDT01.dir/home/robin/pico/pico-sdk/src/rp2_common/pico_standard_link/crt0.S.obj
LOAD CMakeFiles/WDT01.dir/home/robin/pico/pico-sdk/src/rp2_common/pico_standard_link/new_delete.cpp.obj
LOAD CMakeFiles/WDT01.dir/home/robin/pico/pico-sdk/src/rp2_common/pico_standard_link/binary_info.c.obj
LOAD CMakeFiles/WDT01.dir/home/robin/pico/pico-sdk/src/rp2_common/pico_stdio/stdio.c.obj
LOAD CMakeFiles/WDT01.dir/home/robin/pico/pico-sdk/src/rp2_common/pico_stdio_uart/stdio_uart.c.obj
LOAD /tmp/cc8ZYUel.o
LOAD /usr/lib/gcc/arm-none-eabi/7.3.1/../../../arm-none-eabi/lib/thumb/v6-m/libstdc++.a
LOAD /usr/lib/gcc/arm-none-eabi/7.3.1/../../../arm-none-eabi/lib/thumb/v6-m/libm.a
START GROUP
LOAD /usr/lib/gcc/arm-none-eabi/7.3.1/thumb/v6-m/libgcc.a
LOAD /usr/lib/gcc/arm-none-eabi/7.3.1/../../../arm-none-eabi/lib/thumb/v6-m/libc.a
END GROUP
START GROUP
LOAD /usr/lib/gcc/arm-none-eabi/7.3.1/thumb/v6-m/libgcc.a
LOAD /usr/lib/gcc/arm-none-eabi/7.3.1/../../../arm-none-eabi/lib/thumb/v6-m/libc.a
LOAD /usr/lib/gcc/arm-none-eabi/7.3.1/../../../arm-none-eabi/lib/thumb/v6-m/libnosys.a
END GROUP
LOAD /usr/lib/gcc/arm-none-eabi/7.3.1/thumb/v6-m/crtend.o
LOAD /usr/lib/gcc/arm-none-eabi/7.3.1/thumb/v6-m/crtn.o
OUTPUT(WDT01.elf elf32-littlearm)

.ARM.attributes
                0x00000000       0x28
 .ARM.attributes
                0x00000000       0x1e /usr/lib/gcc/arm-none-eabi/7.3.1/thumb/v6-m/crti.o
 .ARM.attributes
                0x0000001e       0x2c /usr/lib/gcc/arm-none-eabi/7.3.1/thumb/v6-m/crtbegin.o
 .ARM.attributes
                0x0000004a       0x32 CMakeFiles/WDT01.dir/WDT01.c.obj
 .ARM.attributes
                0x0000007c       0x32 CMakeFiles/WDT01.dir/home/robin/pico/pico-sdk/src/rp2_common/hardware_gpio/gpio.c.obj
 .ARM.attributes
                0x000000ae       0x32 CMakeFiles/WDT01.dir/home/robin/pico/pico-sdk/src/rp2_common/hardware_claim/claim.c.obj
 .ARM.attributes
                0x000000e0       0x32 CMakeFiles/WDT01.dir/home/robin/pico/pico-sdk/src/rp2_common/pico_platform/platform.c.obj
 .ARM.attributes
                0x00000112       0x32 CMakeFiles/WDT01.dir/home/robin/pico/pico-sdk/src/rp2_common/hardware_sync/sync.c.obj
 .ARM.attributes
                0x00000144       0x32 CMakeFiles/WDT01.dir/home/robin/pico/pico-sdk/src/rp2_common/hardware_irq/irq.c.obj
 .ARM.attributes
                0x00000176       0x22 CMakeFiles/WDT01.dir/home/robin/pico/pico-sdk/src/rp2_common/hardware_irq/irq_handler_chain.S.obj
 .ARM.attributes
                0x00000198       0x32 CMakeFiles/WDT01.dir/home/robin/pico/pico-sdk/src/common/pico_sync/lock_core.c.obj
 .ARM.attributes
                0x000001ca       0x32 CMakeFiles/WDT01.dir/home/robin/pico/pico-sdk/src/common/pico_time/time.c.obj
 .ARM.attributes
                0x000001fc       0x32 CMakeFiles/WDT01.dir/home/robin/pico/pico-sdk/src/rp2_common/hardware_timer/timer.c.obj
 .ARM.attributes
                0x0000022e       0x32 CMakeFiles/WDT01.dir/home/robin/pico/pico-sdk/src/common/pico_util/pheap.c.obj
 .ARM.attributes
                0x00000260       0x32 CMakeFiles/WDT01.dir/home/robin/pico/pico-sdk/src/common/pico_sync/mutex.c.obj
 .ARM.attributes
                0x00000292       0x32 CMakeFiles/WDT01.dir/home/robin/pico/pico-sdk/src/rp2_common/hardware_uart/uart.c.obj
 .ARM.attributes
                0x000002c4       0x32 CMakeFiles/WDT01.dir/home/robin/pico/pico-sdk/src/rp2_common/pico_runtime/runtime.c.obj
 .ARM.attributes
                0x000002f6       0x32 CMakeFiles/WDT01.dir/home/robin/pico/pico-sdk/src/rp2_common/hardware_clocks/clocks.c.obj
 .ARM.attributes
                0x00000328       0x32 CMakeFiles/WDT01.dir/home/robin/pico/pico-sdk/src/rp2_common/hardware_pll/pll.c.obj
 .ARM.attributes
                0x0000035a       0x32 CMakeFiles/WDT01.dir/home/robin/pico/pico-sdk/src/rp2_common/hardware_watchdog/watchdog.c.obj
 .ARM.attributes
                0x0000038c       0x32 CMakeFiles/WDT01.dir/home/robin/pico/pico-sdk/src/rp2_common/hardware_xosc/xosc.c.obj
 .ARM.attributes
                0x000003be       0x32 CMakeFiles/WDT01.dir/home/robin/pico/pico-sdk/src/rp2_common/pico_printf/printf.c.obj
 .ARM.attributes
                0x000003f0       0x22 CMakeFiles/WDT01.dir/home/robin/pico/pico-sdk/src/rp2_common/pico_bit_ops/bit_ops_aeabi.S.obj
 .ARM.attributes
                0x00000412       0x32 CMakeFiles/WDT01.dir/home/robin/pico/pico-sdk/src/rp2_common/pico_bootrom/bootrom.c.obj
 .ARM.attributes
                0x00000444       0x22 CMakeFiles/WDT01.dir/home/robin/pico/pico-sdk/src/rp2_common/pico_divider/divider.S.obj
 .ARM.attributes
                0x00000466       0x22 CMakeFiles/WDT01.dir/home/robin/pico/pico-sdk/src/rp2_common/pico_double/double_aeabi.S.obj
 .ARM.attributes
                0x00000488       0x32 CMakeFiles/WDT01.dir/home/robin/pico/pico-sdk/src/rp2_common/pico_double/double_init_rom.c.obj
 .ARM.attributes
                0x000004ba       0x22 CMakeFiles/WDT01.dir/home/robin/pico/pico-sdk/src/rp2_common/pico_double/double_v1_rom_shim.S.obj
 .ARM.attributes
                0x000004dc       0x22 CMakeFiles/WDT01.dir/home/robin/pico/pico-sdk/src/rp2_common/pico_int64_ops/pico_int64_ops_aeabi.S.obj
 .ARM.attributes
                0x000004fe       0x22 CMakeFiles/WDT01.dir/home/robin/pico/pico-sdk/src/rp2_common/pico_float/float_aeabi.S.obj
 .ARM.attributes
                0x00000520       0x32 CMakeFiles/WDT01.dir/home/robin/pico/pico-sdk/src/rp2_common/pico_float/float_init_rom.c.obj
 .ARM.attributes
                0x00000552       0x22 CMakeFiles/WDT01.dir/home/robin/pico/pico-sdk/src/rp2_common/pico_float/float_v1_rom_shim.S.obj
 .ARM.attributes
                0x00000574       0x22 CMakeFiles/WDT01.dir/home/robin/pico/pico-sdk/src/rp2_common/pico_mem_ops/mem_ops_aeabi.S.obj
 .ARM.attributes
                0x00000596       0x22 CMakeFiles/WDT01.dir/home/robin/pico/pico-sdk/src/rp2_common/pico_standard_link/crt0.S.obj
 .ARM.attributes
                0x000005b8       0x32 CMakeFiles/WDT01.dir/home/robin/pico/pico-sdk/src/rp2_common/pico_standard_link/binary_info.c.obj
 .ARM.attributes
                0x000005ea       0x32 CMakeFiles/WDT01.dir/home/robin/pico/pico-sdk/src/rp2_common/pico_stdio/stdio.c.obj
 .ARM.attributes
                0x0000061c       0x32 CMakeFiles/WDT01.dir/home/robin/pico/pico-sdk/src/rp2_common/pico_stdio_uart/stdio_uart.c.obj
 .ARM.attributes
                0x0000064e       0x22 /tmp/cc8ZYUel.o
 .ARM.attributes
                0x00000670       0x1e /usr/lib/gcc/arm-none-eabi/7.3.1/thumb/v6-m/libgcc.a(_dvmd_tls.o)
 .ARM.attributes
                0x0000068e       0x2c /usr/lib/gcc/arm-none-eabi/7.3.1/../../../arm-none-eabi/lib/thumb/v6-m/libc.a(lib_a-strlen-stub.o)
 .ARM.attributes
                0x000006ba       0x2c /usr/lib/gcc/arm-none-eabi/7.3.1/thumb/v6-m/crtend.o

.comment        0x00000000       0xae
 .comment       0x00000000       0x57 /usr/lib/gcc/arm-none-eabi/7.3.1/thumb/v6-m/crtbegin.o
                                 0x58 (size before relaxing)
 .comment       0x00000057       0x58 CMakeFiles/WDT01.dir/WDT01.c.obj
 .comment       0x00000057       0x58 CMakeFiles/WDT01.dir/home/robin/pico/pico-sdk/src/rp2_common/hardware_gpio/gpio.c.obj
 .comment       0x00000057       0x58 CMakeFiles/WDT01.dir/home/robin/pico/pico-sdk/src/rp2_common/hardware_claim/claim.c.obj
 .comment       0x00000057       0x58 CMakeFiles/WDT01.dir/home/robin/pico/pico-sdk/src/rp2_common/pico_platform/platform.c.obj
 .comment       0x00000057       0x58 CMakeFiles/WDT01.dir/home/robin/pico/pico-sdk/src/rp2_common/hardware_sync/sync.c.obj
 .comment       0x00000057       0x58 CMakeFiles/WDT01.dir/home/robin/pico/pico-sdk/src/rp2_common/hardware_irq/irq.c.obj
 .comment       0x00000057       0x58 CMakeFiles/WDT01.dir/home/robin/pico/pico-sdk/src/common/pico_sync/lock_core.c.obj
 .comment       0x00000057       0x58 CMakeFiles/WDT01.dir/home/robin/pico/pico-sdk/src/common/pico_time/time.c.obj
 .comment       0x00000057       0x58 CMakeFiles/WDT01.dir/home/robin/pico/pico-sdk/src/rp2_common/hardware_timer/timer.c.obj
 .comment       0x00000057       0x58 CMakeFiles/WDT01.dir/home/robin/pico/pico-sdk/src/common/pico_util/pheap.c.obj
 .comment       0x00000057       0x58 CMakeFiles/WDT01.dir/home/robin/pico/pico-sdk/src/common/pico_sync/mutex.c.obj
 .comment       0x00000057       0x58 CMakeFiles/WDT01.dir/home/robin/pico/pico-sdk/src/rp2_common/hardware_uart/uart.c.obj
 .comment       0x00000057       0x58 CMakeFiles/WDT01.dir/home/robin/pico/pico-sdk/src/rp2_common/pico_runtime/runtime.c.obj
 .comment       0x00000057       0x58 CMakeFiles/WDT01.dir/home/robin/pico/pico-sdk/src/rp2_common/hardware_clocks/clocks.c.obj
 .comment       0x00000057       0x58 CMakeFiles/WDT01.dir/home/robin/pico/pico-sdk/src/rp2_common/hardware_pll/pll.c.obj
 .comment       0x00000057       0x58 CMakeFiles/WDT01.dir/home/robin/pico/pico-sdk/src/rp2_common/hardware_watchdog/watchdog.c.obj
 .comment       0x00000057       0x58 CMakeFiles/WDT01.dir/home/robin/pico/pico-sdk/src/rp2_common/hardware_xosc/xosc.c.obj
 .comment       0x00000057       0x58 CMakeFiles/WDT01.dir/home/robin/pico/pico-sdk/src/rp2_common/pico_printf/printf.c.obj
 .comment       0x00000057       0x58 CMakeFiles/WDT01.dir/home/robin/pico/pico-sdk/src/rp2_common/pico_bootrom/bootrom.c.obj
 .comment       0x00000057       0x58 CMakeFiles/WDT01.dir/home/robin/pico/pico-sdk/src/rp2_common/pico_double/double_init_rom.c.obj
 .comment       0x00000057       0x58 CMakeFiles/WDT01.dir/home/robin/pico/pico-sdk/src/rp2_common/pico_float/float_init_rom.c.obj
 .comment       0x00000057       0x58 CMakeFiles/WDT01.dir/home/robin/pico/pico-sdk/src/rp2_common/pico_standard_link/binary_info.c.obj
 .comment       0x00000057       0x58 CMakeFiles/WDT01.dir/home/robin/pico/pico-sdk/src/rp2_common/pico_stdio/stdio.c.obj
 .comment       0x00000057       0x58 CMakeFiles/WDT01.dir/home/robin/pico/pico-sdk/src/rp2_common/pico_stdio_uart/stdio_uart.c.obj
 .comment       0x00000057       0x57 /usr/lib/gcc/arm-none-eabi/7.3.1/../../../arm-none-eabi/lib/thumb/v6-m/libc.a(lib_a-strlen-stub.o)
                                 0x58 (size before relaxing)
 .comment       0x000000ae       0x58 /usr/lib/gcc/arm-none-eabi/7.3.1/thumb/v6-m/crtend.o

.debug_line     0x00000000      0x1a3
 .debug_line    0x00000000       0x5d /usr/lib/gcc/arm-none-eabi/7.3.1/thumb/v6-m/libgcc.a(_dvmd_tls.o)
 .debug_line    0x0000005d      0x146 /usr/lib/gcc/arm-none-eabi/7.3.1/../../../arm-none-eabi/lib/thumb/v6-m/libc.a(lib_a-strlen-stub.o)

.debug_info     0x00000000      0x908
 .debug_info    0x00000000       0x26 /usr/lib/gcc/arm-none-eabi/7.3.1/thumb/v6-m/libgcc.a(_dvmd_tls.o)
 .debug_info    0x00000026      0x8e2 /usr/lib/gcc/arm-none-eabi/7.3.1/../../../arm-none-eabi/lib/thumb/v6-m/libc.a(lib_a-strlen-stub.o)

.debug_abbrev   0x00000000      0x1cc
 .debug_abbrev  0x00000000       0x14 /usr/lib/gcc/arm-none-eabi/7.3.1/thumb/v6-m/libgcc.a(_dvmd_tls.o)
 .debug_abbrev  0x00000014      0x1b8 /usr/lib/gcc/arm-none-eabi/7.3.1/../../../arm-none-eabi/lib/thumb/v6-m/libc.a(lib_a-strlen-stub.o)

.debug_aranges  0x00000000       0x40
 .debug_aranges
                0x00000000       0x20 /usr/lib/gcc/arm-none-eabi/7.3.1/thumb/v6-m/libgcc.a(_dvmd_tls.o)
 .debug_aranges
                0x00000020       0x20 /usr/lib/gcc/arm-none-eabi/7.3.1/../../../arm-none-eabi/lib/thumb/v6-m/libc.a(lib_a-strlen-stub.o)

.debug_str      0x00000000      0x5f8
 .debug_str     0x00000000       0x9d /usr/lib/gcc/arm-none-eabi/7.3.1/thumb/v6-m/libgcc.a(_dvmd_tls.o)
 .debug_str     0x0000009d      0x55b /usr/lib/gcc/arm-none-eabi/7.3.1/../../../arm-none-eabi/lib/thumb/v6-m/libc.a(lib_a-strlen-stub.o)
                                0x5ad (size before relaxing)

.debug_loc      0x00000000       0x94
 .debug_loc     0x00000000       0x94 /usr/lib/gcc/arm-none-eabi/7.3.1/../../../arm-none-eabi/lib/thumb/v6-m/libc.a(lib_a-strlen-stub.o)

.debug_frame    0x00000000       0x28
 .debug_frame   0x00000000       0x28 /usr/lib/gcc/arm-none-eabi/7.3.1/../../../arm-none-eabi/lib/thumb/v6-m/libc.a(lib_a-strlen-stub.o)
