Archive member included to satisfy reference by file (symbol)

/usr/lib/gcc/arm-none-eabi/7.3.1/thumb/v6-m/libgcc.a(_dvmd_tls.o)
                              CMakeFiles/wifiTest.dir/home/robin/pico/pico-sdk/src/rp2_common/pico_divider/divider.S.obj (__aeabi_idiv0)
/usr/lib/gcc/arm-none-eabi/7.3.1/../../../arm-none-eabi/lib/thumb/v6-m/libc.a(lib_a-atexit.o)
                              /usr/lib/gcc/arm-none-eabi/7.3.1/../../../arm-none-eabi/lib/thumb/v6-m/crt0.o (atexit)
/usr/lib/gcc/arm-none-eabi/7.3.1/../../../arm-none-eabi/lib/thumb/v6-m/libc.a(lib_a-atoi.o)
                              CMakeFiles/wifiTest.dir/home/robin/pico/pico-sdk/lib/lwip/src/core/netif.c.obj (atoi)
/usr/lib/gcc/arm-none-eabi/7.3.1/../../../arm-none-eabi/lib/thumb/v6-m/libc.a(lib_a-calloc.o)
                              CMakeFiles/wifiTest.dir/home/robin/pico/pico-sdk/src/rp2_common/pico_malloc/pico_malloc.c.obj (calloc)
/usr/lib/gcc/arm-none-eabi/7.3.1/../../../arm-none-eabi/lib/thumb/v6-m/libc.a(lib_a-callocr.o)
                              /usr/lib/gcc/arm-none-eabi/7.3.1/../../../arm-none-eabi/lib/thumb/v6-m/libc.a(lib_a-calloc.o) (_calloc_r)
/usr/lib/gcc/arm-none-eabi/7.3.1/../../../arm-none-eabi/lib/thumb/v6-m/libc.a(lib_a-ctype_.o)
                              CMakeFiles/wifiTest.dir/home/robin/pico/pico-sdk/lib/lwip/src/core/dns.c.obj (_ctype_)
/usr/lib/gcc/arm-none-eabi/7.3.1/../../../arm-none-eabi/lib/thumb/v6-m/libc.a(lib_a-fini.o)
                              /usr/lib/gcc/arm-none-eabi/7.3.1/../../../arm-none-eabi/lib/thumb/v6-m/crt0.o (__libc_fini_array)
/usr/lib/gcc/arm-none-eabi/7.3.1/../../../arm-none-eabi/lib/thumb/v6-m/libc.a(lib_a-impure.o)
                              /usr/lib/gcc/arm-none-eabi/7.3.1/../../../arm-none-eabi/lib/thumb/v6-m/libc.a(lib_a-calloc.o) (_impure_ptr)
/usr/lib/gcc/arm-none-eabi/7.3.1/../../../arm-none-eabi/lib/thumb/v6-m/libc.a(lib_a-init.o)
                              /usr/lib/gcc/arm-none-eabi/7.3.1/../../../arm-none-eabi/lib/thumb/v6-m/crt0.o (__libc_init_array)
/usr/lib/gcc/arm-none-eabi/7.3.1/../../../arm-none-eabi/lib/thumb/v6-m/libc.a(lib_a-malloc.o)
                              CMakeFiles/wifiTest.dir/home/robin/pico/pico-sdk/src/rp2_common/pico_malloc/pico_malloc.c.obj (malloc)
/usr/lib/gcc/arm-none-eabi/7.3.1/../../../arm-none-eabi/lib/thumb/v6-m/libc.a(lib_a-mallocr.o)
                              /usr/lib/gcc/arm-none-eabi/7.3.1/../../../arm-none-eabi/lib/thumb/v6-m/libc.a(lib_a-callocr.o) (_malloc_r)
/usr/lib/gcc/arm-none-eabi/7.3.1/../../../arm-none-eabi/lib/thumb/v6-m/libc.a(lib_a-memcmp.o)
                              CMakeFiles/wifiTest.dir/home/robin/pico/pico-sdk/lib/lwip/src/netif/ethernet.c.obj (memcmp)
/usr/lib/gcc/arm-none-eabi/7.3.1/../../../arm-none-eabi/lib/thumb/v6-m/libc.a(lib_a-memmove.o)
                              CMakeFiles/wifiTest.dir/home/robin/pico/pico-sdk/lib/cyw43-driver/src/cyw43_ll.c.obj (memmove)
/usr/lib/gcc/arm-none-eabi/7.3.1/../../../arm-none-eabi/lib/thumb/v6-m/libc.a(lib_a-mlock.o)
                              /usr/lib/gcc/arm-none-eabi/7.3.1/../../../arm-none-eabi/lib/thumb/v6-m/libc.a(lib_a-mallocr.o) (__malloc_lock)
/usr/lib/gcc/arm-none-eabi/7.3.1/../../../arm-none-eabi/lib/thumb/v6-m/libc.a(lib_a-realloc.o)
                              CMakeFiles/wifiTest.dir/home/robin/pico/pico-sdk/src/rp2_common/pico_malloc/pico_malloc.c.obj (realloc)
/usr/lib/gcc/arm-none-eabi/7.3.1/../../../arm-none-eabi/lib/thumb/v6-m/libc.a(lib_a-reallocr.o)
                              /usr/lib/gcc/arm-none-eabi/7.3.1/../../../arm-none-eabi/lib/thumb/v6-m/libc.a(lib_a-realloc.o) (_realloc_r)
/usr/lib/gcc/arm-none-eabi/7.3.1/../../../arm-none-eabi/lib/thumb/v6-m/libc.a(lib_a-sbrkr.o)
                              /usr/lib/gcc/arm-none-eabi/7.3.1/../../../arm-none-eabi/lib/thumb/v6-m/libc.a(lib_a-mallocr.o) (_sbrk_r)
/usr/lib/gcc/arm-none-eabi/7.3.1/../../../arm-none-eabi/lib/thumb/v6-m/libc.a(lib_a-strlen-stub.o)
                              CMakeFiles/wifiTest.dir/home/robin/pico/pico-sdk/src/rp2_common/pico_cyw43_arch/cyw43_arch.c.obj (strlen)
/usr/lib/gcc/arm-none-eabi/7.3.1/../../../arm-none-eabi/lib/thumb/v6-m/libc.a(lib_a-strncmp.o)
                              CMakeFiles/wifiTest.dir/home/robin/pico/pico-sdk/lib/cyw43-driver/src/cyw43_ll.c.obj (strncmp)
/usr/lib/gcc/arm-none-eabi/7.3.1/../../../arm-none-eabi/lib/thumb/v6-m/libc.a(lib_a-strtol.o)
                              /usr/lib/gcc/arm-none-eabi/7.3.1/../../../arm-none-eabi/lib/thumb/v6-m/libc.a(lib_a-atoi.o) (_strtol_r)
/usr/lib/gcc/arm-none-eabi/7.3.1/../../../arm-none-eabi/lib/thumb/v6-m/libc.a(lib_a-__atexit.o)
                              /usr/lib/gcc/arm-none-eabi/7.3.1/../../../arm-none-eabi/lib/thumb/v6-m/libc.a(lib_a-atexit.o) (__register_exitproc)
/usr/lib/gcc/arm-none-eabi/7.3.1/../../../arm-none-eabi/lib/thumb/v6-m/libc.a(lib_a-freer.o)
                              /usr/lib/gcc/arm-none-eabi/7.3.1/../../../arm-none-eabi/lib/thumb/v6-m/libc.a(lib_a-malloc.o) (_free_r)
[...]
Memory Configuration

Name             Origin             Length             Attributes
FLASH            0x10000000         0x00200000         xr
RAM              0x20000000         0x00040000         xrw
SCRATCH_X        0x20040000         0x00001000         xrw
SCRATCH_Y        0x20041000         0x00001000         xrw
*default*        0x00000000         0xffffffff

Linker script and memory map

LOAD /usr/lib/gcc/arm-none-eabi/7.3.1/thumb/v6-m/crti.o
LOAD /usr/lib/gcc/arm-none-eabi/7.3.1/thumb/v6-m/crtbegin.o
LOAD /usr/lib/gcc/arm-none-eabi/7.3.1/../../../arm-none-eabi/lib/thumb/v6-m/crt0.o

.flash_begin    0x10000000        0x0
                0x10000000                __flash_binary_start = .

.boot2          0x10000000      0x100
                0x10000000                __boot2_start__ = .
 *(.boot2)
 .boot2         0x10000000      0x100 /tmp/ccqdTUj7.o
                0x10000100                __boot2_end__ = .
                0x00000001                ASSERT (((__boot2_end__ - __boot2_start__) == 0x100), ERROR: Pico second stage bootloader must be 256 bytes in size)

.text           0x10000100    0x18988
                0x10000100                __logical_binary_start = .
 *(.vectors)
 .vectors       0x10000100       0xd4 CMakeFiles/wifiTest.dir/home/robin/pico/pico-sdk/src/rp2_common/pico_standard_link/crt0.S.obj
                0x10000100                __vectors
                0x10000100                __VECTOR_TABLE
                0x100001c0                isr_invalid
                0x100001c0                __default_isrs_start
                0x100001c2                isr_nmi
                0x100001c4                isr_hardfault
                0x100001c6                isr_svcall
                0x100001c8                isr_pendsv
                0x100001ca                isr_systick
                0x100001cc                isr_irq30
                0x100001cc                __unhandled_user_irq
                0x100001cc                isr_irq13
                0x100001cc                isr_irq27
                0x100001cc                isr_irq31
                0x100001cc                isr_irq5
                0x100001cc                isr_irq11
                0x100001cc                isr_irq23
                0x100001cc                isr_irq18
                0x100001cc                isr_irq28
                0x100001cc                isr_irq19
                0x100001cc                isr_irq0
                0x100001cc                isr_irq6
                0x100001cc                isr_irq22
                0x100001cc                isr_irq17
                0x100001cc                isr_irq14
                0x100001cc                isr_irq2
                0x100001cc                isr_irq10
                0x100001cc                isr_irq8
                0x100001cc                isr_irq24
                0x100001cc                isr_irq1
                0x100001cc                isr_irq7
                0x100001cc                isr_irq21
                0x100001cc                isr_irq20
                0x100001cc                isr_irq15
                0x100001cc                isr_irq25
                0x100001cc                isr_irq4
                0x100001cc                isr_irq16
                0x100001cc                isr_irq29
                0x100001cc                isr_irq26
                0x100001cc                __default_isrs_end
                0x100001cc                isr_irq3
                0x100001cc                isr_irq12
                0x100001cc                isr_irq9
                0x100001d2                unhandled_user_irq_num_in_r0
 *(.binary_info_header)
 .binary_info_header
                0x100001d4       0x14 CMakeFiles/wifiTest.dir/home/robin/pico/pico-sdk/src/rp2_common/pico_standard_link/crt0.S.obj
                0x100001e8                __binary_info_header_end = .
 *(.reset)
 .reset         0x100001e8       0xa8 CMakeFiles/wifiTest.dir/home/robin/pico/pico-sdk/src/rp2_common/pico_standard_link/crt0.S.obj
                0x100001e8                _entry_point
                0x10000266                __get_current_exception
 .reset         0x10000290       0x30 CMakeFiles/wifiTest.dir/home/robin/pico/pico-sdk/src/rp2_common/pico_standard_link/binary_info.c.obj
 *(.init)
 .init          0x100002c0        0x4 /usr/lib/gcc/arm-none-eabi/7.3.1/thumb/v6-m/crti.o
                0x100002c0                _init
 *(EXCLUDE_FILE(*libm.a: *libc.a:*lib_a-mem*.o *libgcc.a:) .text*)
 .text          0x100002c4       0x98 /usr/lib/gcc/arm-none-eabi/7.3.1/thumb/v6-m/crtbegin.o
 .text.startup.main
                0x1000035c       0x6c CMakeFiles/wifiTest.dir/wifiTest.c.obj
                0x1000035c                main
 .text.cyw43_arch_enable_sta_mode
                0x100003c8       0x1c CMakeFiles/wifiTest.dir/home/robin/pico/pico-sdk/src/rp2_common/pico_cyw43_arch/cyw43_arch.c.obj
                0x100003c8                cyw43_arch_enable_sta_mode
 .text.cyw43_arch_wifi_connect_timeout_ms
                0x100003e4       0xe8 CMakeFiles/wifiTest.dir/home/robin/pico/pico-sdk/src/rp2_common/pico_cyw43_arch/cyw43_arch.c.obj
                0x100003e4                cyw43_arch_wifi_connect_timeout_ms
 .text.cyw43_hal_generate_laa_mac
                0x100004cc       0x28 CMakeFiles/wifiTest.dir/home/robin/pico/pico-sdk/src/rp2_common/pico_cyw43_arch/cyw43_arch.c.obj
                0x100004cc                cyw43_hal_generate_laa_mac
 .text.cyw43_hal_get_mac
                0x100004f4       0x1c CMakeFiles/wifiTest.dir/home/robin/pico/pico-sdk/src/rp2_common/pico_cyw43_arch/cyw43_arch.c.obj
                0x100004f4                cyw43_hal_get_mac
 .text.cyw43_arch_init_with_country
                0x10000510       0x10 CMakeFiles/wifiTest.dir/home/robin/pico/pico-sdk/src/rp2_common/pico_cyw43_arch/cyw43_arch.c.obj
                0x10000510                cyw43_arch_init_with_country
 .text.low_priority_irq_handler
                0x10000520       0x4c CMakeFiles/wifiTest.dir/home/robin/pico/pico-sdk/src/rp2_common/pico_cyw43_arch/cyw43_arch_threadsafe_background.c.obj
 .text.periodic_worker
                0x1000056c       0x70 CMakeFiles/wifiTest.dir/home/robin/pico/pico-sdk/src/rp2_common/pico_cyw43_arch/cyw43_arch_threadsafe_background.c.obj
 .text.periodic_alarm_handler
                0x100005dc       0x58 CMakeFiles/wifiTest.dir/home/robin/pico/pico-sdk/src/rp2_common/pico_cyw43_arch/cyw43_arch_threadsafe_background.c.obj
 .text.gpio_irq_handler
                0x10000634       0x90 CMakeFiles/wifiTest.dir/home/robin/pico/pico-sdk/src/rp2_common/pico_cyw43_arch/cyw43_arch_threadsafe_background.c.obj
 .text.cyw43_await_background_or_timeout_us
                0x100006c4       0x1c CMakeFiles/wifiTest.dir/home/robin/pico/pico-sdk/src/rp2_common/pico_cyw43_arch/cyw43_arch_threadsafe_background.c.obj
                0x100006c4                cyw43_await_background_or_timeout_us
 .text.cyw43_arch_init
                0x100006e0      0x130 CMakeFiles/wifiTest.dir/home/robin/pico/pico-sdk/src/rp2_common/pico_cyw43_arch/cyw43_arch_threadsafe_background.c.obj
                0x100006e0                cyw43_arch_init
 .text.cyw43_post_poll_hook
                0x10000810       0x10 CMakeFiles/wifiTest.dir/home/robin/pico/pico-sdk/src/rp2_common/pico_cyw43_arch/cyw43_arch_threadsafe_background.c.obj
                0x10000810                cyw43_post_poll_hook
 .text.cyw43_schedule_internal_poll_dispatch
                0x10000820       0x4c CMakeFiles/wifiTest.dir/home/robin/pico/pico-sdk/src/rp2_common/pico_cyw43_arch/cyw43_arch_threadsafe_background.c.obj
                0x10000820                cyw43_schedule_internal_poll_dispatch
 .text.cyw43_thread_enter
                0x1000086c       0x10 CMakeFiles/wifiTest.dir/home/robin/pico/pico-sdk/src/rp2_common/pico_cyw43_arch/cyw43_arch_threadsafe_background.c.obj
                0x1000086c                cyw43_thread_enter
 .text.cyw43_thread_exit
                0x1000087c       0x6c CMakeFiles/wifiTest.dir/home/robin/pico/pico-sdk/src/rp2_common/pico_cyw43_arch/cyw43_arch_threadsafe_background.c.obj
                0x1000087c                cyw43_thread_exit
 .text.cyw43_delay_ms
                0x100008e8       0x58 CMakeFiles/wifiTest.dir/home/robin/pico/pico-sdk/src/rp2_common/pico_cyw43_arch/cyw43_arch_threadsafe_background.c.obj
                0x100008e8                cyw43_delay_ms
 .text.cyw43_delay_us
                0x10000940       0x48 CMakeFiles/wifiTest.dir/home/robin/pico/pico-sdk/src/rp2_common/pico_cyw43_arch/cyw43_arch_threadsafe_background.c.obj
                0x10000940                cyw43_delay_us
 .text.cyw43_arch_poll
                0x10000988        0x4 CMakeFiles/wifiTest.dir/home/robin/pico/pico-sdk/src/rp2_common/pico_cyw43_arch/cyw43_arch_threadsafe_background.c.obj
                0x10000988                cyw43_arch_poll
 .text.startup._retrieve_unique_id_on_boot
                0x1000098c       0x10 CMakeFiles/wifiTest.dir/home/robin/pico/pico-sdk/src/rp2_common/pico_unique_id/unique_id.c.obj
 .text.pico_get_unique_board_id
                0x1000099c       0x10 CMakeFiles/wifiTest.dir/home/robin/pico/pico-sdk/src/rp2_common/pico_unique_id/unique_id.c.obj
                0x1000099c                pico_get_unique_board_id
 .text.pico_get_unique_board_id_string
                0x100009ac      0x1cc CMakeFiles/wifiTest.dir/home/robin/pico/pico-sdk/src/rp2_common/pico_unique_id/unique_id.c.obj
                0x100009ac                pico_get_unique_board_id_string
 .text.flash_get_unique_id
                0x10000b78       0x3c CMakeFiles/wifiTest.dir/home/robin/pico/pico-sdk/src/rp2_common/hardware_flash/flash.c.obj
                0x10000b78                flash_get_unique_id
 .text.hw_claim_lock
                0x10000bb4       0x18 CMakeFiles/wifiTest.dir/home/robin/pico/pico-sdk/src/rp2_common/hardware_claim/claim.c.obj
                0x10000bb4                hw_claim_lock
 .text.hw_claim_unlock
                0x10000bcc       0x14 CMakeFiles/wifiTest.dir/home/robin/pico/pico-sdk/src/rp2_common/hardware_claim/claim.c.obj
                0x10000bcc                hw_claim_unlock
 .text.hw_claim_or_assert
                0x10000be0       0x44 CMakeFiles/wifiTest.dir/home/robin/pico/pico-sdk/src/rp2_common/hardware_claim/claim.c.obj
                0x10000be0                hw_claim_or_assert
 .text.hw_claim_unused_from_range
                0x10000c24       0x9c CMakeFiles/wifiTest.dir/home/robin/pico/pico-sdk/src/rp2_common/hardware_claim/claim.c.obj
                0x10000c24                hw_claim_unused_from_range
 .text.hw_claim_clear
                0x10000cc0       0x38 CMakeFiles/wifiTest.dir/home/robin/pico/pico-sdk/src/rp2_common/hardware_claim/claim.c.obj
                0x10000cc0                hw_claim_clear
 .text.running_on_fpga
                0x10000cf8       0x10 CMakeFiles/wifiTest.dir/home/robin/pico/pico-sdk/src/rp2_common/pico_platform/platform.c.obj
                0x10000cf8                running_on_fpga
 .text.spin_locks_reset
                0x10000d08       0x1c CMakeFiles/wifiTest.dir/home/robin/pico/pico-sdk/src/rp2_common/hardware_sync/sync.c.obj
                0x10000d08                spin_locks_reset
 .text.next_striped_spin_lock_num
                0x10000d24       0x18 CMakeFiles/wifiTest.dir/home/robin/pico/pico-sdk/src/rp2_common/hardware_sync/sync.c.obj
                0x10000d24                next_striped_spin_lock_num
 .text.spin_lock_claim_unused
                0x10000d3c       0x20 CMakeFiles/wifiTest.dir/home/robin/pico/pico-sdk/src/rp2_common/hardware_sync/sync.c.obj
                0x10000d3c                spin_lock_claim_unused
 .text.rom_func_lookup
                0x10000d5c       0x10 CMakeFiles/wifiTest.dir/home/robin/pico/pico-sdk/src/rp2_common/pico_bootrom/bootrom.c.obj
                0x10000d5c                rom_func_lookup
 .text.rom_data_lookup
                0x10000d6c       0x10 CMakeFiles/wifiTest.dir/home/robin/pico/pico-sdk/src/rp2_common/pico_bootrom/bootrom.c.obj
                0x10000d6c                rom_data_lookup
 .text.rom_funcs_lookup
                0x10000d7c       0x3c CMakeFiles/wifiTest.dir/home/robin/pico/pico-sdk/src/rp2_common/pico_bootrom/bootrom.c.obj
                0x10000d7c                rom_funcs_lookup
 .text.ns_delay.constprop.17
                0x10000db8       0x20 CMakeFiles/wifiTest.dir/home/robin/pico/pico-sdk/src/rp2_common/cyw43_driver/cyw43_bus_pio_spi.c.obj
 .text.cyw43_spi_transfer.constprop.16
                0x10000dd8      0x1c4 CMakeFiles/wifiTest.dir/home/robin/pico/pico-sdk/src/rp2_common/cyw43_driver/cyw43_bus_pio_spi.c.obj
 .text.cyw43_spi_init
                0x10000f9c      0x1c8 CMakeFiles/wifiTest.dir/home/robin/pico/pico-sdk/src/rp2_common/cyw43_driver/cyw43_bus_pio_spi.c.obj
                0x10000f9c                cyw43_spi_init
 .text.cyw43_spi_gpio_setup
                0x10001164       0x3c CMakeFiles/wifiTest.dir/home/robin/pico/pico-sdk/src/rp2_common/cyw43_driver/cyw43_bus_pio_spi.c.obj
                0x10001164                cyw43_spi_gpio_setup
 .text.cyw43_spi_reset
                0x100011a0       0x28 CMakeFiles/wifiTest.dir/home/robin/pico/pico-sdk/src/rp2_common/cyw43_driver/cyw43_bus_pio_spi.c.obj
                0x100011a0                cyw43_spi_reset
 .text.read_reg_u32_swap
                0x100011c8      0x228 CMakeFiles/wifiTest.dir/home/robin/pico/pico-sdk/src/rp2_common/cyw43_driver/cyw43_bus_pio_spi.c.obj
                0x100011c8                read_reg_u32_swap
 .text.cyw43_read_reg_u32
                0x100013f0      0x264 CMakeFiles/wifiTest.dir/home/robin/pico/pico-sdk/src/rp2_common/cyw43_driver/cyw43_bus_pio_spi.c.obj
                0x100013f0                cyw43_read_reg_u32
 .text.cyw43_read_reg_u16
                0x10001654      0x264 CMakeFiles/wifiTest.dir/home/robin/pico/pico-sdk/src/rp2_common/cyw43_driver/cyw43_bus_pio_spi.c.obj
                0x10001654                cyw43_read_reg_u16
 .text.cyw43_read_reg_u8
                0x100018b8      0x264 CMakeFiles/wifiTest.dir/home/robin/pico/pico-sdk/src/rp2_common/cyw43_driver/cyw43_bus_pio_spi.c.obj
                0x100018b8                cyw43_read_reg_u8
 .text.write_reg_u32_swap
                0x10001b1c      0x1c4 CMakeFiles/wifiTest.dir/home/robin/pico/pico-sdk/src/rp2_common/cyw43_driver/cyw43_bus_pio_spi.c.obj
                0x10001b1c                write_reg_u32_swap
 .text.cyw43_write_reg_u32
                0x10001ce0      0x1e8 CMakeFiles/wifiTest.dir/home/robin/pico/pico-sdk/src/rp2_common/cyw43_driver/cyw43_bus_pio_spi.c.obj
                0x10001ce0                cyw43_write_reg_u32
 .text.cyw43_write_reg_u16
                0x10001ec8      0x1e8 CMakeFiles/wifiTest.dir/home/robin/pico/pico-sdk/src/rp2_common/cyw43_driver/cyw43_bus_pio_spi.c.obj
                0x10001ec8                cyw43_write_reg_u16
 .text.cyw43_write_reg_u8
                0x100020b0      0x1e8 CMakeFiles/wifiTest.dir/home/robin/pico/pico-sdk/src/rp2_common/cyw43_driver/cyw43_bus_pio_spi.c.obj
                0x100020b0                cyw43_write_reg_u8
 .text.cyw43_read_bytes
                0x10002298      0x2cc CMakeFiles/wifiTest.dir/home/robin/pico/pico-sdk/src/rp2_common/cyw43_driver/cyw43_bus_pio_spi.c.obj
                0x10002298                cyw43_read_bytes
 .text.cyw43_write_bytes
                0x10002564      0x2c4 CMakeFiles/wifiTest.dir/home/robin/pico/pico-sdk/src/rp2_common/cyw43_driver/cyw43_bus_pio_spi.c.obj
                0x10002564                cyw43_write_bytes
 .text.cyw43_ll_parse_async_event
                0x10002828      0x124 CMakeFiles/wifiTest.dir/home/robin/pico/pico-sdk/lib/cyw43-driver/src/cyw43_ll.c.obj
 .text.cyw43_ll_sdpcm_poll_device
                0x1000294c      0x2b8 CMakeFiles/wifiTest.dir/home/robin/pico/pico-sdk/lib/cyw43-driver/src/cyw43_ll.c.obj
 .text.cyw43_sdpcm_send_common
                0x10002c04      0x154 CMakeFiles/wifiTest.dir/home/robin/pico/pico-sdk/lib/cyw43-driver/src/cyw43_ll.c.obj
 .text.cyw43_do_ioctl
                0x10002d58      0x110 CMakeFiles/wifiTest.dir/home/robin/pico/pico-sdk/lib/cyw43-driver/src/cyw43_ll.c.obj
 .text.cyw43_do_ioctl.constprop.7
                0x10002e68      0x108 CMakeFiles/wifiTest.dir/home/robin/pico/pico-sdk/lib/cyw43-driver/src/cyw43_ll.c.obj
 .text.reset_device_core.constprop.6
                0x10002f70      0x624 CMakeFiles/wifiTest.dir/home/robin/pico/pico-sdk/lib/cyw43-driver/src/cyw43_ll.c.obj
 .text.cyw43_ll_init
                0x10003594       0x20 CMakeFiles/wifiTest.dir/home/robin/pico/pico-sdk/lib/cyw43-driver/src/cyw43_ll.c.obj
                0x10003594                cyw43_ll_init
 .text.cyw43_ll_send_ethernet
                0x100035b4      0x1a0 CMakeFiles/wifiTest.dir/home/robin/pico/pico-sdk/lib/cyw43-driver/src/cyw43_ll.c.obj
                0x100035b4                cyw43_ll_send_ethernet
 .text.cyw43_ll_process_packets
                0x10003754       0x64 CMakeFiles/wifiTest.dir/home/robin/pico/pico-sdk/lib/cyw43-driver/src/cyw43_ll.c.obj
                0x10003754                cyw43_ll_process_packets
 .text.cyw43_ll_ioctl
                0x100037b8       0x20 CMakeFiles/wifiTest.dir/home/robin/pico/pico-sdk/lib/cyw43-driver/src/cyw43_ll.c.obj
                0x100037b8                cyw43_ll_ioctl
 .text.cyw43_ll_bus_sleep
                0x100037d8       0xd8 CMakeFiles/wifiTest.dir/home/robin/pico/pico-sdk/lib/cyw43-driver/src/cyw43_ll.c.obj
                0x100037d8                cyw43_ll_bus_sleep
 .text.cyw43_ll_bus_init
                0x100038b0      0xf80 CMakeFiles/wifiTest.dir/home/robin/pico/pico-sdk/lib/cyw43-driver/src/cyw43_ll.c.obj
                0x100038b0                cyw43_ll_bus_init
 .text.cyw43_ll_wifi_on
                0x10004830      0x2ac CMakeFiles/wifiTest.dir/home/robin/pico/pico-sdk/lib/cyw43-driver/src/cyw43_ll.c.obj
                0x10004830                cyw43_ll_wifi_on
 .text.cyw43_ll_wifi_get_mac
                0x10004adc       0x40 CMakeFiles/wifiTest.dir/home/robin/pico/pico-sdk/lib/cyw43-driver/src/cyw43_ll.c.obj
                0x10004adc                cyw43_ll_wifi_get_mac
 .text.cyw43_ll_wifi_pm
                0x10004b1c      0x1a0 CMakeFiles/wifiTest.dir/home/robin/pico/pico-sdk/lib/cyw43-driver/src/cyw43_ll.c.obj
                0x10004b1c                cyw43_ll_wifi_pm
 .text.cyw43_ll_wifi_join
                0x10004cbc      0x318 CMakeFiles/wifiTest.dir/home/robin/pico/pico-sdk/lib/cyw43-driver/src/cyw43_ll.c.obj
                0x10004cbc                cyw43_ll_wifi_join
 .text.cyw43_ll_wifi_set_wpa_auth
                0x10004fd4       0x2c CMakeFiles/wifiTest.dir/home/robin/pico/pico-sdk/lib/cyw43-driver/src/cyw43_ll.c.obj
                0x10004fd4                cyw43_ll_wifi_set_wpa_auth
 .text.cyw43_ll_wifi_rejoin
                0x10005000       0x1c CMakeFiles/wifiTest.dir/home/robin/pico/pico-sdk/lib/cyw43-driver/src/cyw43_ll.c.obj
                0x10005000                cyw43_ll_wifi_rejoin
 .text.cyw43_ll_wifi_ap_init
                0x1000501c      0x2c4 CMakeFiles/wifiTest.dir/home/robin/pico/pico-sdk/lib/cyw43-driver/src/cyw43_ll.c.obj
                0x1000501c                cyw43_ll_wifi_ap_init
 .text.cyw43_ll_wifi_ap_set_up
                0x100052e0       0x54 CMakeFiles/wifiTest.dir/home/robin/pico/pico-sdk/lib/cyw43-driver/src/cyw43_ll.c.obj
                0x100052e0                cyw43_ll_wifi_ap_set_up
 .text.cyw43_ll_has_work
                0x10005334       0x14 CMakeFiles/wifiTest.dir/home/robin/pico/pico-sdk/lib/cyw43-driver/src/cyw43_ll.c.obj
                0x10005334                cyw43_ll_has_work
 .text.cyw43_netif_init
                0x10005348       0x3c CMakeFiles/wifiTest.dir/home/robin/pico/pico-sdk/lib/cyw43-driver/src/cyw43_lwip.c.obj
 .text.cyw43_netif_output
                0x10005384       0x38 CMakeFiles/wifiTest.dir/home/robin/pico/pico-sdk/lib/cyw43-driver/src/cyw43_lwip.c.obj
 .text.cyw43_cb_tcpip_init
                0x100053bc       0xbc CMakeFiles/wifiTest.dir/home/robin/pico/pico-sdk/lib/cyw43-driver/src/cyw43_lwip.c.obj
                0x100053bc                cyw43_cb_tcpip_init
 .text.cyw43_cb_tcpip_deinit
                0x10005478       0x4c CMakeFiles/wifiTest.dir/home/robin/pico/pico-sdk/lib/cyw43-driver/src/cyw43_lwip.c.obj
                0x10005478                cyw43_cb_tcpip_deinit
 .text.cyw43_cb_process_ethernet
                0x100054c4       0x68 CMakeFiles/wifiTest.dir/home/robin/pico/pico-sdk/lib/cyw43-driver/src/cyw43_lwip.c.obj
                0x100054c4                cyw43_cb_process_ethernet
 .text.cyw43_cb_tcpip_set_link_up
                0x1000552c       0x18 CMakeFiles/wifiTest.dir/home/robin/pico/pico-sdk/lib/cyw43-driver/src/cyw43_lwip.c.obj
                0x1000552c                cyw43_cb_tcpip_set_link_up
 .text.cyw43_cb_tcpip_set_link_down
                0x10005544       0x18 CMakeFiles/wifiTest.dir/home/robin/pico/pico-sdk/lib/cyw43-driver/src/cyw43_lwip.c.obj
                0x10005544                cyw43_cb_tcpip_set_link_down
 .text.cyw43_tcpip_link_status
                0x1000555c       0x34 CMakeFiles/wifiTest.dir/home/robin/pico/pico-sdk/lib/cyw43-driver/src/cyw43_lwip.c.obj
                0x1000555c                cyw43_tcpip_link_status
 .text.cyw43_poll_func
                0x10005590       0xb8 CMakeFiles/wifiTest.dir/home/robin/pico/pico-sdk/lib/cyw43-driver/src/cyw43_ctrl.c.obj
 .text.cyw43_init
                0x10005648       0x84 CMakeFiles/wifiTest.dir/home/robin/pico/pico-sdk/lib/cyw43-driver/src/cyw43_ctrl.c.obj
                0x10005648                cyw43_init
 .text.cyw43_cb_read_host_interrupt_pin
                0x100056cc        0xc CMakeFiles/wifiTest.dir/home/robin/pico/pico-sdk/lib/cyw43-driver/src/cyw43_ctrl.c.obj
                0x100056cc                cyw43_cb_read_host_interrupt_pin
 .text.cyw43_cb_ensure_awake
                0x100056d8        0xc CMakeFiles/wifiTest.dir/home/robin/pico/pico-sdk/lib/cyw43-driver/src/cyw43_ctrl.c.obj
                0x100056d8                cyw43_cb_ensure_awake
 .text.cyw43_cb_process_async_event
                0x100056e4      0x244 CMakeFiles/wifiTest.dir/home/robin/pico/pico-sdk/lib/cyw43-driver/src/cyw43_ctrl.c.obj
                0x100056e4                cyw43_cb_process_async_event
 .text.cyw43_send_ethernet
                0x10005928       0xbc CMakeFiles/wifiTest.dir/home/robin/pico/pico-sdk/lib/cyw43-driver/src/cyw43_ctrl.c.obj
                0x10005928                cyw43_send_ethernet
 .text.cyw43_wifi_pm
                0x100059e4       0xb8 CMakeFiles/wifiTest.dir/home/robin/pico/pico-sdk/lib/cyw43-driver/src/cyw43_ctrl.c.obj
                0x100059e4                cyw43_wifi_pm
 .text.cyw43_wifi_get_mac
                0x10005a9c       0x10 CMakeFiles/wifiTest.dir/home/robin/pico/pico-sdk/lib/cyw43-driver/src/cyw43_ctrl.c.obj
                0x10005a9c                cyw43_wifi_get_mac
 .text.cyw43_wifi_set_up
                0x10005aac      0x28c CMakeFiles/wifiTest.dir/home/robin/pico/pico-sdk/lib/cyw43-driver/src/cyw43_ctrl.c.obj
                0x10005aac                cyw43_wifi_set_up
 .text.cyw43_wifi_link_status
                0x10005d38       0x3c CMakeFiles/wifiTest.dir/home/robin/pico/pico-sdk/lib/cyw43-driver/src/cyw43_ctrl.c.obj
                0x10005d38                cyw43_wifi_link_status
 .text.cyw43_wifi_join
                0x10005d74       0xec CMakeFiles/wifiTest.dir/home/robin/pico/pico-sdk/lib/cyw43-driver/src/cyw43_ctrl.c.obj
                0x10005d74                cyw43_wifi_join
 .text.gpio_set_function
                0x10005e60       0x30 CMakeFiles/wifiTest.dir/home/robin/pico/pico-sdk/src/rp2_common/hardware_gpio/gpio.c.obj
                0x10005e60                gpio_set_function
 .text.gpio_set_pulls
                0x10005e90       0x34 CMakeFiles/wifiTest.dir/home/robin/pico/pico-sdk/src/rp2_common/hardware_gpio/gpio.c.obj
                0x10005e90                gpio_set_pulls
 .text.gpio_set_input_hysteresis_enabled
                0x10005ec4       0x28 CMakeFiles/wifiTest.dir/home/robin/pico/pico-sdk/src/rp2_common/hardware_gpio/gpio.c.obj
                0x10005ec4                gpio_set_input_hysteresis_enabled
 .text.gpio_set_irq_enabled
                0x10005eec       0x50 CMakeFiles/wifiTest.dir/home/robin/pico/pico-sdk/src/rp2_common/hardware_gpio/gpio.c.obj
                0x10005eec                gpio_set_irq_enabled
 .text.gpio_add_raw_irq_handler_with_order_priority_masked
                0x10005f3c       0x44 CMakeFiles/wifiTest.dir/home/robin/pico/pico-sdk/src/rp2_common/hardware_gpio/gpio.c.obj
                0x10005f3c                gpio_add_raw_irq_handler_with_order_priority_masked
 .text.gpio_remove_raw_irq_handler_masked
                0x10005f80       0x20 CMakeFiles/wifiTest.dir/home/robin/pico/pico-sdk/src/rp2_common/hardware_gpio/gpio.c.obj
                0x10005f80                gpio_remove_raw_irq_handler_masked
 .text.gpio_init
                0x10005fa0       0x3c CMakeFiles/wifiTest.dir/home/robin/pico/pico-sdk/src/rp2_common/hardware_gpio/gpio.c.obj
                0x10005fa0                gpio_init
 .text.irq_set_enabled
                0x10005fdc       0x24 CMakeFiles/wifiTest.dir/home/robin/pico/pico-sdk/src/rp2_common/hardware_irq/irq.c.obj
                0x10005fdc                irq_set_enabled
 .text.irq_set_pending
                0x10006000       0x10 CMakeFiles/wifiTest.dir/home/robin/pico/pico-sdk/src/rp2_common/hardware_irq/irq.c.obj
                0x10006000                irq_set_pending
 .text.irq_has_shared_handler
                0x10006010       0x2c CMakeFiles/wifiTest.dir/home/robin/pico/pico-sdk/src/rp2_common/hardware_irq/irq.c.obj
                0x10006010                irq_has_shared_handler
 .text.irq_get_vtable_handler
                0x1000603c       0x10 CMakeFiles/wifiTest.dir/home/robin/pico/pico-sdk/src/rp2_common/hardware_irq/irq.c.obj
                0x1000603c                irq_get_vtable_handler
 .text.irq_set_exclusive_handler
                0x1000604c       0x54 CMakeFiles/wifiTest.dir/home/robin/pico/pico-sdk/src/rp2_common/hardware_irq/irq.c.obj
                0x1000604c                irq_set_exclusive_handler
 .text.irq_add_shared_handler
                0x100060a0      0x1c8 CMakeFiles/wifiTest.dir/home/robin/pico/pico-sdk/src/rp2_common/hardware_irq/irq.c.obj
                0x100060a0                irq_add_shared_handler
 .text.irq_remove_handler
                0x10006268      0x1b4 CMakeFiles/wifiTest.dir/home/robin/pico/pico-sdk/src/rp2_common/hardware_irq/irq.c.obj
                0x10006268                irq_remove_handler
 .text.irq_set_priority
                0x1000641c       0x28 CMakeFiles/wifiTest.dir/home/robin/pico/pico-sdk/src/rp2_common/hardware_irq/irq.c.obj
                0x1000641c                irq_set_priority
 .text.irq_add_tail_to_free_list
                0x10006444       0xb4 CMakeFiles/wifiTest.dir/home/robin/pico/pico-sdk/src/rp2_common/hardware_irq/irq.c.obj
                0x10006444                irq_add_tail_to_free_list
 .text.irq_init_priorities
                0x100064f8       0x24 CMakeFiles/wifiTest.dir/home/robin/pico/pico-sdk/src/rp2_common/hardware_irq/irq.c.obj
                0x100064f8                irq_init_priorities
 .text.user_irq_unclaim
                0x1000651c       0x1c CMakeFiles/wifiTest.dir/home/robin/pico/pico-sdk/src/rp2_common/hardware_irq/irq.c.obj
                0x1000651c                user_irq_unclaim
 .text.user_irq_claim_unused
                0x10006538       0x30 CMakeFiles/wifiTest.dir/home/robin/pico/pico-sdk/src/rp2_common/hardware_irq/irq.c.obj
                0x10006538                user_irq_claim_unused
 .text.sem_init
                0x10006568       0x20 CMakeFiles/wifiTest.dir/home/robin/pico/pico-sdk/src/common/pico_sync/sem.c.obj
                0x10006568                sem_init
 .text.lock_init
                0x10006588       0x10 CMakeFiles/wifiTest.dir/home/robin/pico/pico-sdk/src/common/pico_sync/lock_core.c.obj
                0x10006588                lock_init
 .text.timer_pool_entry_comparator
                0x10006598       0x34 CMakeFiles/wifiTest.dir/home/robin/pico/pico-sdk/src/common/pico_time/time.c.obj
                0x10006598                timer_pool_entry_comparator
 .text.sleep_until_callback
                0x100065cc       0x30 CMakeFiles/wifiTest.dir/home/robin/pico/pico-sdk/src/common/pico_time/time.c.obj
 .text.add_alarm_under_lock
                0x100065fc      0x120 CMakeFiles/wifiTest.dir/home/robin/pico/pico-sdk/src/common/pico_time/time.c.obj
 .text.alarm_pool_alarm_callback
                0x1000671c      0x1dc CMakeFiles/wifiTest.dir/home/robin/pico/pico-sdk/src/common/pico_time/time.c.obj
 .text.alarm_pool_init_default
                0x100068f8       0x64 CMakeFiles/wifiTest.dir/home/robin/pico/pico-sdk/src/common/pico_time/time.c.obj
                0x100068f8                alarm_pool_init_default
 .text.alarm_pool_get_default
                0x1000695c        0x8 CMakeFiles/wifiTest.dir/home/robin/pico/pico-sdk/src/common/pico_time/time.c.obj
                0x1000695c                alarm_pool_get_default
 .text.alarm_pool_add_alarm_at
                0x10006964      0x1ac CMakeFiles/wifiTest.dir/home/robin/pico/pico-sdk/src/common/pico_time/time.c.obj
                0x10006964                alarm_pool_add_alarm_at
 .text.alarm_pool_cancel_alarm
                0x10006b10       0x70 CMakeFiles/wifiTest.dir/home/robin/pico/pico-sdk/src/common/pico_time/time.c.obj
                0x10006b10                alarm_pool_cancel_alarm
 .text.sleep_until
                0x10006b80      0x1ec CMakeFiles/wifiTest.dir/home/robin/pico/pico-sdk/src/common/pico_time/time.c.obj
                0x10006b80                sleep_until
 .text.sleep_ms
                0x10006d6c       0x38 CMakeFiles/wifiTest.dir/home/robin/pico/pico-sdk/src/common/pico_time/time.c.obj
                0x10006d6c                sleep_ms
 .text.best_effort_wfe_or_timeout
                0x10006da4      0x1b4 CMakeFiles/wifiTest.dir/home/robin/pico/pico-sdk/src/common/pico_time/time.c.obj
                0x10006da4                best_effort_wfe_or_timeout
 .text.hardware_alarm_irq_handler
                0x10006f58       0xb0 CMakeFiles/wifiTest.dir/home/robin/pico/pico-sdk/src/rp2_common/hardware_timer/timer.c.obj
 .text.hardware_alarm_claim
                0x10007008       0x18 CMakeFiles/wifiTest.dir/home/robin/pico/pico-sdk/src/rp2_common/hardware_timer/timer.c.obj
                0x10007008                hardware_alarm_claim
 .text.time_us_64
                0x10007020       0x18 CMakeFiles/wifiTest.dir/home/robin/pico/pico-sdk/src/rp2_common/hardware_timer/timer.c.obj
                0x10007020                time_us_64
 .text.busy_wait_until
                0x10007038       0x20 CMakeFiles/wifiTest.dir/home/robin/pico/pico-sdk/src/rp2_common/hardware_timer/timer.c.obj
                0x10007038                busy_wait_until
 .text.hardware_alarm_set_callback
                0x10007058       0x8c CMakeFiles/wifiTest.dir/home/robin/pico/pico-sdk/src/rp2_common/hardware_timer/timer.c.obj
                0x10007058                hardware_alarm_set_callback
 .text.hardware_alarm_set_target
                0x100070e4       0xd8 CMakeFiles/wifiTest.dir/home/robin/pico/pico-sdk/src/rp2_common/hardware_timer/timer.c.obj
                0x100070e4                hardware_alarm_set_target
 .text.hardware_alarm_cancel
                0x100071bc       0x40 CMakeFiles/wifiTest.dir/home/robin/pico/pico-sdk/src/rp2_common/hardware_timer/timer.c.obj
                0x100071bc                hardware_alarm_cancel
 .text.ph_merge_two_pass.part.3
                0x100071fc       0xcc CMakeFiles/wifiTest.dir/home/robin/pico/pico-sdk/src/common/pico_util/pheap.c.obj
 .text.ph_post_alloc_init
                0x100072c8       0x3c CMakeFiles/wifiTest.dir/home/robin/pico/pico-sdk/src/common/pico_util/pheap.c.obj
                0x100072c8                ph_post_alloc_init
 .text.ph_remove_head
                0x10007304      0x158 CMakeFiles/wifiTest.dir/home/robin/pico/pico-sdk/src/common/pico_util/pheap.c.obj
                0x10007304                ph_remove_head
 .text.ph_remove_and_free_node
                0x1000745c      0x340 CMakeFiles/wifiTest.dir/home/robin/pico/pico-sdk/src/common/pico_util/pheap.c.obj
                0x1000745c                ph_remove_and_free_node
 .text.mutex_init
                0x1000779c       0x1c CMakeFiles/wifiTest.dir/home/robin/pico/pico-sdk/src/common/pico_sync/mutex.c.obj
                0x1000779c                mutex_init
 .text.recursive_mutex_init
                0x100077b8       0x1c CMakeFiles/wifiTest.dir/home/robin/pico/pico-sdk/src/common/pico_sync/mutex.c.obj
                0x100077b8                recursive_mutex_init
 .text.critical_section_init
                0x100077d4       0x20 CMakeFiles/wifiTest.dir/home/robin/pico/pico-sdk/src/common/pico_sync/critical_section.c.obj
                0x100077d4                critical_section_init
 .text.uart_init
                0x100077f4       0xe8 CMakeFiles/wifiTest.dir/home/robin/pico/pico-sdk/src/rp2_common/hardware_uart/uart.c.obj
                0x100077f4                uart_init
 .text.runtime_init
                0x100078dc       0xf4 CMakeFiles/wifiTest.dir/home/robin/pico/pico-sdk/src/rp2_common/pico_runtime/runtime.c.obj
                0x100078dc                runtime_init
 .text.exit     0x100079d0        0x4 CMakeFiles/wifiTest.dir/home/robin/pico/pico-sdk/src/rp2_common/pico_runtime/runtime.c.obj
                0x100079d0                exit
 .text.panic    0x100079d4       0x30 CMakeFiles/wifiTest.dir/home/robin/pico/pico-sdk/src/rp2_common/pico_runtime/runtime.c.obj
                0x100079d4                panic
 .text.hard_assertion_failure
                0x10007a04        0xc CMakeFiles/wifiTest.dir/home/robin/pico/pico-sdk/src/rp2_common/pico_runtime/runtime.c.obj
                0x10007a04                hard_assertion_failure
 .text.clocks_init
                0x10007a10      0x2c8 CMakeFiles/wifiTest.dir/home/robin/pico/pico-sdk/src/rp2_common/hardware_clocks/clocks.c.obj
                0x10007a10                clocks_init
 .text.clock_get_hz
                0x10007cd8        0xc CMakeFiles/wifiTest.dir/home/robin/pico/pico-sdk/src/rp2_common/hardware_clocks/clocks.c.obj
                0x10007cd8                clock_get_hz
 .text.pll_init
                0x10007ce4       0xa8 CMakeFiles/wifiTest.dir/home/robin/pico/pico-sdk/src/rp2_common/hardware_pll/pll.c.obj
                0x10007ce4                pll_init
 .text.watchdog_start_tick
                0x10007d8c       0x10 CMakeFiles/wifiTest.dir/home/robin/pico/pico-sdk/src/rp2_common/hardware_watchdog/watchdog.c.obj
                0x10007d8c                watchdog_start_tick
 .text.watchdog_reboot
                0x10007d9c       0x98 CMakeFiles/wifiTest.dir/home/robin/pico/pico-sdk/src/rp2_common/hardware_watchdog/watchdog.c.obj
                0x10007d9c                watchdog_reboot
 .text.xosc_init
                0x10007e34       0x28 CMakeFiles/wifiTest.dir/home/robin/pico/pico-sdk/src/rp2_common/hardware_xosc/xosc.c.obj
                0x10007e34                xosc_init
 .text._out_null
                0x10007e5c        0x4 CMakeFiles/wifiTest.dir/home/robin/pico/pico-sdk/src/rp2_common/pico_printf/printf.c.obj
 .text._out_fct
                0x10007e60       0x10 CMakeFiles/wifiTest.dir/home/robin/pico/pico-sdk/src/rp2_common/pico_printf/printf.c.obj
 .text._out_char
                0x10007e70        0xc CMakeFiles/wifiTest.dir/home/robin/pico/pico-sdk/src/rp2_common/pico_printf/printf.c.obj
 .text._ntoa_format
                0x10007e7c      0x270 CMakeFiles/wifiTest.dir/home/robin/pico/pico-sdk/src/rp2_common/pico_printf/printf.c.obj
 .text._etoa.part.0
                0x100080ec      0x56c CMakeFiles/wifiTest.dir/home/robin/pico/pico-sdk/src/rp2_common/pico_printf/printf.c.obj
 .text._ftoa    0x10008658      0x6f8 CMakeFiles/wifiTest.dir/home/robin/pico/pico-sdk/src/rp2_common/pico_printf/printf.c.obj
 .text._ftoa.part.1
                0x10008d50      0x54c CMakeFiles/wifiTest.dir/home/robin/pico/pico-sdk/src/rp2_common/pico_printf/printf.c.obj
 .text._vsnprintf
                0x1000929c     0x11e0 CMakeFiles/wifiTest.dir/home/robin/pico/pico-sdk/src/rp2_common/pico_printf/printf.c.obj
 .text.vfctprintf
                0x1000a47c       0x20 CMakeFiles/wifiTest.dir/home/robin/pico/pico-sdk/src/rp2_common/pico_printf/printf.c.obj
                0x1000a47c                vfctprintf
 .text.weak_raw_vprintf
                0x1000a49c       0x30 CMakeFiles/wifiTest.dir/home/robin/pico/pico-sdk/src/rp2_common/pico_printf/printf.c.obj
                0x1000a49c                weak_raw_vprintf
 .text          0x1000a4cc       0x10 CMakeFiles/wifiTest.dir/home/robin/pico/pico-sdk/src/rp2_common/pico_bit_ops/bit_ops_aeabi.S.obj
 .text.ctzsi    0x1000a4dc        0xc CMakeFiles/wifiTest.dir/home/robin/pico/pico-sdk/src/rp2_common/pico_bit_ops/bit_ops_aeabi.S.obj
                0x1000a4dc                __wrap___ctzsi2
 .text.__wrap___aeabi_idiv
                0x1000a4e8       0x50 CMakeFiles/wifiTest.dir/home/robin/pico/pico-sdk/src/rp2_common/pico_divider/divider.S.obj
                0x1000a4e8                __wrap___aeabi_idivmod
                0x1000a4e8                divmod_s32s32
                0x1000a4e8                div_s32s32
                0x1000a4e8                __wrap___aeabi_idiv
                0x1000a4f0                divmod_s32s32_unsafe
                0x1000a51c                divmod_s32s32_savestate
 .text.__wrap___aeabi_uidiv
                0x1000a538       0x4c CMakeFiles/wifiTest.dir/home/robin/pico/pico-sdk/src/rp2_common/pico_divider/divider.S.obj
                0x1000a538                __wrap___aeabi_uidiv
                0x1000a538                __wrap___aeabi_uidivmod
                0x1000a538                div_u32u32
                0x1000a538                divmod_u32u32
                0x1000a540                divmod_u32u32_unsafe
                0x1000a568                divmod_u32u32_savestate
 .text.__wrap___aeabi_ldiv
                0x1000a584      0x434 CMakeFiles/wifiTest.dir/home/robin/pico/pico-sdk/src/rp2_common/pico_divider/divider.S.obj
                0x1000a584                div_s64s64
                0x1000a584                divmod_s64s64
                0x1000a584                __wrap___aeabi_ldivmod
                0x1000a5bc                div_u64u64
                0x1000a5bc                divmod_u64u64
                0x1000a5bc                __wrap___aeabi_uldivmod
                0x1000a5cc                divmod_u64u64_savestate
                0x1000a5f4                divmod_s64s64_unsafe
                0x1000a67c                divmod_u64u64_unsafe
 .text.__wrap___aeabi_darithmetic
                0x1000a9b8       0x60 CMakeFiles/wifiTest.dir/home/robin/pico/pico-sdk/src/rp2_common/pico_double/double_aeabi.S.obj
                0x1000a9b8                __wrap___aeabi_drsub
                0x1000a9be                __wrap___aeabi_dsub
                0x1000a9c8                __wrap___aeabi_dadd
                0x1000a9d2                __wrap___aeabi_ddiv
                0x1000aa06                __wrap___aeabi_dmul
 .text.__wrap___aeabi_cdcmple
                0x1000aa18       0x6c CMakeFiles/wifiTest.dir/home/robin/pico/pico-sdk/src/rp2_common/pico_double/double_aeabi.S.obj
                0x1000aa18                __wrap___aeabi_cdrcmple
                0x1000aa28                __wrap___aeabi_cdcmple
                0x1000aa28                __wrap___aeabi_cdcmpeq
 .text.__wrap___aeabi_dcmplt
                0x1000aa84        0xc CMakeFiles/wifiTest.dir/home/robin/pico/pico-sdk/src/rp2_common/pico_double/double_aeabi.S.obj
                0x1000aa84                __wrap___aeabi_dcmplt
 .text.__wrap___aeabi_dcmpge
                0x1000aa90       0x10 CMakeFiles/wifiTest.dir/home/robin/pico/pico-sdk/src/rp2_common/pico_double/double_aeabi.S.obj
                0x1000aa90                __wrap___aeabi_dcmpge
 .text.__wrap___aeabi_dcmpgt
                0x1000aaa0        0xa CMakeFiles/wifiTest.dir/home/robin/pico/pico-sdk/src/rp2_common/pico_double/double_aeabi.S.obj
                0x1000aaa0                __wrap___aeabi_dcmpgt
 .text.__wrap___aeabi_dcmpun
                0x1000aaaa       0x1c CMakeFiles/wifiTest.dir/home/robin/pico/pico-sdk/src/rp2_common/pico_double/double_aeabi.S.obj
                0x1000aaaa                __wrap___aeabi_dcmpun
 *fill*         0x1000aac6        0x2 
 .text.__wrap___aeabi_i2d
                0x1000aac8       0x38 CMakeFiles/wifiTest.dir/home/robin/pico/pico-sdk/src/rp2_common/pico_double/double_aeabi.S.obj
                0x1000aac8                __wrap___aeabi_ui2d
                0x1000aad0                __wrap___aeabi_i2d
 .text.__wrap___aeabi_d2iz
                0x1000ab00       0x48 CMakeFiles/wifiTest.dir/home/robin/pico/pico-sdk/src/rp2_common/pico_double/double_aeabi.S.obj
                0x1000ab00                __wrap___aeabi_d2iz
                0x1000ab00                double2int_z
 .text.__wrap___aeabi_d2uiz
                0x1000ab48       0x10 CMakeFiles/wifiTest.dir/home/robin/pico/pico-sdk/src/rp2_common/pico_double/double_aeabi.S.obj
                0x1000ab48                double2uint
                0x1000ab48                __wrap___aeabi_d2uiz
 .text.missing_double_func_shim
                0x1000ab58        0xc CMakeFiles/wifiTest.dir/home/robin/pico/pico-sdk/src/rp2_common/pico_double/double_init_rom.c.obj
 .text.__aeabi_double_init
                0x1000ab64       0x64 CMakeFiles/wifiTest.dir/home/robin/pico/pico-sdk/src/rp2_common/pico_double/double_init_rom.c.obj
                0x1000ab64                __aeabi_double_init
 .text.double_table_shim_on_use_helper
                0x1000abc8       0x2c CMakeFiles/wifiTest.dir/home/robin/pico/pico-sdk/src/rp2_common/pico_double/double_v1_rom_shim.S.obj
                0x1000abc8                double_table_shim_on_use_helper
 .text.__aeabi_lmul
                0x1000abf4       0x32 CMakeFiles/wifiTest.dir/home/robin/pico/pico-sdk/src/rp2_common/pico_int64_ops/pico_int64_ops_aeabi.S.obj
                0x1000abf4                __wrap___aeabi_lmul
 *fill*         0x1000ac26        0x2 
 .text.missing_float_func_shim
                0x1000ac28        0xc CMakeFiles/wifiTest.dir/home/robin/pico/pico-sdk/src/rp2_common/pico_float/float_init_rom.c.obj
 .text.__aeabi_float_init
                0x1000ac34       0x60 CMakeFiles/wifiTest.dir/home/robin/pico/pico-sdk/src/rp2_common/pico_float/float_init_rom.c.obj
                0x1000ac34                __aeabi_float_init
 .text          0x1000ac94       0x10 CMakeFiles/wifiTest.dir/home/robin/pico/pico-sdk/src/rp2_common/pico_mem_ops/mem_ops_aeabi.S.obj
                0x1000ac94                __aeabi_mem_init
 .text.memset   0x1000aca4        0xc CMakeFiles/wifiTest.dir/home/robin/pico/pico-sdk/src/rp2_common/pico_mem_ops/mem_ops_aeabi.S.obj
                0x1000aca4                __wrap_memset
 .text.memcpy   0x1000acb0        0xc CMakeFiles/wifiTest.dir/home/robin/pico/pico-sdk/src/rp2_common/pico_mem_ops/mem_ops_aeabi.S.obj
                0x1000acb0                __wrap___aeabi_memcpy
                0x1000acb0                __wrap_memcpy
 .text.stdio_out_chars_crlf
                0x1000acbc       0x9c CMakeFiles/wifiTest.dir/home/robin/pico/pico-sdk/src/rp2_common/pico_stdio/stdio.c.obj
 .text.stdio_stack_buffer_flush.part.1
                0x1000ad58       0xdc CMakeFiles/wifiTest.dir/home/robin/pico/pico-sdk/src/rp2_common/pico_stdio/stdio.c.obj
 .text.stdio_buffered_printer
                0x1000ae34       0x20 CMakeFiles/wifiTest.dir/home/robin/pico/pico-sdk/src/rp2_common/pico_stdio/stdio.c.obj
 .text.__wrap_putchar
                0x1000ae54       0xa0 CMakeFiles/wifiTest.dir/home/robin/pico/pico-sdk/src/rp2_common/pico_stdio/stdio.c.obj
                0x1000ae54                __wrap_putchar
 .text.__wrap_puts
                0x1000aef4       0xe8 CMakeFiles/wifiTest.dir/home/robin/pico/pico-sdk/src/rp2_common/pico_stdio/stdio.c.obj
                0x1000aef4                __wrap_puts
 .text.stdio_set_driver_enabled
                0x1000afdc       0x30 CMakeFiles/wifiTest.dir/home/robin/pico/pico-sdk/src/rp2_common/pico_stdio/stdio.c.obj
                0x1000afdc                stdio_set_driver_enabled
 .text.__wrap_vprintf
                0x1000b00c       0x94 CMakeFiles/wifiTest.dir/home/robin/pico/pico-sdk/src/rp2_common/pico_stdio/stdio.c.obj
                0x1000b00c                __wrap_vprintf
 .text.__wrap_printf
                0x1000b0a0       0x18 CMakeFiles/wifiTest.dir/home/robin/pico/pico-sdk/src/rp2_common/pico_stdio/stdio.c.obj
                0x1000b0a0                __wrap_printf
 .text.stdio_init_all
                0x1000b0b8        0xc CMakeFiles/wifiTest.dir/home/robin/pico/pico-sdk/src/rp2_common/pico_stdio/stdio.c.obj
                0x1000b0b8                stdio_init_all
 .text.stdio_uart_out_chars
                0x1000b0c4       0x4c CMakeFiles/wifiTest.dir/home/robin/pico/pico-sdk/src/rp2_common/pico_stdio_uart/stdio_uart.c.obj
 .text.stdio_uart_in_chars
                0x1000b110       0x3c CMakeFiles/wifiTest.dir/home/robin/pico/pico-sdk/src/rp2_common/pico_stdio_uart/stdio_uart.c.obj
                0x1000b110                stdio_uart_in_chars
 .text.stdio_uart_init
                0x1000b14c       0x48 CMakeFiles/wifiTest.dir/home/robin/pico/pico-sdk/src/rp2_common/pico_stdio_uart/stdio_uart.c.obj
                0x1000b14c                stdio_uart_init
 .text.resetd_init
                0x1000b194        0x4 CMakeFiles/wifiTest.dir/home/robin/pico/pico-sdk/src/rp2_common/pico_stdio_usb/reset_interface.c.obj
 .text.resetd_reset
                0x1000b198        0xc CMakeFiles/wifiTest.dir/home/robin/pico/pico-sdk/src/rp2_common/pico_stdio_usb/reset_interface.c.obj
 .text.resetd_xfer_cb
                0x1000b1a4        0x4 CMakeFiles/wifiTest.dir/home/robin/pico/pico-sdk/src/rp2_common/pico_stdio_usb/reset_interface.c.obj
 .text.resetd_open
                0x1000b1a8       0x28 CMakeFiles/wifiTest.dir/home/robin/pico/pico-sdk/src/rp2_common/pico_stdio_usb/reset_interface.c.obj
 .text.resetd_control_xfer_cb
                0x1000b1d0       0x64 CMakeFiles/wifiTest.dir/home/robin/pico/pico-sdk/src/rp2_common/pico_stdio_usb/reset_interface.c.obj
 .text.usbd_app_driver_get_cb
                0x1000b234        0xc CMakeFiles/wifiTest.dir/home/robin/pico/pico-sdk/src/rp2_common/pico_stdio_usb/reset_interface.c.obj
                0x1000b234                usbd_app_driver_get_cb
 .text.tud_cdc_line_coding_cb
                0x1000b240       0x34 CMakeFiles/wifiTest.dir/home/robin/pico/pico-sdk/src/rp2_common/pico_stdio_usb/reset_interface.c.obj
                0x1000b240                tud_cdc_line_coding_cb
 .text.stdio_usb_in_chars
                0x1000b274       0x68 CMakeFiles/wifiTest.dir/home/robin/pico/pico-sdk/src/rp2_common/pico_stdio_usb/stdio_usb.c.obj
                0x1000b274                stdio_usb_in_chars
 .text.timer_task
                0x1000b2dc       0x18 CMakeFiles/wifiTest.dir/home/robin/pico/pico-sdk/src/rp2_common/pico_stdio_usb/stdio_usb.c.obj
 .text.usb_irq  0x1000b2f4       0x10 CMakeFiles/wifiTest.dir/home/robin/pico/pico-sdk/src/rp2_common/pico_stdio_usb/stdio_usb.c.obj
 .text.low_priority_worker_irq
                0x1000b304       0x20 CMakeFiles/wifiTest.dir/home/robin/pico/pico-sdk/src/rp2_common/pico_stdio_usb/stdio_usb.c.obj
 .text.stdio_usb_out_chars
                0x1000b324       0xf0 CMakeFiles/wifiTest.dir/home/robin/pico/pico-sdk/src/rp2_common/pico_stdio_usb/stdio_usb.c.obj
 .text.stdio_usb_init
                0x1000b414       0xb0 CMakeFiles/wifiTest.dir/home/robin/pico/pico-sdk/src/rp2_common/pico_stdio_usb/stdio_usb.c.obj
                0x1000b414                stdio_usb_init
 .text.tud_descriptor_device_cb
                0x1000b4c4        0x8 CMakeFiles/wifiTest.dir/home/robin/pico/pico-sdk/src/rp2_common/pico_stdio_usb/stdio_usb_descriptors.c.obj
                0x1000b4c4                tud_descriptor_device_cb
 .text.tud_descriptor_configuration_cb
                0x1000b4cc        0x8 CMakeFiles/wifiTest.dir/home/robin/pico/pico-sdk/src/rp2_common/pico_stdio_usb/stdio_usb_descriptors.c.obj
                0x1000b4cc                tud_descriptor_configuration_cb
 .text.tud_descriptor_string_cb
                0x1000b4d4       0x70 CMakeFiles/wifiTest.dir/home/robin/pico/pico-sdk/src/rp2_common/pico_stdio_usb/stdio_usb_descriptors.c.obj
                0x1000b4d4                tud_descriptor_string_cb
 .text.dcd_rp2040_irq
                0x1000b544      0x21c CMakeFiles/wifiTest.dir/home/robin/pico/pico-sdk/lib/tinyusb/src/portable/raspberrypi/rp2040/dcd_rp2040.c.obj
 .text.dcd_int_enable
                0x1000b760        0xc CMakeFiles/wifiTest.dir/home/robin/pico/pico-sdk/lib/tinyusb/src/portable/raspberrypi/rp2040/dcd_rp2040.c.obj
                0x1000b760                dcd_int_enable
 .text.dcd_set_address
                0x1000b76c       0x14 CMakeFiles/wifiTest.dir/home/robin/pico/pico-sdk/lib/tinyusb/src/portable/raspberrypi/rp2040/dcd_rp2040.c.obj
                0x1000b76c                dcd_set_address
 .text.dcd_connect
                0x1000b780       0x10 CMakeFiles/wifiTest.dir/home/robin/pico/pico-sdk/lib/tinyusb/src/portable/raspberrypi/rp2040/dcd_rp2040.c.obj
                0x1000b780                dcd_connect
 .text.dcd_init
                0x1000b790      0x144 CMakeFiles/wifiTest.dir/home/robin/pico/pico-sdk/lib/tinyusb/src/portable/raspberrypi/rp2040/dcd_rp2040.c.obj
                0x1000b790                dcd_init
 .text.dcd_edpt0_status_complete
                0x1000b8d4       0x1c CMakeFiles/wifiTest.dir/home/robin/pico/pico-sdk/lib/tinyusb/src/portable/raspberrypi/rp2040/dcd_rp2040.c.obj
                0x1000b8d4                dcd_edpt0_status_complete
 .text.dcd_edpt_open
                0x1000b8f0       0xf0 CMakeFiles/wifiTest.dir/home/robin/pico/pico-sdk/lib/tinyusb/src/portable/raspberrypi/rp2040/dcd_rp2040.c.obj
                0x1000b8f0                dcd_edpt_open
 .text.dcd_edpt_close_all
                0x1000b9e0       0xbc CMakeFiles/wifiTest.dir/home/robin/pico/pico-sdk/lib/tinyusb/src/portable/raspberrypi/rp2040/dcd_rp2040.c.obj
                0x1000b9e0                dcd_edpt_close_all
 .text.dcd_edpt_xfer
                0x1000ba9c       0x24 CMakeFiles/wifiTest.dir/home/robin/pico/pico-sdk/lib/tinyusb/src/portable/raspberrypi/rp2040/dcd_rp2040.c.obj
                0x1000ba9c                dcd_edpt_xfer
 .text.dcd_edpt_stall
                0x1000bac0       0x34 CMakeFiles/wifiTest.dir/home/robin/pico/pico-sdk/lib/tinyusb/src/portable/raspberrypi/rp2040/dcd_rp2040.c.obj
                0x1000bac0                dcd_edpt_stall
 .text.dcd_edpt_clear_stall
                0x1000baf4       0x2c CMakeFiles/wifiTest.dir/home/robin/pico/pico-sdk/lib/tinyusb/src/portable/raspberrypi/rp2040/dcd_rp2040.c.obj
                0x1000baf4                dcd_edpt_clear_stall
 .text.rp2040_usb_init
                0x1000bb20       0x4c CMakeFiles/wifiTest.dir/home/robin/pico/pico-sdk/lib/tinyusb/src/portable/raspberrypi/rp2040/rp2040_usb.c.obj
                0x1000bb20                rp2040_usb_init
 .text.hw_endpoint_reset_transfer
                0x1000bb6c        0xc CMakeFiles/wifiTest.dir/home/robin/pico/pico-sdk/lib/tinyusb/src/portable/raspberrypi/rp2040/rp2040_usb.c.obj
                0x1000bb6c                hw_endpoint_reset_transfer
 .text._hw_endpoint_buffer_control_update32
                0x1000bb78       0x58 CMakeFiles/wifiTest.dir/home/robin/pico/pico-sdk/lib/tinyusb/src/portable/raspberrypi/rp2040/rp2040_usb.c.obj
                0x1000bb78                _hw_endpoint_buffer_control_update32
 .text.hw_endpoint_xfer_start
                0x1000bbd0      0x14c CMakeFiles/wifiTest.dir/home/robin/pico/pico-sdk/lib/tinyusb/src/portable/raspberrypi/rp2040/rp2040_usb.c.obj
                0x1000bbd0                hw_endpoint_xfer_start
 .text.hw_endpoint_xfer_continue
                0x1000bd1c      0x200 CMakeFiles/wifiTest.dir/home/robin/pico/pico-sdk/lib/tinyusb/src/portable/raspberrypi/rp2040/rp2040_usb.c.obj
                0x1000bd1c                hw_endpoint_xfer_continue
 .text.tud_mounted
                0x1000bf1c       0x10 CMakeFiles/wifiTest.dir/home/robin/pico/pico-sdk/lib/tinyusb/src/device/usbd.c.obj
                0x1000bf1c                tud_mounted
 .text.tud_suspended
                0x1000bf2c       0x10 CMakeFiles/wifiTest.dir/home/robin/pico/pico-sdk/lib/tinyusb/src/device/usbd.c.obj
                0x1000bf2c                tud_suspended
 .text.tud_inited
                0x1000bf3c        0xc CMakeFiles/wifiTest.dir/home/robin/pico/pico-sdk/lib/tinyusb/src/device/usbd.c.obj
                0x1000bf3c                tud_inited
 .text.tud_init
                0x1000bf48       0xdc CMakeFiles/wifiTest.dir/home/robin/pico/pico-sdk/lib/tinyusb/src/device/usbd.c.obj
                0x1000bf48                tud_init
 .text.tud_task
                0x1000c024      0x938 CMakeFiles/wifiTest.dir/home/robin/pico/pico-sdk/lib/tinyusb/src/device/usbd.c.obj
                0x1000c024                tud_task
 .text.dcd_event_bus_signal
                0x1000c95c      0x124 CMakeFiles/wifiTest.dir/home/robin/pico/pico-sdk/lib/tinyusb/src/device/usbd.c.obj
                0x1000c95c                dcd_event_bus_signal
 .text.dcd_event_bus_reset
                0x1000ca80       0x58 CMakeFiles/wifiTest.dir/home/robin/pico/pico-sdk/lib/tinyusb/src/device/usbd.c.obj
                0x1000ca80                dcd_event_bus_reset
 .text.dcd_event_setup_received
                0x1000cad8       0x50 CMakeFiles/wifiTest.dir/home/robin/pico/pico-sdk/lib/tinyusb/src/device/usbd.c.obj
                0x1000cad8                dcd_event_setup_received
 .text.dcd_event_xfer_complete
                0x1000cb28       0x68 CMakeFiles/wifiTest.dir/home/robin/pico/pico-sdk/lib/tinyusb/src/device/usbd.c.obj
                0x1000cb28                dcd_event_xfer_complete
 .text.usbd_open_edpt_pair
                0x1000cb90       0xa4 CMakeFiles/wifiTest.dir/home/robin/pico/pico-sdk/lib/tinyusb/src/device/usbd.c.obj
                0x1000cb90                usbd_open_edpt_pair
 .text.usbd_edpt_open
                0x1000cc34       0x30 CMakeFiles/wifiTest.dir/home/robin/pico/pico-sdk/lib/tinyusb/src/device/usbd.c.obj
                0x1000cc34                usbd_edpt_open
 .text.usbd_edpt_claim
                0x1000cc64       0x5c CMakeFiles/wifiTest.dir/home/robin/pico/pico-sdk/lib/tinyusb/src/device/usbd.c.obj
                0x1000cc64                usbd_edpt_claim
 .text.usbd_edpt_release
                0x1000ccc0       0x4c CMakeFiles/wifiTest.dir/home/robin/pico/pico-sdk/lib/tinyusb/src/device/usbd.c.obj
                0x1000ccc0                usbd_edpt_release
 .text.usbd_edpt_xfer
                0x1000cd0c       0x48 CMakeFiles/wifiTest.dir/home/robin/pico/pico-sdk/lib/tinyusb/src/device/usbd.c.obj
                0x1000cd0c                usbd_edpt_xfer
 .text.tud_control_status
                0x1000cd54       0x30 CMakeFiles/wifiTest.dir/home/robin/pico/pico-sdk/lib/tinyusb/src/device/usbd_control.c.obj
                0x1000cd54                tud_control_status
 .text.tud_control_xfer
                0x1000cd84       0xb4 CMakeFiles/wifiTest.dir/home/robin/pico/pico-sdk/lib/tinyusb/src/device/usbd_control.c.obj
                0x1000cd84                tud_control_xfer
 .text.usbd_control_reset
                0x1000ce38       0x14 CMakeFiles/wifiTest.dir/home/robin/pico/pico-sdk/lib/tinyusb/src/device/usbd_control.c.obj
                0x1000ce38                usbd_control_reset
 .text.usbd_control_set_complete_callback
                0x1000ce4c        0xc CMakeFiles/wifiTest.dir/home/robin/pico/pico-sdk/lib/tinyusb/src/device/usbd_control.c.obj
                0x1000ce4c                usbd_control_set_complete_callback
 .text.usbd_control_set_request
                0x1000ce58       0x1c CMakeFiles/wifiTest.dir/home/robin/pico/pico-sdk/lib/tinyusb/src/device/usbd_control.c.obj
                0x1000ce58                usbd_control_set_request
 .text.usbd_control_xfer_cb
                0x1000ce74       0xfc CMakeFiles/wifiTest.dir/home/robin/pico/pico-sdk/lib/tinyusb/src/device/usbd_control.c.obj
                0x1000ce74                usbd_control_xfer_cb
 .text.tud_cdc_n_connected
                0x1000cf70       0x30 CMakeFiles/wifiTest.dir/home/robin/pico/pico-sdk/lib/tinyusb/src/class/cdc/cdc_device.c.obj
                0x1000cf70                tud_cdc_n_connected
 .text.tud_cdc_n_available
                0x1000cfa0       0x1c CMakeFiles/wifiTest.dir/home/robin/pico/pico-sdk/lib/tinyusb/src/class/cdc/cdc_device.c.obj
                0x1000cfa0                tud_cdc_n_available
 .text.tud_cdc_n_read
                0x1000cfbc       0x70 CMakeFiles/wifiTest.dir/home/robin/pico/pico-sdk/lib/tinyusb/src/class/cdc/cdc_device.c.obj
                0x1000cfbc                tud_cdc_n_read
 .text.tud_cdc_n_write
                0x1000d02c       0x90 CMakeFiles/wifiTest.dir/home/robin/pico/pico-sdk/lib/tinyusb/src/class/cdc/cdc_device.c.obj
                0x1000d02c                tud_cdc_n_write
 .text.tud_cdc_n_write_flush
                0x1000d0bc       0x78 CMakeFiles/wifiTest.dir/home/robin/pico/pico-sdk/lib/tinyusb/src/class/cdc/cdc_device.c.obj
                0x1000d0bc                tud_cdc_n_write_flush
 .text.tud_cdc_n_write_available
                0x1000d134       0x1c CMakeFiles/wifiTest.dir/home/robin/pico/pico-sdk/lib/tinyusb/src/class/cdc/cdc_device.c.obj
                0x1000d134                tud_cdc_n_write_available
 .text.cdcd_init
                0x1000d150       0x7c CMakeFiles/wifiTest.dir/home/robin/pico/pico-sdk/lib/tinyusb/src/class/cdc/cdc_device.c.obj
                0x1000d150                cdcd_init
 .text.cdcd_reset
                0x1000d1cc       0x2c CMakeFiles/wifiTest.dir/home/robin/pico/pico-sdk/lib/tinyusb/src/class/cdc/cdc_device.c.obj
                0x1000d1cc                cdcd_reset
 .text.cdcd_open
                0x1000d1f8       0xe4 CMakeFiles/wifiTest.dir/home/robin/pico/pico-sdk/lib/tinyusb/src/class/cdc/cdc_device.c.obj
                0x1000d1f8                cdcd_open
 .text.cdcd_control_xfer_cb
                0x1000d2dc       0xe4 CMakeFiles/wifiTest.dir/home/robin/pico/pico-sdk/lib/tinyusb/src/class/cdc/cdc_device.c.obj
                0x1000d2dc                cdcd_control_xfer_cb
 .text.cdcd_xfer_cb
                0x1000d3c0      0x198 CMakeFiles/wifiTest.dir/home/robin/pico/pico-sdk/lib/tinyusb/src/class/cdc/cdc_device.c.obj
                0x1000d3c0                cdcd_xfer_cb
 .text.tusb_init
                0x1000d558        0xc CMakeFiles/wifiTest.dir/home/robin/pico/pico-sdk/lib/tinyusb/src/tusb.c.obj
                0x1000d558                tusb_init
 .text.tusb_inited
                0x1000d564        0x8 CMakeFiles/wifiTest.dir/home/robin/pico/pico-sdk/lib/tinyusb/src/tusb.c.obj
                0x1000d564                tusb_inited
 .text.tu_edpt_validate
                0x1000d56c       0x78 CMakeFiles/wifiTest.dir/home/robin/pico/pico-sdk/lib/tinyusb/src/tusb.c.obj
                0x1000d56c                tu_edpt_validate
 .text.tu_edpt_bind_driver
                0x1000d5e4       0x2c CMakeFiles/wifiTest.dir/home/robin/pico/pico-sdk/lib/tinyusb/src/tusb.c.obj
                0x1000d5e4                tu_edpt_bind_driver
 .text.tu_fifo_config
                0x1000d610       0x78 CMakeFiles/wifiTest.dir/home/robin/pico/pico-sdk/lib/tinyusb/src/common/tusb_fifo.c.obj
                0x1000d610                tu_fifo_config
 .text.tu_fifo_count
                0x1000d688       0x24 CMakeFiles/wifiTest.dir/home/robin/pico/pico-sdk/lib/tinyusb/src/common/tusb_fifo.c.obj
                0x1000d688                tu_fifo_count
 .text.tu_fifo_empty
                0x1000d6ac       0x10 CMakeFiles/wifiTest.dir/home/robin/pico/pico-sdk/lib/tinyusb/src/common/tusb_fifo.c.obj
                0x1000d6ac                tu_fifo_empty
 .text.tu_fifo_remaining
                0x1000d6bc       0x20 CMakeFiles/wifiTest.dir/home/robin/pico/pico-sdk/lib/tinyusb/src/common/tusb_fifo.c.obj
                0x1000d6bc                tu_fifo_remaining
 .text.tu_fifo_read
                0x1000d6dc       0x9c CMakeFiles/wifiTest.dir/home/robin/pico/pico-sdk/lib/tinyusb/src/common/tusb_fifo.c.obj
                0x1000d6dc                tu_fifo_read
 .text.tu_fifo_read_n
                0x1000d778       0xf0 CMakeFiles/wifiTest.dir/home/robin/pico/pico-sdk/lib/tinyusb/src/common/tusb_fifo.c.obj
                0x1000d778                tu_fifo_read_n
 .text.tu_fifo_write
                0x1000d868       0x80 CMakeFiles/wifiTest.dir/home/robin/pico/pico-sdk/lib/tinyusb/src/common/tusb_fifo.c.obj
                0x1000d868                tu_fifo_write
 .text.tu_fifo_write_n
                0x1000d8e8       0xe8 CMakeFiles/wifiTest.dir/home/robin/pico/pico-sdk/lib/tinyusb/src/common/tusb_fifo.c.obj
                0x1000d8e8                tu_fifo_write_n
 .text.tu_fifo_clear
                0x1000d9d0       0x4c CMakeFiles/wifiTest.dir/home/robin/pico/pico-sdk/lib/tinyusb/src/common/tusb_fifo.c.obj
                0x1000d9d0                tu_fifo_clear
 .text.tu_fifo_set_overwritable
                0x1000da1c       0x3c CMakeFiles/wifiTest.dir/home/robin/pico/pico-sdk/lib/tinyusb/src/common/tusb_fifo.c.obj
                0x1000da1c                tu_fifo_set_overwritable
 .text.pio_sm_unclaim
                0x1000da58       0x20 CMakeFiles/wifiTest.dir/home/robin/pico/pico-sdk/src/rp2_common/hardware_pio/pio.c.obj
                0x1000da58                pio_sm_unclaim
 .text.pio_claim_unused_sm
                0x1000da78       0x3c CMakeFiles/wifiTest.dir/home/robin/pico/pico-sdk/src/rp2_common/hardware_pio/pio.c.obj
                0x1000da78                pio_claim_unused_sm
 .text.pio_can_add_program
                0x1000dab4       0x68 CMakeFiles/wifiTest.dir/home/robin/pico/pico-sdk/src/rp2_common/hardware_pio/pio.c.obj
                0x1000dab4                pio_can_add_program
 .text.pio_add_program
                0x1000db1c       0xec CMakeFiles/wifiTest.dir/home/robin/pico/pico-sdk/src/rp2_common/hardware_pio/pio.c.obj
                0x1000db1c                pio_add_program
 .text.pio_remove_program
                0x1000dc08       0x34 CMakeFiles/wifiTest.dir/home/robin/pico/pico-sdk/src/rp2_common/hardware_pio/pio.c.obj
                0x1000dc08                pio_remove_program
 .text.pio_sm_set_pindirs_with_mask
                0x1000dc3c       0x88 CMakeFiles/wifiTest.dir/home/robin/pico/pico-sdk/src/rp2_common/hardware_pio/pio.c.obj
                0x1000dc3c                pio_sm_set_pindirs_with_mask
 .text.pio_sm_set_consecutive_pindirs
                0x1000dcc4       0x88 CMakeFiles/wifiTest.dir/home/robin/pico/pico-sdk/src/rp2_common/hardware_pio/pio.c.obj
                0x1000dcc4                pio_sm_set_consecutive_pindirs
 .text.dma_channel_unclaim
                0x1000dd4c       0x10 CMakeFiles/wifiTest.dir/home/robin/pico/pico-sdk/src/rp2_common/hardware_dma/dma.c.obj
                0x1000dd4c                dma_channel_unclaim
 .text.dma_claim_unused_channel
                0x1000dd5c       0x20 CMakeFiles/wifiTest.dir/home/robin/pico/pico-sdk/src/rp2_common/hardware_dma/dma.c.obj
                0x1000dd5c                dma_claim_unused_channel
 .text.lwip_init
                0x1000dd7c       0x24 CMakeFiles/wifiTest.dir/home/robin/pico/pico-sdk/lib/lwip/src/core/init.c.obj
                0x1000dd7c                lwip_init
 .text.lwip_htons
                0x1000dda0        0x8 CMakeFiles/wifiTest.dir/home/robin/pico/pico-sdk/lib/lwip/src/core/def.c.obj
                0x1000dda0                lwip_htons
 .text.lwip_htonl
                0x1000dda8        0x4 CMakeFiles/wifiTest.dir/home/robin/pico/pico-sdk/lib/lwip/src/core/def.c.obj
                0x1000dda8                lwip_htonl
 .text.dns_send
                0x1000ddac      0x250 CMakeFiles/wifiTest.dir/home/robin/pico/pico-sdk/lib/lwip/src/core/dns.c.obj
 .text.dns_init
                0x1000dffc        0x4 CMakeFiles/wifiTest.dir/home/robin/pico/pico-sdk/lib/lwip/src/core/dns.c.obj
                0x1000dffc                dns_init
 .text.dns_setserver
                0x1000e000       0x2c CMakeFiles/wifiTest.dir/home/robin/pico/pico-sdk/lib/lwip/src/core/dns.c.obj
                0x1000e000                dns_setserver
 .text.dns_tmr  0x1000e02c      0x20c CMakeFiles/wifiTest.dir/home/robin/pico/pico-sdk/lib/lwip/src/core/dns.c.obj
                0x1000e02c                dns_tmr
 .text.inet_chksum_pseudo
                0x1000e238      0x1b0 CMakeFiles/wifiTest.dir/home/robin/pico/pico-sdk/lib/lwip/src/core/inet_chksum.c.obj
                0x1000e238                inet_chksum_pseudo
 .text.ip_chksum_pseudo
                0x1000e3e8       0x10 CMakeFiles/wifiTest.dir/home/robin/pico/pico-sdk/lib/lwip/src/core/inet_chksum.c.obj
                0x1000e3e8                ip_chksum_pseudo
 .text.inet_chksum
                0x1000e3f8       0xd8 CMakeFiles/wifiTest.dir/home/robin/pico/pico-sdk/lib/lwip/src/core/inet_chksum.c.obj
                0x1000e3f8                inet_chksum
 .text.inet_chksum_pbuf
                0x1000e4d0      0x170 CMakeFiles/wifiTest.dir/home/robin/pico/pico-sdk/lib/lwip/src/core/inet_chksum.c.obj
                0x1000e4d0                inet_chksum_pbuf
 .text.mem_init
                0x1000e640       0x40 CMakeFiles/wifiTest.dir/home/robin/pico/pico-sdk/lib/lwip/src/core/mem.c.obj
                0x1000e640                mem_init
 .text.mem_free
                0x1000e680       0xe8 CMakeFiles/wifiTest.dir/home/robin/pico/pico-sdk/lib/lwip/src/core/mem.c.obj
                0x1000e680                mem_free
 .text.mem_trim
                0x1000e768       0xd8 CMakeFiles/wifiTest.dir/home/robin/pico/pico-sdk/lib/lwip/src/core/mem.c.obj
                0x1000e768                mem_trim
 .text.mem_malloc
                0x1000e840       0xdc CMakeFiles/wifiTest.dir/home/robin/pico/pico-sdk/lib/lwip/src/core/mem.c.obj
                0x1000e840                mem_malloc
 .text.memp_init
                0x1000e91c       0x6c CMakeFiles/wifiTest.dir/home/robin/pico/pico-sdk/lib/lwip/src/core/memp.c.obj
                0x1000e91c                memp_init
 .text.memp_malloc
                0x1000e988       0x34 CMakeFiles/wifiTest.dir/home/robin/pico/pico-sdk/lib/lwip/src/core/memp.c.obj
                0x1000e988                memp_malloc
 .text.memp_free
                0x1000e9bc       0x28 CMakeFiles/wifiTest.dir/home/robin/pico/pico-sdk/lib/lwip/src/core/memp.c.obj
                0x1000e9bc                memp_free
 .text.netif_null_output_ip4
                0x1000e9e4        0x8 CMakeFiles/wifiTest.dir/home/robin/pico/pico-sdk/lib/lwip/src/core/netif.c.obj
 .text.netif_init
                0x1000e9ec        0x4 CMakeFiles/wifiTest.dir/home/robin/pico/pico-sdk/lib/lwip/src/core/netif.c.obj
                0x1000e9ec                netif_init
 .text.netif_set_addr
                0x1000e9f0       0xf4 CMakeFiles/wifiTest.dir/home/robin/pico/pico-sdk/lib/lwip/src/core/netif.c.obj
                0x1000e9f0                netif_set_addr
 .text.netif_add
                0x1000eae4       0xf4 CMakeFiles/wifiTest.dir/home/robin/pico/pico-sdk/lib/lwip/src/core/netif.c.obj
                0x1000eae4                netif_add
 .text.netif_remove
                0x1000ebd8       0x9c CMakeFiles/wifiTest.dir/home/robin/pico/pico-sdk/lib/lwip/src/core/netif.c.obj
                0x1000ebd8                netif_remove
 .text.netif_set_default
                0x1000ec74        0xc CMakeFiles/wifiTest.dir/home/robin/pico/pico-sdk/lib/lwip/src/core/netif.c.obj
                0x1000ec74                netif_set_default
 .text.netif_set_up
                0x1000ec80       0x3c CMakeFiles/wifiTest.dir/home/robin/pico/pico-sdk/lib/lwip/src/core/netif.c.obj
                0x1000ec80                netif_set_up
 .text.netif_set_link_up
                0x1000ecbc       0x44 CMakeFiles/wifiTest.dir/home/robin/pico/pico-sdk/lib/lwip/src/core/netif.c.obj
                0x1000ecbc                netif_set_link_up
 .text.netif_set_link_down
                0x1000ed00       0x20 CMakeFiles/wifiTest.dir/home/robin/pico/pico-sdk/lib/lwip/src/core/netif.c.obj
                0x1000ed00                netif_set_link_down
 .text.netif_get_by_index
                0x1000ed20       0x38 CMakeFiles/wifiTest.dir/home/robin/pico/pico-sdk/lib/lwip/src/core/netif.c.obj
                0x1000ed20                netif_get_by_index
 .text.pbuf_free_ooseq
                0x1000ed58       0x34 CMakeFiles/wifiTest.dir/home/robin/pico/pico-sdk/lib/lwip/src/core/pbuf.c.obj
                0x1000ed58                pbuf_free_ooseq
 .text.pbuf_alloc
                0x1000ed8c      0x16c CMakeFiles/wifiTest.dir/home/robin/pico/pico-sdk/lib/lwip/src/core/pbuf.c.obj
                0x1000ed8c                pbuf_alloc
 .text.pbuf_realloc
                0x1000eef8       0xb0 CMakeFiles/wifiTest.dir/home/robin/pico/pico-sdk/lib/lwip/src/core/pbuf.c.obj
                0x1000eef8                pbuf_realloc
 .text.pbuf_add_header
                0x1000efa8       0x50 CMakeFiles/wifiTest.dir/home/robin/pico/pico-sdk/lib/lwip/src/core/pbuf.c.obj
                0x1000efa8                pbuf_add_header
 .text.pbuf_remove_header
                0x1000eff8       0x3c CMakeFiles/wifiTest.dir/home/robin/pico/pico-sdk/lib/lwip/src/core/pbuf.c.obj
                0x1000eff8                pbuf_remove_header
 .text.pbuf_header_force
                0x1000f034       0x70 CMakeFiles/wifiTest.dir/home/robin/pico/pico-sdk/lib/lwip/src/core/pbuf.c.obj
                0x1000f034                pbuf_header_force
 .text.pbuf_free
                0x1000f0a4       0x64 CMakeFiles/wifiTest.dir/home/robin/pico/pico-sdk/lib/lwip/src/core/pbuf.c.obj
                0x1000f0a4                pbuf_free
 .text.pbuf_clen
                0x1000f108       0x14 CMakeFiles/wifiTest.dir/home/robin/pico/pico-sdk/lib/lwip/src/core/pbuf.c.obj
                0x1000f108                pbuf_clen
 .text.pbuf_ref
                0x1000f11c       0x18 CMakeFiles/wifiTest.dir/home/robin/pico/pico-sdk/lib/lwip/src/core/pbuf.c.obj
                0x1000f11c                pbuf_ref
 .text.pbuf_cat
                0x1000f134       0x34 CMakeFiles/wifiTest.dir/home/robin/pico/pico-sdk/lib/lwip/src/core/pbuf.c.obj
                0x1000f134                pbuf_cat
 .text.pbuf_chain
                0x1000f168       0x4c CMakeFiles/wifiTest.dir/home/robin/pico/pico-sdk/lib/lwip/src/core/pbuf.c.obj
                0x1000f168                pbuf_chain
 .text.pbuf_copy_partial_pbuf
                0x1000f1b4      0x134 CMakeFiles/wifiTest.dir/home/robin/pico/pico-sdk/lib/lwip/src/core/pbuf.c.obj
                0x1000f1b4                pbuf_copy_partial_pbuf
 .text.pbuf_copy
                0x1000f2e8       0x18 CMakeFiles/wifiTest.dir/home/robin/pico/pico-sdk/lib/lwip/src/core/pbuf.c.obj
                0x1000f2e8                pbuf_copy
 .text.pbuf_copy_partial
                0x1000f300       0x64 CMakeFiles/wifiTest.dir/home/robin/pico/pico-sdk/lib/lwip/src/core/pbuf.c.obj
                0x1000f300                pbuf_copy_partial
 .text.pbuf_take
                0x1000f364       0x54 CMakeFiles/wifiTest.dir/home/robin/pico/pico-sdk/lib/lwip/src/core/pbuf.c.obj
                0x1000f364                pbuf_take
 .text.pbuf_take_at
                0x1000f3b8       0xa0 CMakeFiles/wifiTest.dir/home/robin/pico/pico-sdk/lib/lwip/src/core/pbuf.c.obj
                0x1000f3b8                pbuf_take_at
 .text.pbuf_clone
                0x1000f458      0x188 CMakeFiles/wifiTest.dir/home/robin/pico/pico-sdk/lib/lwip/src/core/pbuf.c.obj
                0x1000f458                pbuf_clone
 .text.pbuf_put_at
                0x1000f5e0       0x1c CMakeFiles/wifiTest.dir/home/robin/pico/pico-sdk/lib/lwip/src/core/pbuf.c.obj
                0x1000f5e0                pbuf_put_at
 .text.raw_input
                0x1000f5fc      0x128 CMakeFiles/wifiTest.dir/home/robin/pico/pico-sdk/lib/lwip/src/core/raw.c.obj
                0x1000f5fc                raw_input
 .text.raw_netif_ip_addr_changed
                0x1000f724       0x40 CMakeFiles/wifiTest.dir/home/robin/pico/pico-sdk/lib/lwip/src/core/raw.c.obj
                0x1000f724                raw_netif_ip_addr_changed
 .text.stats_init
                0x1000f764        0x4 CMakeFiles/wifiTest.dir/home/robin/pico/pico-sdk/lib/lwip/src/core/stats.c.obj
                0x1000f764                stats_init
 .text.tcp_pcb_purge.part.1
                0x1000f768       0xc4 CMakeFiles/wifiTest.dir/home/robin/pico/pico-sdk/lib/lwip/src/core/tcp.c.obj
 .text.tcp_recv_null
                0x1000f82c      0x2c4 CMakeFiles/wifiTest.dir/home/robin/pico/pico-sdk/lib/lwip/src/core/tcp.c.obj
                0x1000f82c                tcp_recv_null
 .text.tcp_init
                0x1000faf0       0x20 CMakeFiles/wifiTest.dir/home/robin/pico/pico-sdk/lib/lwip/src/core/tcp.c.obj
                0x1000faf0                tcp_init
 .text.tcp_free
                0x1000fb10        0xc CMakeFiles/wifiTest.dir/home/robin/pico/pico-sdk/lib/lwip/src/core/tcp.c.obj
                0x1000fb10                tcp_free
 .text.tcp_abandon
                0x1000fb1c      0x210 CMakeFiles/wifiTest.dir/home/robin/pico/pico-sdk/lib/lwip/src/core/tcp.c.obj
                0x1000fb1c                tcp_abandon
 .text.tcp_abort
                0x1000fd2c        0xc CMakeFiles/wifiTest.dir/home/robin/pico/pico-sdk/lib/lwip/src/core/tcp.c.obj
                0x1000fd2c                tcp_abort
 .text.tcp_update_rcv_ann_wnd
                0x1000fd38       0x3c CMakeFiles/wifiTest.dir/home/robin/pico/pico-sdk/lib/lwip/src/core/tcp.c.obj
                0x1000fd38                tcp_update_rcv_ann_wnd
 .text.tcp_slowtmr
                0x1000fd74      0x418 CMakeFiles/wifiTest.dir/home/robin/pico/pico-sdk/lib/lwip/src/core/tcp.c.obj
                0x1000fd74                tcp_slowtmr
 .text.tcp_fasttmr
                0x1001018c      0x1a0 CMakeFiles/wifiTest.dir/home/robin/pico/pico-sdk/lib/lwip/src/core/tcp.c.obj
                0x1001018c                tcp_fasttmr
 .text.tcp_tmr  0x1001032c       0x20 CMakeFiles/wifiTest.dir/home/robin/pico/pico-sdk/lib/lwip/src/core/tcp.c.obj
                0x1001032c                tcp_tmr
 .text.tcp_process_refused_data
                0x1001034c       0xe8 CMakeFiles/wifiTest.dir/home/robin/pico/pico-sdk/lib/lwip/src/core/tcp.c.obj
                0x1001034c                tcp_process_refused_data
 .text.tcp_segs_free
                0x10010434       0x38 CMakeFiles/wifiTest.dir/home/robin/pico/pico-sdk/lib/lwip/src/core/tcp.c.obj
                0x10010434                tcp_segs_free
 .text.tcp_seg_free
                0x1001046c       0x1c CMakeFiles/wifiTest.dir/home/robin/pico/pico-sdk/lib/lwip/src/core/tcp.c.obj
                0x1001046c                tcp_seg_free
 .text.tcp_seg_copy
                0x10010488       0x20 CMakeFiles/wifiTest.dir/home/robin/pico/pico-sdk/lib/lwip/src/core/tcp.c.obj
                0x10010488                tcp_seg_copy
 .text.tcp_alloc
                0x100104a8      0x224 CMakeFiles/wifiTest.dir/home/robin/pico/pico-sdk/lib/lwip/src/core/tcp.c.obj
                0x100104a8                tcp_alloc
 .text.tcp_pcb_purge
                0x100106cc       0x18 CMakeFiles/wifiTest.dir/home/robin/pico/pico-sdk/lib/lwip/src/core/tcp.c.obj
                0x100106cc                tcp_pcb_purge
 .text.tcp_pcb_remove
                0x100106e4       0x70 CMakeFiles/wifiTest.dir/home/robin/pico/pico-sdk/lib/lwip/src/core/tcp.c.obj
                0x100106e4                tcp_pcb_remove
 .text.tcp_next_iss
                0x10010754       0x18 CMakeFiles/wifiTest.dir/home/robin/pico/pico-sdk/lib/lwip/src/core/tcp.c.obj
                0x10010754                tcp_next_iss
 .text.tcp_eff_send_mss_netif
                0x1001076c       0x24 CMakeFiles/wifiTest.dir/home/robin/pico/pico-sdk/lib/lwip/src/core/tcp.c.obj
                0x1001076c                tcp_eff_send_mss_netif
 .text.tcp_netif_ip_addr_changed
                0x10010790       0x98 CMakeFiles/wifiTest.dir/home/robin/pico/pico-sdk/lib/lwip/src/core/tcp.c.obj
                0x10010790                tcp_netif_ip_addr_changed
 .text.tcp_free_ooseq
                0x10010828       0x40 CMakeFiles/wifiTest.dir/home/robin/pico/pico-sdk/lib/lwip/src/core/tcp.c.obj
                0x10010828                tcp_free_ooseq
 .text.tcp_oos_insert_segment
                0x10010868       0xc0 CMakeFiles/wifiTest.dir/home/robin/pico/pico-sdk/lib/lwip/src/core/tcp_in.c.obj
 .text.tcp_parseopt.isra.0
                0x10010928      0x178 CMakeFiles/wifiTest.dir/home/robin/pico/pico-sdk/lib/lwip/src/core/tcp_in.c.obj
 .text.unlikely.tcp_input_delayed_close.part.1
                0x10010aa0       0x30 CMakeFiles/wifiTest.dir/home/robin/pico/pico-sdk/lib/lwip/src/core/tcp_in.c.obj
 .text.tcp_receive
                0x10010ad0      0xa2c CMakeFiles/wifiTest.dir/home/robin/pico/pico-sdk/lib/lwip/src/core/tcp_in.c.obj
 .text.tcp_input
                0x100114fc      0xc90 CMakeFiles/wifiTest.dir/home/robin/pico/pico-sdk/lib/lwip/src/core/tcp_in.c.obj
                0x100114fc                tcp_input
 .text.tcp_trigger_input_pcb_close
                0x1001218c       0x10 CMakeFiles/wifiTest.dir/home/robin/pico/pico-sdk/lib/lwip/src/core/tcp_in.c.obj
                0x1001218c                tcp_trigger_input_pcb_close
 .text.tcp_split_unsent_seg
                0x1001219c      0x23c CMakeFiles/wifiTest.dir/home/robin/pico/pico-sdk/lib/lwip/src/core/tcp_out.c.obj
                0x1001219c                tcp_split_unsent_seg
 .text.tcp_send_fin
                0x100123d8      0x168 CMakeFiles/wifiTest.dir/home/robin/pico/pico-sdk/lib/lwip/src/core/tcp_out.c.obj
                0x100123d8                tcp_send_fin
 .text.tcp_enqueue_flags
                0x10012540      0x16c CMakeFiles/wifiTest.dir/home/robin/pico/pico-sdk/lib/lwip/src/core/tcp_out.c.obj
                0x10012540                tcp_enqueue_flags
 .text.tcp_rexmit_rto_prepare
                0x100126ac       0x88 CMakeFiles/wifiTest.dir/home/robin/pico/pico-sdk/lib/lwip/src/core/tcp_out.c.obj
                0x100126ac                tcp_rexmit_rto_prepare
 .text.tcp_rexmit
                0x10012734       0x90 CMakeFiles/wifiTest.dir/home/robin/pico/pico-sdk/lib/lwip/src/core/tcp_out.c.obj
                0x10012734                tcp_rexmit
 .text.tcp_rexmit_fast
                0x100127c4       0xd4 CMakeFiles/wifiTest.dir/home/robin/pico/pico-sdk/lib/lwip/src/core/tcp_out.c.obj
                0x100127c4                tcp_rexmit_fast
 .text.tcp_rst  0x10012898      0x138 CMakeFiles/wifiTest.dir/home/robin/pico/pico-sdk/lib/lwip/src/core/tcp_out.c.obj
                0x10012898                tcp_rst
 .text.tcp_rst_netif
                0x100129d0       0xf4 CMakeFiles/wifiTest.dir/home/robin/pico/pico-sdk/lib/lwip/src/core/tcp_out.c.obj
                0x100129d0                tcp_rst_netif
 .text.tcp_send_empty_ack
                0x10012ac4      0x14c CMakeFiles/wifiTest.dir/home/robin/pico/pico-sdk/lib/lwip/src/core/tcp_out.c.obj
                0x10012ac4                tcp_send_empty_ack
 .text.tcp_output
                0x10012c10      0x3f4 CMakeFiles/wifiTest.dir/home/robin/pico/pico-sdk/lib/lwip/src/core/tcp_out.c.obj
                0x10012c10                tcp_output
 .text.tcp_rexmit_rto_commit
                0x10013004       0x14 CMakeFiles/wifiTest.dir/home/robin/pico/pico-sdk/lib/lwip/src/core/tcp_out.c.obj
                0x10013004                tcp_rexmit_rto_commit
 .text.tcp_rexmit_rto
                0x10013018       0x90 CMakeFiles/wifiTest.dir/home/robin/pico/pico-sdk/lib/lwip/src/core/tcp_out.c.obj
                0x10013018                tcp_rexmit_rto
 .text.tcp_keepalive
                0x100130a8      0x12c CMakeFiles/wifiTest.dir/home/robin/pico/pico-sdk/lib/lwip/src/core/tcp_out.c.obj
                0x100130a8                tcp_keepalive
 .text.tcp_zero_window_probe
                0x100131d4      0x1f0 CMakeFiles/wifiTest.dir/home/robin/pico/pico-sdk/lib/lwip/src/core/tcp_out.c.obj
                0x100131d4                tcp_zero_window_probe
 .text.tcpip_tcp_timer
                0x100133c4       0x78 CMakeFiles/wifiTest.dir/home/robin/pico/pico-sdk/lib/lwip/src/core/timeouts.c.obj
 .text.lwip_cyclic_timer
                0x1001343c       0xa8 CMakeFiles/wifiTest.dir/home/robin/pico/pico-sdk/lib/lwip/src/core/timeouts.c.obj
 .text.tcp_timer_needed
                0x100134e4       0x7c CMakeFiles/wifiTest.dir/home/robin/pico/pico-sdk/lib/lwip/src/core/timeouts.c.obj
                0x100134e4                tcp_timer_needed
 .text.sys_timeouts_init
                0x10013560       0x80 CMakeFiles/wifiTest.dir/home/robin/pico/pico-sdk/lib/lwip/src/core/timeouts.c.obj
                0x10013560                sys_timeouts_init
 .text.sys_check_timeouts
                0x100135e0       0x68 CMakeFiles/wifiTest.dir/home/robin/pico/pico-sdk/lib/lwip/src/core/timeouts.c.obj
                0x100135e0                sys_check_timeouts
 .text.udp_init
                0x10013648       0x20 CMakeFiles/wifiTest.dir/home/robin/pico/pico-sdk/lib/lwip/src/core/udp.c.obj
                0x10013648                udp_init
 .text.udp_input
                0x10013668      0x21c CMakeFiles/wifiTest.dir/home/robin/pico/pico-sdk/lib/lwip/src/core/udp.c.obj
                0x10013668                udp_input
 .text.udp_sendto
                0x10013884      0x1fc CMakeFiles/wifiTest.dir/home/robin/pico/pico-sdk/lib/lwip/src/core/udp.c.obj
                0x10013884                udp_sendto
 .text.udp_sendto_if
                0x10013a80      0x1c8 CMakeFiles/wifiTest.dir/home/robin/pico/pico-sdk/lib/lwip/src/core/udp.c.obj
                0x10013a80                udp_sendto_if
 .text.udp_sendto_if_src
                0x10013c48      0x1b0 CMakeFiles/wifiTest.dir/home/robin/pico/pico-sdk/lib/lwip/src/core/udp.c.obj
                0x10013c48                udp_sendto_if_src
 .text.udp_bind
                0x10013df8      0x108 CMakeFiles/wifiTest.dir/home/robin/pico/pico-sdk/lib/lwip/src/core/udp.c.obj
                0x10013df8                udp_bind
 .text.udp_connect
                0x10013f00      0x100 CMakeFiles/wifiTest.dir/home/robin/pico/pico-sdk/lib/lwip/src/core/udp.c.obj
                0x10013f00                udp_connect
 .text.udp_recv
                0x10014000        0xc CMakeFiles/wifiTest.dir/home/robin/pico/pico-sdk/lib/lwip/src/core/udp.c.obj
                0x10014000                udp_recv
 .text.udp_remove
                0x1001400c       0x3c CMakeFiles/wifiTest.dir/home/robin/pico/pico-sdk/lib/lwip/src/core/udp.c.obj
                0x1001400c                udp_remove
 .text.udp_new  0x10014048       0x1c CMakeFiles/wifiTest.dir/home/robin/pico/pico-sdk/lib/lwip/src/core/udp.c.obj
                0x10014048                udp_new
 .text.udp_netif_ip_addr_changed
                0x10014064       0x40 CMakeFiles/wifiTest.dir/home/robin/pico/pico-sdk/lib/lwip/src/core/udp.c.obj
                0x10014064                udp_netif_ip_addr_changed
 .text.pico_lwip_rand
                0x100140a4       0x5c CMakeFiles/wifiTest.dir/home/robin/pico/pico-sdk/src/rp2_common/pico_lwip/random.c.obj
                0x100140a4                pico_lwip_rand
 .text.dhcp_create_msg
                0x10014100      0x144 CMakeFiles/wifiTest.dir/home/robin/pico/pico-sdk/lib/lwip/src/core/ipv4/dhcp.c.obj
 .text.unlikely.dhcp_bind
                0x10014244       0xe8 CMakeFiles/wifiTest.dir/home/robin/pico/pico-sdk/lib/lwip/src/core/ipv4/dhcp.c.obj
 .text.unlikely.dhcp_handle_ack.isra.3
                0x1001432c       0xc4 CMakeFiles/wifiTest.dir/home/robin/pico/pico-sdk/lib/lwip/src/core/ipv4/dhcp.c.obj
 .text.dhcp_reboot
                0x100143f0      0x1e4 CMakeFiles/wifiTest.dir/home/robin/pico/pico-sdk/lib/lwip/src/core/ipv4/dhcp.c.obj
 .text.dhcp_discover
                0x100145d4      0x188 CMakeFiles/wifiTest.dir/home/robin/pico/pico-sdk/lib/lwip/src/core/ipv4/dhcp.c.obj
 .text.dhcp_select
                0x1001475c      0x3c4 CMakeFiles/wifiTest.dir/home/robin/pico/pico-sdk/lib/lwip/src/core/ipv4/dhcp.c.obj
 .text.dhcp_recv
                0x10014b20      0x490 CMakeFiles/wifiTest.dir/home/robin/pico/pico-sdk/lib/lwip/src/core/ipv4/dhcp.c.obj
 .text.dhcp_set_struct
                0x10014fb0       0x18 CMakeFiles/wifiTest.dir/home/robin/pico/pico-sdk/lib/lwip/src/core/ipv4/dhcp.c.obj
                0x10014fb0                dhcp_set_struct
 .text.dhcp_network_changed_link_up
                0x10014fc8       0x30 CMakeFiles/wifiTest.dir/home/robin/pico/pico-sdk/lib/lwip/src/core/ipv4/dhcp.c.obj
                0x10014fc8                dhcp_network_changed_link_up
 .text.dhcp_renew
                0x10014ff8      0x364 CMakeFiles/wifiTest.dir/home/robin/pico/pico-sdk/lib/lwip/src/core/ipv4/dhcp.c.obj
                0x10014ff8                dhcp_renew
 .text.dhcp_release_and_stop
                0x1001535c      0x1b4 CMakeFiles/wifiTest.dir/home/robin/pico/pico-sdk/lib/lwip/src/core/ipv4/dhcp.c.obj
                0x1001535c                dhcp_release_and_stop
 .text.dhcp_start
                0x10015510      0x114 CMakeFiles/wifiTest.dir/home/robin/pico/pico-sdk/lib/lwip/src/core/ipv4/dhcp.c.obj
                0x10015510                dhcp_start
 .text.dhcp_coarse_tmr
                0x10015624      0x248 CMakeFiles/wifiTest.dir/home/robin/pico/pico-sdk/lib/lwip/src/core/ipv4/dhcp.c.obj
                0x10015624                dhcp_coarse_tmr
 .text.dhcp_fine_tmr
                0x1001586c       0x78 CMakeFiles/wifiTest.dir/home/robin/pico/pico-sdk/lib/lwip/src/core/ipv4/dhcp.c.obj
                0x1001586c                dhcp_fine_tmr
 .text.dhcp_stop
                0x100158e4      0x1b4 CMakeFiles/wifiTest.dir/home/robin/pico/pico-sdk/lib/lwip/src/core/ipv4/dhcp.c.obj
                0x100158e4                dhcp_stop
 .text.etharp_raw
                0x10015a98       0xc0 CMakeFiles/wifiTest.dir/home/robin/pico/pico-sdk/lib/lwip/src/core/ipv4/etharp.c.obj
 .text.etharp_tmr
                0x10015b58      0x144 CMakeFiles/wifiTest.dir/home/robin/pico/pico-sdk/lib/lwip/src/core/ipv4/etharp.c.obj
                0x10015b58                etharp_tmr
 .text.etharp_cleanup_netif
                0x10015c9c      0x184 CMakeFiles/wifiTest.dir/home/robin/pico/pico-sdk/lib/lwip/src/core/ipv4/etharp.c.obj
                0x10015c9c                etharp_cleanup_netif
 .text.etharp_input
                0x10015e20      0x6ec CMakeFiles/wifiTest.dir/home/robin/pico/pico-sdk/lib/lwip/src/core/ipv4/etharp.c.obj
                0x10015e20                etharp_input
 .text.etharp_query
                0x1001650c      0xab0 CMakeFiles/wifiTest.dir/home/robin/pico/pico-sdk/lib/lwip/src/core/ipv4/etharp.c.obj
                0x1001650c                etharp_query
 .text.etharp_output
                0x10016fbc      0x42c CMakeFiles/wifiTest.dir/home/robin/pico/pico-sdk/lib/lwip/src/core/ipv4/etharp.c.obj
                0x10016fbc                etharp_output
 .text.etharp_request
                0x100173e8       0xc4 CMakeFiles/wifiTest.dir/home/robin/pico/pico-sdk/lib/lwip/src/core/ipv4/etharp.c.obj
                0x100173e8                etharp_request
 .text.icmp_input
                0x100174ac      0x1fc CMakeFiles/wifiTest.dir/home/robin/pico/pico-sdk/lib/lwip/src/core/ipv4/icmp.c.obj
                0x100174ac                icmp_input
 .text.icmp_dest_unreach
                0x100176a8       0xbc CMakeFiles/wifiTest.dir/home/robin/pico/pico-sdk/lib/lwip/src/core/ipv4/icmp.c.obj
                0x100176a8                icmp_dest_unreach
 .text.icmp_time_exceeded
                0x10017764       0xbc CMakeFiles/wifiTest.dir/home/robin/pico/pico-sdk/lib/lwip/src/core/ipv4/icmp.c.obj
                0x10017764                icmp_time_exceeded
 .text.ip_reass_remove_oldest_datagram
                0x10017820      0x188 CMakeFiles/wifiTest.dir/home/robin/pico/pico-sdk/lib/lwip/src/core/ipv4/ip4_frag.c.obj
 .text.ip_reass_tmr
                0x100179a8       0xf4 CMakeFiles/wifiTest.dir/home/robin/pico/pico-sdk/lib/lwip/src/core/ipv4/ip4_frag.c.obj
                0x100179a8                ip_reass_tmr
 .text.ip4_reass
                0x10017a9c      0x528 CMakeFiles/wifiTest.dir/home/robin/pico/pico-sdk/lib/lwip/src/core/ipv4/ip4_frag.c.obj
                0x10017a9c                ip4_reass
 .text.ip4_frag
                0x10017fc4      0x164 CMakeFiles/wifiTest.dir/home/robin/pico/pico-sdk/lib/lwip/src/core/ipv4/ip4_frag.c.obj
                0x10017fc4                ip4_frag
 .text.ip4_route
                0x10018128       0x7c CMakeFiles/wifiTest.dir/home/robin/pico/pico-sdk/lib/lwip/src/core/ipv4/ip4.c.obj
                0x10018128                ip4_route
 .text.ip4_input
                0x100181a4      0x2d8 CMakeFiles/wifiTest.dir/home/robin/pico/pico-sdk/lib/lwip/src/core/ipv4/ip4.c.obj
                0x100181a4                ip4_input
 .text.ip4_output_if
                0x1001847c      0x164 CMakeFiles/wifiTest.dir/home/robin/pico/pico-sdk/lib/lwip/src/core/ipv4/ip4.c.obj
                0x1001847c                ip4_output_if
 .text.ip4_output_if_src
                0x100185e0      0x154 CMakeFiles/wifiTest.dir/home/robin/pico/pico-sdk/lib/lwip/src/core/ipv4/ip4.c.obj
                0x100185e0                ip4_output_if_src
 .text.ip4_addr_isbroadcast_u32
                0x10018734       0x30 CMakeFiles/wifiTest.dir/home/robin/pico/pico-sdk/lib/lwip/src/core/ipv4/ip4_addr.c.obj
                0x10018734                ip4_addr_isbroadcast_u32
 .text.ethernet_input
                0x10018764       0xd0 CMakeFiles/wifiTest.dir/home/robin/pico/pico-sdk/lib/lwip/src/netif/ethernet.c.obj
                0x10018764                ethernet_input
 .text.ethernet_output
                0x10018834       0x58 CMakeFiles/wifiTest.dir/home/robin/pico/pico-sdk/lib/lwip/src/netif/ethernet.c.obj
                0x10018834                ethernet_output
 .text.sys_arch_protect
                0x1001888c        0x4 CMakeFiles/wifiTest.dir/home/robin/pico/pico-sdk/src/rp2_common/pico_lwip/nosys.c.obj
                0x1001888c                sys_arch_protect
 .text.sys_arch_unprotect
                0x10018890        0x4 CMakeFiles/wifiTest.dir/home/robin/pico/pico-sdk/src/rp2_common/pico_lwip/nosys.c.obj
                0x10018890                sys_arch_unprotect
 .text.sys_now  0x10018894       0x20 CMakeFiles/wifiTest.dir/home/robin/pico/pico-sdk/src/rp2_common/pico_lwip/nosys.c.obj
                0x10018894                sys_now
 .text          0x100188b4       0x64 /usr/lib/gcc/arm-none-eabi/7.3.1/../../../arm-none-eabi/lib/thumb/v6-m/libc.a(lib_a-strlen-stub.o)
                0x100188b4                strlen
 .text          0x10018918       0x8c /usr/lib/gcc/arm-none-eabi/7.3.1/../../../arm-none-eabi/lib/thumb/v6-m/libc.a(lib_a-strncmp.o)
                0x10018918                strncmp
 *(.fini)
 .fini          0x100189a4        0x4 /usr/lib/gcc/arm-none-eabi/7.3.1/thumb/v6-m/crti.o
                0x100189a4                _fini
 .fini.__stub   0x100189a8       0xe0 linker stubs
 *crtbegin.o(.ctors)
 *crtbegin?.o(.ctors)
 *(EXCLUDE_FILE(*crtend.o *crtend?.o) .ctors)
 *(SORT_BY_NAME(.ctors.*))
 *(.ctors)
 *crtbegin.o(.dtors)
 *crtbegin?.o(.dtors)
 *(EXCLUDE_FILE(*crtend.o *crtend?.o) .dtors)
 *(SORT_BY_NAME(.dtors.*))
 *(.dtors)
 *(.eh_frame*)
 .eh_frame      0x10018a88        0x0 /usr/lib/gcc/arm-none-eabi/7.3.1/thumb/v6-m/crtbegin.o
                0x10018a88                . = ALIGN (0x4)

.glue_7         0x10018a88        0x0
 .glue_7        0x10018a88        0x0 linker stubs

.glue_7t        0x10018a88        0x0
 .glue_7t       0x10018a88        0x0 linker stubs

.vfp11_veneer   0x10018a88        0x0
 .vfp11_veneer  0x10018a88        0x0 linker stubs

.v4_bx          0x10018a88        0x0
 .v4_bx         0x10018a88        0x0 linker stubs

.iplt           0x10018a88        0x0
 .iplt          0x10018a88        0x0 /usr/lib/gcc/arm-none-eabi/7.3.1/thumb/v6-m/crtbegin.o

.rodata         0x10018a88     0x1208
 *(EXCLUDE_FILE(*libm.a: *libc.a:*lib_a-mem*.o *libgcc.a:) .rodata*)
 .rodata.main.str1.4
                0x10018a88       0x42 CMakeFiles/wifiTest.dir/wifiTest.c.obj
 *fill*         0x10018aca        0x2 
 .rodata.spin_lock_claim_unused.str1.4
                0x10018acc       0x1b CMakeFiles/wifiTest.dir/home/robin/pico/pico-sdk/src/rp2_common/hardware_sync/sync.c.obj
 .rodata.cyw43_write_bytes.str1.4
                0x10018ae7       0x1b CMakeFiles/wifiTest.dir/home/robin/pico/pico-sdk/src/rp2_common/cyw43_driver/cyw43_bus_pio_spi.c.obj
                                  0xd (size before relaxing)
 *fill*         0x10018ae7        0x1 
 .rodata.spi_gap01_sample0_program
                0x10018ae8        0x6 CMakeFiles/wifiTest.dir/home/robin/pico/pico-sdk/src/rp2_common/cyw43_driver/cyw43_bus_pio_spi.c.obj
 *fill*         0x10018aee        0x2 
 .rodata.spi_gap01_sample0_program_instructions
                0x10018af0        0xc CMakeFiles/wifiTest.dir/home/robin/pico/pico-sdk/src/rp2_common/cyw43_driver/cyw43_bus_pio_spi.c.obj
 .rodata        0x10018afc       0x72 CMakeFiles/wifiTest.dir/home/robin/pico/pico-sdk/lib/cyw43-driver/src/cyw43_ll.c.obj
 *fill*         0x10018b6e        0x2 
 .rodata.cyw43_do_ioctl.str1.4
                0x10018b70       0x55 CMakeFiles/wifiTest.dir/home/robin/pico/pico-sdk/lib/cyw43-driver/src/cyw43_ll.c.obj
 *fill*         0x10018bc5        0x3 
 .rodata.cyw43_ll_bus_init.str1.4
                0x10018bc8       0xfe CMakeFiles/wifiTest.dir/home/robin/pico/pico-sdk/lib/cyw43-driver/src/cyw43_ll.c.obj
 *fill*         0x10018cc6        0x2 
 .rodata.cyw43_ll_process_packets.str1.4
                0x10018cc8       0x22 CMakeFiles/wifiTest.dir/home/robin/pico/pico-sdk/lib/cyw43-driver/src/cyw43_ll.c.obj
 *fill*         0x10018cea        0x2 